Component: ARM Compiler 5.06 update 7 (build 960) Tool: armlink [4d3601]

==============================================================================

Section Cross References

    main.o(i.SystemClock_Config) refers to memseta.o(.text) for __aeabi_memclr4
    main.o(i.SystemClock_Config) refers to stm32f4xx_hal_rcc.o(i.HAL_RCC_OscConfig) for HAL_RCC_OscConfig
    main.o(i.SystemClock_Config) refers to stm32f4xx_hal_rcc.o(i.HAL_RCC_ClockConfig) for HAL_RCC_ClockConfig
    main.o(i.main) refers to stm32f4xx_hal.o(i.HAL_Init) for HAL_Init
    main.o(i.main) refers to main.o(i.SystemClock_Config) for SystemClock_Config
    main.o(i.main) refers to gpio.o(i.MX_GPIO_Init) for MX_GPIO_Init
    main.o(i.main) refers to adc.o(i.MX_ADC1_Init) for MX_ADC1_Init
    main.o(i.main) refers to spi.o(i.MX_SPI1_Init) for MX_SPI1_Init
    main.o(i.main) refers to can.o(i.MX_CAN1_Init) for MX_CAN1_Init
    main.o(i.main) refers to tim.o(i.MX_TIM12_Init) for MX_TIM12_Init
    main.o(i.main) refers to gpio.o(i.led_off) for led_off
    main.o(i.main) refers to stm32f4xx_hal_gpio.o(i.HAL_GPIO_WritePin) for HAL_GPIO_WritePin
    main.o(i.main) refers to oled.o(i.oled_init) for oled_init
    main.o(i.main) refers to button_ad.o(i.ButtonAD_Init) for ButtonAD_Init
    main.o(i.main) refers to bsp_can.o(i.can_user_init) for can_user_init
    main.o(i.main) refers to gm6020.o(i.GM6020_Init) for GM6020_Init
    main.o(i.main) refers to htmotor.o(i.HTMotor_Init) for HTMotor_Init
    main.o(i.main) refers to buzzer.o(i.Buzzer_Init) for Buzzer_Init
    main.o(i.main) refers to oled.o(i.oled_LOGO) for oled_LOGO
    main.o(i.main) refers to main.o(i.oled_set_contrast) for oled_set_contrast
    main.o(i.main) refers to stm32f4xx_hal.o(i.HAL_Delay) for HAL_Delay
    main.o(i.main) refers to memseta.o(.text) for __aeabi_memclr4
    main.o(i.main) refers to ui.o(i.UI_Init) for UI_Init
    main.o(i.main) refers to ui.o(i.UI_RequestRedraw) for UI_RequestRedraw
    main.o(i.main) refers to stm32f4xx_hal.o(i.HAL_GetTick) for HAL_GetTick
    main.o(i.main) refers to stm32f4xx_hal_gpio.o(i.HAL_GPIO_ReadPin) for HAL_GPIO_ReadPin
    main.o(i.main) refers to button_ad.o(i.ButtonAD_ReadKey) for ButtonAD_ReadKey
    main.o(i.main) refers to gm6020.o(i.GM6020_Task) for GM6020_Task
    main.o(i.main) refers to htmotor.o(i.HTMotor_Task) for HTMotor_Task
    main.o(i.main) refers to ui.o(i.UI_Task) for UI_Task
    main.o(i.main) refers to stm32f4xx_hal_gpio.o(i.HAL_GPIO_TogglePin) for HAL_GPIO_TogglePin
    main.o(i.main) refers to can.o(.bss) for hcan1
    main.o(i.main) refers to main.o(i.motor_start) for motor_start
    main.o(i.main) refers to main.o(i.motor_set_speed) for motor_set_speed
    main.o(i.main) refers to main.o(i.motor_start_pos) for motor_start_pos
    main.o(i.main) refers to main.o(i.motor_set_pos) for motor_set_pos
    main.o(i.main) refers to main.o(i.motor_stop) for motor_stop
    main.o(i.main) refers to main.o(.data) for .data
    main.o(i.motor_set_pos) refers to htmotor.o(i.HTMotor_UISetPos) for HTMotor_UISetPos
    main.o(i.motor_set_pos) refers to gm6020.o(i.GM6020_UISetPos) for GM6020_UISetPos
    main.o(i.motor_set_speed) refers to htmotor.o(i.HTMotor_UISetSpeed) for HTMotor_UISetSpeed
    main.o(i.motor_set_speed) refers to gm6020.o(i.GM6020_UISetSpeed) for GM6020_UISetSpeed
    main.o(i.motor_start) refers to htmotor.o(i.HTMotor_UIStart) for HTMotor_UIStart
    main.o(i.motor_start) refers to gm6020.o(i.GM6020_UIStart) for GM6020_UIStart
    main.o(i.motor_start_pos) refers to htmotor.o(i.HTMotor_UIStartPos) for HTMotor_UIStartPos
    main.o(i.motor_start_pos) refers to gm6020.o(i.GM6020_UIStartPos) for GM6020_UIStartPos
    main.o(i.motor_stop) refers to htmotor.o(i.HTMotor_UIStop) for HTMotor_UIStop
    main.o(i.motor_stop) refers to gm6020.o(i.GM6020_UIStop) for GM6020_UIStop
    main.o(i.oled_set_contrast) refers to oled.o(i.oled_write_byte) for oled_write_byte
    gpio.o(i.MX_GPIO_Init) refers to memseta.o(.text) for __aeabi_memclr4
    gpio.o(i.MX_GPIO_Init) refers to stm32f4xx_hal_gpio.o(i.HAL_GPIO_WritePin) for HAL_GPIO_WritePin
    gpio.o(i.MX_GPIO_Init) refers to stm32f4xx_hal_gpio.o(i.HAL_GPIO_Init) for HAL_GPIO_Init
    gpio.o(i.led_off) refers to stm32f4xx_hal_gpio.o(i.HAL_GPIO_WritePin) for HAL_GPIO_WritePin
    adc.o(i.HAL_ADC_MspDeInit) refers to stm32f4xx_hal_gpio.o(i.HAL_GPIO_DeInit) for HAL_GPIO_DeInit
    adc.o(i.HAL_ADC_MspInit) refers to memseta.o(.text) for __aeabi_memclr4
    adc.o(i.HAL_ADC_MspInit) refers to stm32f4xx_hal_gpio.o(i.HAL_GPIO_Init) for HAL_GPIO_Init
    adc.o(i.MX_ADC1_Init) refers to stm32f4xx_hal_adc.o(i.HAL_ADC_Init) for HAL_ADC_Init
    adc.o(i.MX_ADC1_Init) refers to main.o(i.Error_Handler) for Error_Handler
    adc.o(i.MX_ADC1_Init) refers to stm32f4xx_hal_adc.o(i.HAL_ADC_ConfigChannel) for HAL_ADC_ConfigChannel
    adc.o(i.MX_ADC1_Init) refers to adc.o(.bss) for .bss
    can.o(i.HAL_CAN_MspDeInit) refers to stm32f4xx_hal_gpio.o(i.HAL_GPIO_DeInit) for HAL_GPIO_DeInit
[...]
    i.HAL_NVIC_SetPriorityGrouping           0x08001f7c   Section        0  stm32f4xx_hal_cortex.o(i.HAL_NVIC_SetPriorityGrouping)
    i.HAL_RCC_ClockConfig                    0x08001fa0   Section        0  stm32f4xx_hal_rcc.o(i.HAL_RCC_ClockConfig)
    i.HAL_RCC_GetHCLKFreq                    0x0800211c   Section        0  stm32f4xx_hal_rcc.o(i.HAL_RCC_GetHCLKFreq)
    i.HAL_RCC_GetPCLK1Freq                   0x08002128   Section        0  stm32f4xx_hal_rcc.o(i.HAL_RCC_GetPCLK1Freq)
    i.HAL_RCC_GetSysClockFreq                0x08002148   Section        0  stm32f4xx_hal_rcc.o(i.HAL_RCC_GetSysClockFreq)
    i.HAL_RCC_OscConfig                      0x080021b8   Section        0  stm32f4xx_hal_rcc.o(i.HAL_RCC_OscConfig)
    i.HAL_SPI_Init                           0x0800263a   Section        0  stm32f4xx_hal_spi.o(i.HAL_SPI_Init)
    i.HAL_SPI_MspInit                        0x080026f8   Section        0  spi.o(i.HAL_SPI_MspInit)
    i.HAL_SPI_Transmit                       0x08002788   Section        0  stm32f4xx_hal_spi.o(i.HAL_SPI_Transmit)
    i.HAL_SYSTICK_Config                     0x08002938   Section        0  stm32f4xx_hal_cortex.o(i.HAL_SYSTICK_Config)
    i.HAL_TIM_MspPostInit                    0x08002960   Section        0  tim.o(i.HAL_TIM_MspPostInit)
    i.HAL_TIM_PWM_ConfigChannel              0x080029b4   Section        0  stm32f4xx_hal_tim.o(i.HAL_TIM_PWM_ConfigChannel)
    i.HAL_TIM_PWM_Init                       0x08002a8c   Section        0  stm32f4xx_hal_tim.o(i.HAL_TIM_PWM_Init)
    i.HAL_TIM_PWM_MspInit                    0x08002ae8   Section        0  tim.o(i.HAL_TIM_PWM_MspInit)
    i.HAL_TIM_PWM_Start                      0x08002b10   Section        0  stm32f4xx_hal_tim.o(i.HAL_TIM_PWM_Start)
    i.HTMotor_GetFeedback                    0x08002bec   Section        0  htmotor.o(i.HTMotor_GetFeedback)
    i.HTMotor_Init                           0x08002bfc   Section        0  htmotor.o(i.HTMotor_Init)
    i.HTMotor_OnCanRx                        0x08002c48   Section        0  htmotor.o(i.HTMotor_OnCanRx)
    i.HTMotor_Task                           0x08002ca4   Section        0  htmotor.o(i.HTMotor_Task)
    i.HTMotor_UISetPos                       0x08002d4c   Section        0  htmotor.o(i.HTMotor_UISetPos)
    i.HTMotor_UISetSpeed                     0x08002d98   Section        0  htmotor.o(i.HTMotor_UISetSpeed)
    i.HTMotor_UIStart                        0x08002e54   Section        0  htmotor.o(i.HTMotor_UIStart)
    i.HTMotor_UIStartPos                     0x08002f20   Section        0  htmotor.o(i.HTMotor_UIStartPos)
    i.HTMotor_UIStop                         0x08002ff0   Section        0  htmotor.o(i.HTMotor_UIStop)
    i.HT_OutputDegToMotorRad                 0x08003028   Section        0  htmotor.o(i.HT_OutputDegToMotorRad)
    HT_OutputDegToMotorRad                   0x08003029   Thumb Code    26  htmotor.o(i.HT_OutputDegToMotorRad)
    i.HT_OutputRpmToMotorRadPerSec           0x0800304c   Section        0  htmotor.o(i.HT_OutputRpmToMotorRadPerSec)
    HT_OutputRpmToMotorRadPerSec             0x0800304d   Thumb Code    18  htmotor.o(i.HT_OutputRpmToMotorRadPerSec)
    i.HT_SlewStep                            0x08003064   Section        0  htmotor.o(i.HT_SlewStep)
    HT_SlewStep                              0x08003065   Thumb Code    38  htmotor.o(i.HT_SlewStep)
    i.HardFault_Handler                      0x0800308a   Section        0  stm32f4xx_it.o(i.HardFault_Handler)
    i.MX_ADC1_Init                           0x0800308c   Section        0  adc.o(i.MX_ADC1_Init)
    i.MX_CAN1_Init                           0x080030f0   Section        0  can.o(i.MX_CAN1_Init)
    i.MX_GPIO_Init                           0x08003138   Section        0  gpio.o(i.MX_GPIO_Init)
    i.MX_SPI1_Init                           0x0800325c   Section        0  spi.o(i.MX_SPI1_Init)
    i.MX_TIM12_Init                          0x080032a4   Section        0  tim.o(i.MX_TIM12_Init)
    i.MemManage_Handler                      0x08003300   Section        0  stm32f4xx_it.o(i.MemManage_Handler)
    i.NMI_Handler                            0x08003302   Section        0  stm32f4xx_it.o(i.NMI_Handler)
    i.PendSV_Handler                         0x08003304   Section        0  stm32f4xx_it.o(i.PendSV_Handler)
    i.SPI_EndRxTxTransaction                 0x08003308   Section        0  stm32f4xx_hal_spi.o(i.SPI_EndRxTxTransaction)
    SPI_EndRxTxTransaction                   0x08003309   Thumb Code   122  stm32f4xx_hal_spi.o(i.SPI_EndRxTxTransaction)
    i.SPI_WaitFlagStateUntilTimeout          0x0800338c   Section        0  stm32f4xx_hal_spi.o(i.SPI_WaitFlagStateUntilTimeout)
    SPI_WaitFlagStateUntilTimeout            0x0800338d   Thumb Code   210  stm32f4xx_hal_spi.o(i.SPI_WaitFlagStateUntilTimeout)
    i.SVC_Handler                            0x08003464   Section        0  stm32f4xx_it.o(i.SVC_Handler)
    i.SysTick_Handler                        0x08003466   Section        0  stm32f4xx_it.o(i.SysTick_Handler)
    i.SystemClock_Config                     0x0800346c   Section        0  main.o(i.SystemClock_Config)
    i.SystemInit                             0x080034fc   Section        0  system_stm32f4xx.o(i.SystemInit)
    i.TIM_Base_SetConfig                     0x08003554   Section        0  stm32f4xx_hal_tim.o(i.TIM_Base_SetConfig)
    i.TIM_CCxChannelCmd                      0x08003628   Section        0  stm32f4xx_hal_tim.o(i.TIM_CCxChannelCmd)
    i.TIM_OC1_SetConfig                      0x08003648   Section        0  stm32f4xx_hal_tim.o(i.TIM_OC1_SetConfig)
    TIM_OC1_SetConfig                        0x08003649   Thumb Code   104  stm32f4xx_hal_tim.o(i.TIM_OC1_SetConfig)
    i.TIM_OC2_SetConfig                      0x080036b8   Section        0  stm32f4xx_hal_tim.o(i.TIM_OC2_SetConfig)
    i.TIM_OC3_SetConfig                      0x08003730   Section        0  stm32f4xx_hal_tim.o(i.TIM_OC3_SetConfig)
    TIM_OC3_SetConfig                        0x08003731   Thumb Code   112  stm32f4xx_hal_tim.o(i.TIM_OC3_SetConfig)
    i.TIM_OC4_SetConfig                      0x080037a8   Section        0  stm32f4xx_hal_tim.o(i.TIM_OC4_SetConfig)
    TIM_OC4_SetConfig                        0x080037a9   Thumb Code    88  stm32f4xx_hal_tim.o(i.TIM_OC4_SetConfig)
    i.UI_GetMotorGearRatio                   0x08003800   Section        0  ui.o(i.UI_GetMotorGearRatio)
    UI_GetMotorGearRatio                     0x08003801   Thumb Code     6  ui.o(i.UI_GetMotorGearRatio)
    i.UI_HTRawPosToDeg                       0x08003808   Section        0  ui.o(i.UI_HTRawPosToDeg)
    UI_HTRawPosToDeg                         0x08003809   Thumb Code    34  ui.o(i.UI_HTRawPosToDeg)
    i.UI_HTRawSpeedToRad                     0x0800383c   Section        0  ui.o(i.UI_HTRawSpeedToRad)
    UI_HTRawSpeedToRad                       0x0800383d   Thumb Code    26  ui.o(i.UI_HTRawSpeedToRad)
    i.UI_Init                                0x08003864   Section        0  ui.o(i.UI_Init)
    i.UI_MotorIdToFeedbackIndex              0x08003872   Section        0  ui.o(i.UI_MotorIdToFeedbackIndex)
    UI_MotorIdToFeedbackIndex                0x08003873   Thumb Code    28  ui.o(i.UI_MotorIdToFeedbackIndex)
    i.UI_RadPerSecToRpm                      0x08003890   Section        0  ui.o(i.UI_RadPerSecToRpm)
    UI_RadPerSecToRpm                        0x08003891   Thumb Code    10  ui.o(i.UI_RadPerSecToRpm)
    i.UI_Render                              0x080038a0   Section        0  ui.o(i.UI_Render)
    UI_Render                                0x080038a1   Thumb Code   154  ui.o(i.UI_Render)
    i.UI_RenderPosPage                       0x08003950   Section        0  ui.o(i.UI_RenderPosPage)
    UI_RenderPosPage                         0x08003951   Thumb Code   422  ui.o(i.UI_RenderPosPage)
    i.UI_RenderSpeedPage                     0x08003b7c   Section        0  ui.o(i.UI_RenderSpeedPage)
    UI_RenderSpeedPage                       0x08003b7d   Thumb Code   418  ui.o(i.UI_RenderSpeedPage)
    i.UI_RequestRedraw                       0x08003dc0   Section        0  ui.o(i.UI_RequestRedraw)
    i.UI_Task                                0x08003dc4   Section        0  ui.o(i.UI_Task)
    i.UI_TestClampPos                        0x08003df4   Section        0  ui_test.o(i.UI_TestClampPos)
    UI_TestClampPos                          0x08003df5   Thumb Code    28  ui_test.o(i.UI_TestClampPos)
    i.UI_TestClampSpeed                      0x08003e14   Section        0  ui_test.o(i.UI_TestClampSpeed)
    UI_TestClampSpeed                        0x08003e15   Thumb Code    22  ui_test.o(i.UI_TestClampSpeed)
    i.UI_TestConsumeRedraw                   0x08003e34   Section        0  ui_test.o(i.UI_TestConsumeRedraw)
    i.UI_TestEnterNode                       0x08003e44   Section        0  ui_test.o(i.UI_TestEnterNode)
    UI_TestEnterNode                         0x08003e45   Thumb Code   104  ui_test.o(i.UI_TestEnterNode)
    i.UI_TestGetMenuLine                     0x08003eb4   Section        0  ui_test.o(i.UI_TestGetMenuLine)
    i.UI_TestGetMotorName                    0x08003f20   Section        0  ui_test.o(i.UI_TestGetMotorName)
    UI_TestGetMotorName                      0x08003f21   Thumb Code    38  ui_test.o(i.UI_TestGetMotorName)
    i.UI_TestGetPlaceholderTitle             0x08003f84   Section        0  ui_test.o(i.UI_TestGetPlaceholderTitle)
    i.UI_TestGetPosMotorId                   0x08003f9c   Section        0  ui_test.o(i.UI_TestGetPosMotorId)
    i.UI_TestGetPosMotorName                 0x08003fa8   Section        0  ui_test.o(i.UI_TestGetPosMotorName)
    i.UI_TestGetPosRunning                   0x08003fb4   Section        0  ui_test.o(i.UI_TestGetPosRunning)
    i.UI_TestGetPosTargetDeg                 0x08003fc0   Section        0  ui_test.o(i.UI_TestGetPosTargetDeg)
    i.UI_TestGetSpeedMotorId                 0x08003fcc   Section        0  ui_test.o(i.UI_TestGetSpeedMotorId)
    i.UI_TestGetSpeedMotorName               0x08003fd8   Section        0  ui_test.o(i.UI_TestGetSpeedMotorName)
    i.UI_TestGetSpeedRunning                 0x08003fe4   Section        0  ui_test.o(i.UI_TestGetSpeedRunning)
    i.UI_TestGetSpeedTarget                  0x08003ff0   Section        0  ui_test.o(i.UI_TestGetSpeedTarget)
    i.UI_TestGetView                         0x08003ffc   Section        0  ui_test.o(i.UI_TestGetView)
    i.UI_TestInit                            0x08004024   Section        0  ui_test.o(i.UI_TestInit)
    i.UI_TestLeaveCurrent                    0x08004078   Section        0  ui_test.o(i.UI_TestLeaveCurrent)
    UI_TestLeaveCurrent                      0x08004079   Thumb Code    82  ui_test.o(i.UI_TestLeaveCurrent)
    i.UI_TestPollEvent                       0x080040d4   Section        0  ui_test.o(i.UI_TestPollEvent)
    UI_TestPollEvent                         0x080040d5   Thumb Code   106  ui_test.o(i.UI_TestPollEvent)
    i.UI_TestRequestRedraw                   0x08004144   Section        0  ui_test.o(i.UI_TestRequestRedraw)
    i.UI_TestTask                            0x08004150   Section        0  ui_test.o(i.UI_TestTask)
    i.UsageFault_Handler                     0x08004268   Section        0  stm32f4xx_it.o(i.UsageFault_Handler)
    i.__0snprintf                            0x0800426c   Section        0  printfa.o(i.__0snprintf)
    i.__scatterload_copy                     0x080042a0   Section       14  handlers.o(i.__scatterload_copy)
    i.__scatterload_null                     0x080042ae   Section        2  handlers.o(i.__scatterload_null)
    i.__scatterload_zeroinit                 0x080042b0   Section       14  handlers.o(i.__scatterload_zeroinit)
    i._fp_digits                             0x080042c0   Section        0  printfa.o(i._fp_digits)
    _fp_digits                               0x080042c1   Thumb Code   366  printfa.o(i._fp_digits)
    i._printf_core                           0x08004444   Section        0  printfa.o(i._printf_core)
    _printf_core                             0x08004445   Thumb Code  1704  printfa.o(i._printf_core)
    i._printf_post_padding                   0x08004af8   Section        0  printfa.o(i._printf_post_padding)
    _printf_post_padding                     0x08004af9   Thumb Code    36  printfa.o(i._printf_post_padding)
    i._printf_pre_padding                    0x08004b1c   Section        0  printfa.o(i._printf_pre_padding)
    _printf_pre_padding                      0x08004b1d   Thumb Code    46  printfa.o(i._printf_pre_padding)
    i._snputc                                0x08004b4a   Section        0  printfa.o(i._snputc)
    _snputc                                  0x08004b4b   Thumb Code    22  printfa.o(i._snputc)
    i.can_user_init                          0x08004b60   Section        0  bsp_can.o(i.can_user_init)
    i.clampf                                 0x08004b9a   Section        0  htmotor.o(i.clampf)
    clampf                                   0x08004b9b   Thumb Code    32  htmotor.o(i.clampf)
    i.float_to_uint                          0x08004bba   Section        0  htmotor.o(i.float_to_uint)
    float_to_uint                            0x08004bbb   Thumb Code    66  htmotor.o(i.float_to_uint)
    i.ht_send_cmd                            0x08004bfc   Section        0  htmotor.o(i.ht_send_cmd)
    ht_send_cmd                              0x08004bfd   Thumb Code   190  htmotor.o(i.ht_send_cmd)
    i.ht_send_raw                            0x08004cd4   Section        0  htmotor.o(i.ht_send_raw)
    ht_send_raw                              0x08004cd5   Thumb Code    46  htmotor.o(i.ht_send_raw)
    i.ht_send_special                        0x08004d08   Section        0  htmotor.o(i.ht_send_special)
    ht_send_special                          0x08004d09   Thumb Code    26  htmotor.o(i.ht_send_special)
    i.led_off                                0x08004d2c   Section        0  gpio.o(i.led_off)
    i.main                                   0x08004d50   Section        0  main.o(i.main)
    i.motor_set_pos                          0x08004e70   Section        0  main.o(i.motor_set_pos)
    motor_set_pos                            0x08004e71   Thumb Code    16  main.o(i.motor_set_pos)
    i.motor_set_speed                        0x08004e80   Section        0  main.o(i.motor_set_speed)
    motor_set_speed                          0x08004e81   Thumb Code    16  main.o(i.motor_set_speed)
    i.motor_start                            0x08004e90   Section        0  main.o(i.motor_start)
    motor_start                              0x08004e91   Thumb Code    16  main.o(i.motor_start)
    i.motor_start_pos                        0x08004ea0   Section        0  main.o(i.motor_start_pos)
    motor_start_pos                          0x08004ea1   Thumb Code    16  main.o(i.motor_start_pos)
    i.motor_stop                             0x08004eb0   Section        0  main.o(i.motor_stop)
    motor_stop                               0x08004eb1   Thumb Code    16  main.o(i.motor_stop)
    i.oled_LOGO                              0x08004ec0   Section        0  oled.o(i.oled_LOGO)
    i.oled_clear                             0x08004f20   Section        0  oled.o(i.oled_clear)
    i.oled_drawpoint                         0x08004f60   Section        0  oled.o(i.oled_drawpoint)
    i.oled_init                              0x08004fa8   Section        0  oled.o(i.oled_init)
    i.oled_refresh_gram                      0x080050cc   Section        0  oled.o(i.oled_refresh_gram)
    i.oled_set_contrast                      0x08005100   Section        0  main.o(i.oled_set_contrast)
    oled_set_contrast                        0x08005101   Thumb Code    24  main.o(i.oled_set_contrast)
    i.oled_set_pos                           0x08005118   Section        0  oled.o(i.oled_set_pos)
    oled_set_pos                             0x08005119   Thumb Code    42  oled.o(i.oled_set_pos)
    i.oled_showchar                          0x08005144   Section        0  oled.o(i.oled_showchar)
    i.oled_showstring                        0x080051bc   Section        0  oled.o(i.oled_showstring)
    i.oled_write_byte                        0x080051ec   Section        0  oled.o(i.oled_write_byte)
    i.pid_calc                               0x08005218   Section        0  pid.o(i.pid_calc)
    i.pid_init                               0x080052be   Section        0  pid.o(i.pid_init)
    i.set_motor_voltage                      0x080052c4   Section        0  bsp_can.o(i.set_motor_voltage)
    .constdata                               0x08005320   Section     2164  oled.o(.constdata)
    .constdata                               0x08005b94   Section       16  system_stm32f4xx.o(.constdata)
    .constdata                               0x08005ba4   Section        8  system_stm32f4xx.o(.constdata)
    .constdata                               0x08005bac   Section       32  ui_test.o(.constdata)
    g_motor_param_nodes                      0x08005bac   Data          32  ui_test.o(.constdata)
    .constdata                               0x08005bcc   Section       80  ui_test.o(.constdata)
    g_motor_nodes                            0x08005bcc   Data          80  ui_test.o(.constdata)
    .constdata                               0x08005c1c   Section       80  ui_test.o(.constdata)
    g_root_nodes                             0x08005c1c   Data          80  ui_test.o(.constdata)
    .constdata                               0x08005c6c   Section       16  ui_test.o(.constdata)
    g_root_menu                              0x08005c6c   Data          16  ui_test.o(.constdata)
    .constdata                               0x08005c7c   Section    245760  bad_apple_frames.o(.constdata)
    .constdata                               0x08041c7c   Section      120  buzzer.o(.constdata)
    g_tune                                   0x08041c7c   Data         120  buzzer.o(.constdata)
    .conststring                             0x08041cf4   Section       12  ui_test.o(.conststring)
    .conststring                             0x08041d00   Section       49  ui_test.o(.conststring)
    .conststring                             0x08041d34   Section       58  ui_test.o(.conststring)
    .conststring                             0x08041d70   Section        5  ui_test.o(.conststring)
    .data                                    0x20000000   Section        4  main.o(.data)
    led_last_tick                            0x20000000   Data           4  main.o(.data)
    .data                                    0x20000004   Section        8  button_ad.o(.data)
    button_last_raw                          0x20000004   Data           1  button_ad.o(.data)
    button_stable                            0x20000005   Data           1  button_ad.o(.data)
    button_same_count                        0x20000006   Data           1  button_ad.o(.data)
    button_release_count                     0x20000007   Data           1  button_ad.o(.data)
    button_armed                             0x20000008   Data           1  button_ad.o(.data)
    readkey_last_raw                         0x20000009   Data           1  button_ad.o(.data)
    readkey_stable                           0x2000000a   Data           1  button_ad.o(.data)
    readkey_same_count                       0x2000000b   Data           1  button_ad.o(.data)
    .data                                    0x2000000c   Section        2  bsp_can.o(.data)
    .data                                    0x20000010   Section        4  system_stm32f4xx.o(.data)
    .data                                    0x20000014   Section       24  gm6020.o(.data)
    g_gm6020_running                         0x20000014   Data           1  gm6020.o(.data)
    g_gm6020_pos_mode                        0x20000015   Data           1  gm6020.o(.data)
    g_key_inited                             0x20000016   Data           1  gm6020.o(.data)
    g_key_last_sample                        0x20000017   Data           1  gm6020.o(.data)
    g_key_stable                             0x20000018   Data           1  gm6020.o(.data)
    g_has_feedback                           0x20000019   Data           1  gm6020.o(.data)
    g_gm6020_target_speed                    0x2000001a   Data           2  gm6020.o(.data)
    g_gm6020_target_pos_raw                  0x2000001c   Data           2  gm6020.o(.data)
    g_last_can_cnt                           0x2000001e   Data           2  gm6020.o(.data)
    g_key_change_tick                        0x20000020   Data           4  gm6020.o(.data)
    g_key_led_off_tick                       0x20000024   Data           4  gm6020.o(.data)
    g_control_last_tick                      0x20000028   Data           4  gm6020.o(.data)
    .data                                    0x2000002c   Section       32  ui_test.o(.data)
    g_depth                                  0x2000002c   Data           1  ui_test.o(.data)
    g_need_redraw                            0x2000002d   Data           1  ui_test.o(.data)
    g_center_pressed                         0x2000002e   Data           1  ui_test.o(.data)
    g_center_long_sent                       0x2000002f   Data           1  ui_test.o(.data)
    g_last_key                               0x20000030   Data           1  ui_test.o(.data)
    g_in_speed_page                          0x20000031   Data           1  ui_test.o(.data)
    g_in_pos_page                            0x20000032   Data           1  ui_test.o(.data)
    g_in_oled_test_page                      0x20000033   Data           1  ui_test.o(.data)
    g_speed_motor                            0x20000034   Data           1  ui_test.o(.data)
    g_speed_running                          0x20000035   Data           1  ui_test.o(.data)
    g_pos_motor                              0x20000036   Data           1  ui_test.o(.data)
    g_pos_running                            0x20000037   Data           1  ui_test.o(.data)
    g_speed_target                           0x20000038   Data           2  ui_test.o(.data)
    g_pos_target_deg                         0x2000003a   Data           2  ui_test.o(.data)
    g_select_stack                           0x2000003c   Data           4  ui_test.o(.data)
    g_center_press_start_ms                  0x20000040   Data           4  ui_test.o(.data)
    g_page_node                              0x20000044   Data           4  ui_test.o(.data)
    g_live_refresh_last_ms                   0x20000048   Data           4  ui_test.o(.data)
    .data                                    0x2000004c   Section        8  bad_apple.o(.data)
    g_frame_idx                              0x2000004c   Data           1  bad_apple.o(.data)
    g_last_frame_ms                          0x20000050   Data           4  bad_apple.o(.data)
    .data                                    0x20000054   Section       12  buzzer.o(.data)
    g_pwm_started                            0x20000054   Data           1  buzzer.o(.data)
    g_playing                                0x20000055   Data           1  buzzer.o(.data)
    g_note_idx                               0x20000056   Data           2  buzzer.o(.data)
    g_note_deadline_ms                       0x20000058   Data           4  buzzer.o(.data)
    g_tim_cnt_hz                             0x2000005c   Data           4  buzzer.o(.data)
    .data                                    0x20000060   Section       44  htmotor.o(.data)
    g_enabled                                0x20000060   Data           1  htmotor.o(.data)
    g_target_pos                             0x20000064   Data           4  htmotor.o(.data)
    g_target_vel                             0x20000068   Data           4  htmotor.o(.data)
    g_target_tff                             0x2000006c   Data           4  htmotor.o(.data)
    g_cmd_pos                                0x20000070   Data           4  htmotor.o(.data)
    g_cmd_vel                                0x20000074   Data           4  htmotor.o(.data)
    g_cmd_tff                                0x20000078   Data           4  htmotor.o(.data)
    g_kp                                     0x2000007c   Data           4  htmotor.o(.data)
    g_kd                                     0x20000080   Data           4  htmotor.o(.data)
    g_last_tx_ms                             0x20000084   Data           4  htmotor.o(.data)
    g_soft_start_until_ms                    0x20000088   Data           4  htmotor.o(.data)
    .data                                    0x2000008c   Section       12  stm32f4xx_hal.o(.data)
    .bss                                     0x20000098   Section       72  adc.o(.bss)
    .bss                                     0x200000e0   Section       40  can.o(.bss)
    .bss                                     0x20000108   Section       88  spi.o(.bss)
    .bss                                     0x20000160   Section       72  tim.o(.bss)
    .bss                                     0x200001a8   Section     1024  oled.o(.bss)
    OLED_GRAM                                0x200001a8   Data        1024  oled.o(.bss)
    .bss                                     0x200005a8   Section       84  bsp_can.o(.bss)
    .bss                                     0x200005fc   Section      104  gm6020.o(.bss)
    g_gm6020_pid                             0x200005fc   Data          52  gm6020.o(.bss)
    g_gm6020_pos_pid                         0x20000630   Data          52  gm6020.o(.bss)
    .bss                                     0x20000664   Section       36  ui_test.o(.bss)
    g_cb                                     0x20000664   Data          20  ui_test.o(.bss)
    g_menu_stack                             0x20000678   Data          16  ui_test.o(.bss)
    .bss                                     0x20000688   Section       12  htmotor.o(.bss)
    g_fb                                     0x20000688   Data          12  htmotor.o(.bss)
    STACK                                    0x20000698   Section     1024  startup_stm32f427xx.o(STACK)

    Global Symbols

    Symbol Name                              Value     Ov Type        Size  Object(Section)

    BuildAttributes$$THM_ISAv4$E$P$D$K$B$S$7EM$VFPi3$EXTD16$VFPS$VFMA$PE$A:L22UL41UL21$X:L11$S22US41US21$IEEE1$IW$USESV6$~STKCKD$USESV7$~SHL$OTIME$ROPI$EBA8$MICROLIB$REQ8$PRES8$EABIv2 0x00000000   Number         0  anon$$obj.o ABSOLUTE
    __ARM_use_no_argv                        0x00000000   Number         0  main.o ABSOLUTE
    _printf_a                                0x00000000   Number         0  stubs.o ABSOLUTE
    _printf_c                                0x00000000   Number         0  stubs.o ABSOLUTE
    _printf_charcount                        0x00000000   Number         0  stubs.o ABSOLUTE
    _printf_d                                0x00000000   Number         0  stubs.o ABSOLUTE
    _printf_e                                0x00000000   Number         0  stubs.o ABSOLUTE
    _printf_f                                0x00000000   Number         0  stubs.o ABSOLUTE
    _printf_flags                            0x00000000   Number         0  stubs.o ABSOLUTE
    _printf_fp_dec                           0x00000000   Number         0  stubs.o ABSOLUTE
    _printf_fp_hex                           0x00000000   Number         0  stubs.o ABSOLUTE
    _printf_g                                0x00000000   Number         0  stubs.o ABSOLUTE
    _printf_i                                0x00000000   Number         0  stubs.o ABSOLUTE
    _printf_int_dec                          0x00000000   Number         0  stubs.o ABSOLUTE
    _printf_l                                0x00000000   Number         0  stubs.o ABSOLUTE
    _printf_lc                               0x00000000   Number         0  stubs.o ABSOLUTE
    _printf_ll                               0x00000000   Number         0  stubs.o ABSOLUTE
    _printf_lld                              0x00000000   Number         0  stubs.o ABSOLUTE
    _printf_lli                              0x00000000   Number         0  stubs.o ABSOLUTE
    _printf_llo                              0x00000000   Number         0  stubs.o ABSOLUTE
    _printf_llu                              0x00000000   Number         0  stubs.o ABSOLUTE
    _printf_llx                              0x00000000   Number         0  stubs.o ABSOLUTE
    _printf_longlong_dec                     0x00000000   Number         0  stubs.o ABSOLUTE
    _printf_longlong_hex                     0x00000000   Number         0  stubs.o ABSOLUTE
    _printf_longlong_oct                     0x00000000   Number         0  stubs.o ABSOLUTE
    _printf_ls                               0x00000000   Number         0  stubs.o ABSOLUTE
    _printf_mbtowc                           0x00000000   Number         0  stubs.o ABSOLUTE
    _printf_n                                0x00000000   Number         0  stubs.o ABSOLUTE
    _printf_o                                0x00000000   Number         0  stubs.o ABSOLUTE
    _printf_p                                0x00000000   Number         0  stubs.o ABSOLUTE
    _printf_percent                          0x00000000   Number         0  stubs.o ABSOLUTE
    _printf_pre_padding                      0x00000000   Number         0  stubs.o ABSOLUTE
    _printf_return_value                     0x00000000   Number         0  stubs.o ABSOLUTE
    _printf_s                                0x00000000   Number         0  stubs.o ABSOLUTE
    _printf_sizespec                         0x00000000   Number         0  stubs.o ABSOLUTE
    _printf_str                              0x00000000   Number         0  stubs.o ABSOLUTE
    _printf_truncate_signed                  0x00000000   Number         0  stubs.o ABSOLUTE
    _printf_truncate_unsigned                0x00000000   Number         0  stubs.o ABSOLUTE
    _printf_u                                0x00000000   Number         0  stubs.o ABSOLUTE
    _printf_wc                               0x00000000   Number         0  stubs.o ABSOLUTE
    _printf_wctomb                           0x00000000   Number         0  stubs.o ABSOLUTE
    _printf_widthprec                        0x00000000   Number         0  stubs.o ABSOLUTE
    _printf_x                                0x00000000   Number         0  stubs.o ABSOLUTE
    __arm_fini_                               - Undefined Weak Reference
    __cpp_initialize__aeabi_                  - Undefined Weak Reference
    __cxa_finalize                            - Undefined Weak Reference
    __decompress                              - Undefined Weak Reference
    _clock_init                               - Undefined Weak Reference
    _microlib_exit                            - Undefined Weak Reference
    __Vectors_Size                           0x000001ac   Number         0  startup_stm32f427xx.o ABSOLUTE
    __Vectors                                0x08000000   Data           4  startup_stm32f427xx.o(RESET)
    __Vectors_End                            0x080001ac   Data           0  startup_stm32f427xx.o(RESET)
    __main                                   0x080001ad   Thumb Code     0  entry.o(.ARM.Collect$$$$00000000)
    _main_stk                                0x080001ad   Thumb Code     0  entry2.o(.ARM.Collect$$$$00000001)
    _main_scatterload                        0x080001b1   Thumb Code     0  entry5.o(.ARM.Collect$$$$00000004)
    __main_after_scatterload                 0x080001b5   Thumb Code     0  entry5.o(.ARM.Collect$$$$00000004)
    _main_clock                              0x080001b5   Thumb Code     0  entry7b.o(.ARM.Collect$$$$00000008)
    _main_cpp_init                           0x080001b5   Thumb Code     0  entry8b.o(.ARM.Collect$$$$0000000A)
    _main_init                               0x080001b5   Thumb Code     0  entry9a.o(.ARM.Collect$$$$0000000B)
    __rt_lib_shutdown_fini                   0x080001bd   Thumb Code     0  entry12b.o(.ARM.Collect$$$$0000000E)
    __rt_final_cpp                           0x080001c1   Thumb Code     0  entry10a.o(.ARM.Collect$$$$0000000F)
    __rt_final_exit                          0x080001c1   Thumb Code     0  entry11a.o(.ARM.Collect$$$$00000011)
    Reset_Handler                            0x080001c5   Thumb Code     8  startup_stm32f427xx.o(.text)
    ADC_IRQHandler                           0x080001df   Thumb Code     0  startup_stm32f427xx.o(.text)
    CAN1_RX1_IRQHandler                      0x080001df   Thumb Code     0  startup_stm32f427xx.o(.text)
    CAN1_SCE_IRQHandler                      0x080001df   Thumb Code     0  startup_stm32f427xx.o(.text)
    CAN2_RX0_IRQHandler                      0x080001df   Thumb Code     0  startup_stm32f427xx.o(.text)
    CAN2_RX1_IRQHandler                      0x080001df   Thumb Code     0  startup_stm32f427xx.o(.text)
    CAN2_SCE_IRQHandler                      0x080001df   Thumb Code     0  startup_stm32f427xx.o(.text)
    CAN2_TX_IRQHandler                       0x080001df   Thumb Code     0  startup_stm32f427xx.o(.text)
    DCMI_IRQHandler                          0x080001df   Thumb Code     0  startup_stm32f427xx.o(.text)
    DMA1_Stream0_IRQHandler                  0x080001df   Thumb Code     0  startup_stm32f427xx.o(.text)
    DMA1_Stream1_IRQHandler                  0x080001df   Thumb Code     0  startup_stm32f427xx.o(.text)
    DMA1_Stream2_IRQHandler                  0x080001df   Thumb Code     0  startup_stm32f427xx.o(.text)
    DMA1_Stream3_IRQHandler                  0x080001df   Thumb Code     0  startup_stm32f427xx.o(.text)
    DMA1_Stream4_IRQHandler                  0x080001df   Thumb Code     0  startup_stm32f427xx.o(.text)
    DMA1_Stream5_IRQHandler                  0x080001df   Thumb Code     0  startup_stm32f427xx.o(.text)
    DMA1_Stream6_IRQHandler                  0x080001df   Thumb Code     0  startup_stm32f427xx.o(.text)
    DMA1_Stream7_IRQHandler                  0x080001df   Thumb Code     0  startup_stm32f427xx.o(.text)
    DMA2D_IRQHandler                         0x080001df   Thumb Code     0  startup_stm32f427xx.o(.text)
    DMA2_Stream0_IRQHandler                  0x080001df   Thumb Code     0  startup_stm32f427xx.o(.text)
    DMA2_Stream1_IRQHandler                  0x080001df   Thumb Code     0  startup_stm32f427xx.o(.text)
    DMA2_Stream2_IRQHandler                  0x080001df   Thumb Code     0  startup_stm32f427xx.o(.text)
    DMA2_Stream3_IRQHandler                  0x080001df   Thumb Code     0  startup_stm32f427xx.o(.text)
    DMA2_Stream4_IRQHandler                  0x080001df   Thumb Code     0  startup_stm32f427xx.o(.text)
    DMA2_Stream5_IRQHandler                  0x080001df   Thumb Code     0  startup_stm32f427xx.o(.text)
    DMA2_Stream6_IRQHandler                  0x080001df   Thumb Code     0  startup_stm32f427xx.o(.text)
    DMA2_Stream7_IRQHandler                  0x080001df   Thumb Code     0  startup_stm32f427xx.o(.text)
    ETH_IRQHandler                           0x080001df   Thumb Code     0  startup_stm32f427xx.o(.text)
    ETH_WKUP_IRQHandler                      0x080001df   Thumb Code     0  startup_stm32f427xx.o(.text)
    EXTI0_IRQHandler                         0x080001df   Thumb Code     0  startup_stm32f427xx.o(.text)
    EXTI15_10_IRQHandler                     0x080001df   Thumb Code     0  startup_stm32f427xx.o(.text)
    EXTI1_IRQHandler                         0x080001df   Thumb Code     0  startup_stm32f427xx.o(.text)
    EXTI2_IRQHandler                         0x080001df   Thumb Code     0  startup_stm32f427xx.o(.text)
    EXTI3_IRQHandler                         0x080001df   Thumb Code     0  startup_stm32f427xx.o(.text)
    EXTI4_IRQHandler                         0x080001df   Thumb Code     0  startup_stm32f427xx.o(.text)
    EXTI9_5_IRQHandler                       0x080001df   Thumb Code     0  startup_stm32f427xx.o(.text)
    FLASH_IRQHandler                         0x080001df   Thumb Code     0  startup_stm32f427xx.o(.text)
    FMC_IRQHandler                           0x080001df   Thumb Code     0  startup_stm32f427xx.o(.text)
    FPU_IRQHandler                           0x080001df   Thumb Code     0  startup_stm32f427xx.o(.text)
    HASH_RNG_IRQHandler                      0x080001df   Thumb Code     0  startup_stm32f427xx.o(.text)
    I2C1_ER_IRQHandler                       0x080001df   Thumb Code     0  startup_stm32f427xx.o(.text)
    I2C1_EV_IRQHandler                       0x080001df   Thumb Code     0  startup_stm32f427xx.o(.text)
    I2C2_ER_IRQHandler                       0x080001df   Thumb Code     0  startup_stm32f427xx.o(.text)
    I2C2_EV_IRQHandler                       0x080001df   Thumb Code     0  startup_stm32f427xx.o(.text)
    I2C3_ER_IRQHandler                       0x080001df   Thumb Code     0  startup_stm32f427xx.o(.text)
    I2C3_EV_IRQHandler                       0x080001df   Thumb Code     0  startup_stm32f427xx.o(.text)
    OTG_FS_IRQHandler                        0x080001df   Thumb Code     0  startup_stm32f427xx.o(.text)
    OTG_FS_WKUP_IRQHandler                   0x080001df   Thumb Code     0  startup_stm32f427xx.o(.text)
    OTG_HS_EP1_IN_IRQHandler                 0x080001df   Thumb Code     0  startup_stm32f427xx.o(.text)
    OTG_HS_EP1_OUT_IRQHandler                0x080001df   Thumb Code     0  startup_stm32f427xx.o(.text)
    OTG_HS_IRQHandler                        0x080001df   Thumb Code     0  startup_stm32f427xx.o(.text)
    OTG_HS_WKUP_IRQHandler                   0x080001df   Thumb Code     0  startup_stm32f427xx.o(.text)
    PVD_IRQHandler                           0x080001df   Thumb Code     0  startup_stm32f427xx.o(.text)
    RCC_IRQHandler                           0x080001df   Thumb Code     0  startup_stm32f427xx.o(.text)
    RTC_Alarm_IRQHandler                     0x080001df   Thumb Code     0  startup_stm32f427xx.o(.text)
    RTC_WKUP_IRQHandler                      0x080001df   Thumb Code     0  startup_stm32f427xx.o(.text)
    SAI1_IRQHandler                          0x080001df   Thumb Code     0  startup_stm32f427xx.o(.text)
    SDIO_IRQHandler                          0x080001df   Thumb Code     0  startup_stm32f427xx.o(.text)
    SPI1_IRQHandler                          0x080001df   Thumb Code     0  startup_stm32f427xx.o(.text)
    SPI2_IRQHandler                          0x080001df   Thumb Code     0  startup_stm32f427xx.o(.text)
    SPI3_IRQHandler                          0x080001df   Thumb Code     0  startup_stm32f427xx.o(.text)
    SPI4_IRQHandler                          0x080001df   Thumb Code     0  startup_stm32f427xx.o(.text)
    SPI5_IRQHandler                          0x080001df   Thumb Code     0  startup_stm32f427xx.o(.text)
    SPI6_IRQHandler                          0x080001df   Thumb Code     0  startup_stm32f427xx.o(.text)
    TAMP_STAMP_IRQHandler                    0x080001df   Thumb Code     0  startup_stm32f427xx.o(.text)
    TIM1_BRK_TIM9_IRQHandler                 0x080001df   Thumb Code     0  startup_stm32f427xx.o(.text)
    TIM1_CC_IRQHandler                       0x080001df   Thumb Code     0  startup_stm32f427xx.o(.text)
    TIM1_TRG_COM_TIM11_IRQHandler            0x080001df   Thumb Code     0  startup_stm32f427xx.o(.text)
    TIM1_UP_TIM10_IRQHandler                 0x080001df   Thumb Code     0  startup_stm32f427xx.o(.text)
    TIM2_IRQHandler                          0x080001df   Thumb Code     0  startup_stm32f427xx.o(.text)
    TIM3_IRQHandler                          0x080001df   Thumb Code     0  startup_stm32f427xx.o(.text)
    TIM4_IRQHandler                          0x080001df   Thumb Code     0  startup_stm32f427xx.o(.text)
    TIM5_IRQHandler                          0x080001df   Thumb Code     0  startup_stm32f427xx.o(.text)
    TIM6_DAC_IRQHandler                      0x080001df   Thumb Code     0  startup_stm32f427xx.o(.text)
    TIM7_IRQHandler                          0x080001df   Thumb Code     0  startup_stm32f427xx.o(.text)
    TIM8_BRK_TIM12_IRQHandler                0x080001df   Thumb Code     0  startup_stm32f427xx.o(.text)
    TIM8_CC_IRQHandler                       0x080001df   Thumb Code     0  startup_stm32f427xx.o(.text)
    TIM8_TRG_COM_TIM14_IRQHandler            0x080001df   Thumb Code     0  startup_stm32f427xx.o(.text)
    TIM8_UP_TIM13_IRQHandler                 0x080001df   Thumb Code     0  startup_stm32f427xx.o(.text)
    UART4_IRQHandler                         0x080001df   Thumb Code     0  startup_stm32f427xx.o(.text)
    UART5_IRQHandler                         0x080001df   Thumb Code     0  startup_stm32f427xx.o(.text)
    UART7_IRQHandler                         0x080001df   Thumb Code     0  startup_stm32f427xx.o(.text)
    UART8_IRQHandler                         0x080001df   Thumb Code     0  startup_stm32f427xx.o(.text)
    USART1_IRQHandler                        0x080001df   Thumb Code     0  startup_stm32f427xx.o(.text)
    USART2_IRQHandler                        0x080001df   Thumb Code     0  startup_stm32f427xx.o(.text)
    USART3_IRQHandler                        0x080001df   Thumb Code     0  startup_stm32f427xx.o(.text)
    USART6_IRQHandler                        0x080001df   Thumb Code     0  startup_stm32f427xx.o(.text)
    WWDG_IRQHandler                          0x080001df   Thumb Code     0  startup_stm32f427xx.o(.text)
    __aeabi_uldivmod                         0x080001e9   Thumb Code    98  uldiv.o(.text)
    __aeabi_memcpy                           0x0800024b   Thumb Code    36  memcpya.o(.text)
    __aeabi_memcpy4                          0x0800024b   Thumb Code     0  memcpya.o(.text)
    __aeabi_memcpy8                          0x0800024b   Thumb Code     0  memcpya.o(.text)
    __aeabi_memset                           0x0800026f   Thumb Code    14  memseta.o(.text)
    __aeabi_memset4                          0x0800026f   Thumb Code     0  memseta.o(.text)
    __aeabi_memset8                          0x0800026f   Thumb Code     0  memseta.o(.text)
    __aeabi_memclr                           0x0800027d   Thumb Code     4  memseta.o(.text)
    __aeabi_memclr4                          0x0800027d   Thumb Code     0  memseta.o(.text)
    __aeabi_memclr8                          0x0800027d   Thumb Code     0  memseta.o(.text)
    _memset$wrapper                          0x08000281   Thumb Code    18  memseta.o(.text)
    __aeabi_f2d                              0x08000293   Thumb Code    38  f2d.o(.text)
    __aeabi_uidiv                            0x080002b9   Thumb Code     0  uidiv.o(.text)
    __aeabi_uidivmod                         0x080002b9   Thumb Code    44  uidiv.o(.text)
    __aeabi_llsl                             0x080002e5   Thumb Code    30  llshl.o(.text)
    _ll_shift_l                              0x080002e5   Thumb Code     0  llshl.o(.text)
    __aeabi_llsr                             0x08000303   Thumb Code    32  llushr.o(.text)
    _ll_ushift_r                             0x08000303   Thumb Code     0  llushr.o(.text)
    __I$use$fp                               0x08000323   Thumb Code     0  iusefp.o(.text)
    __aeabi_dadd                             0x08000323   Thumb Code   322  dadd.o(.text)
    __aeabi_dsub                             0x08000465   Thumb Code     6  dadd.o(.text)
    __aeabi_drsub                            0x0800046b   Thumb Code     6  dadd.o(.text)
    __aeabi_dmul                             0x08000471   Thumb Code   228  dmul.o(.text)
    __aeabi_ddiv                             0x08000555   Thumb Code   222  ddiv.o(.text)
    __aeabi_d2ulz                            0x08000633   Thumb Code    48  dfixul.o(.text)
    __aeabi_cdrcmple                         0x08000665   Thumb Code    48  cdrcmple.o(.text)
    __scatterload                            0x08000695   Thumb Code    28  init.o(.text)
    __scatterload_rt2                        0x08000695   Thumb Code     0  init.o(.text)
    __aeabi_lasr                             0x080006b9   Thumb Code    36  llsshr.o(.text)
    _ll_sshift_r                             0x080006b9   Thumb Code     0  llsshr.o(.text)
    _double_round                            0x080006dd   Thumb Code    30  depilogue.o(.text)
    _double_epilogue                         0x080006fb   Thumb Code   156  depilogue.o(.text)
    BadApple_DrawFrame                       0x080008c9   Thumb Code   116  bad_apple.o(i.BadApple_DrawFrame)
    BadApple_Reset                           0x08000945   Thumb Code    10  bad_apple.o(i.BadApple_Reset)
    BusFault_Handler                         0x08000955   Thumb Code     2  stm32f4xx_it.o(i.BusFault_Handler)
    ButtonAD_Init                            0x08000959   Thumb Code    24  button_ad.o(i.ButtonAD_Init)
    ButtonAD_ReadKey                         0x08000975   Thumb Code   114  button_ad.o(i.ButtonAD_ReadKey)
    ButtonAD_ReadRaw                         0x080009ed   Thumb Code   104  button_ad.o(i.ButtonAD_ReadRaw)
    Buzzer_Init                              0x08000a7d   Thumb Code    68  buzzer.o(i.Buzzer_Init)
    Buzzer_Task                              0x08000acd   Thumb Code   156  buzzer.o(i.Buzzer_Task)
    CAN1_RX0_IRQHandler                      0x08000b75   Thumb Code     6  stm32f4xx_it.o(i.CAN1_RX0_IRQHandler)
    CAN1_TX_IRQHandler                       0x08000b81   Thumb Code     6  stm32f4xx_it.o(i.CAN1_TX_IRQHandler)
    DebugMon_Handler                         0x08000b8d   Thumb Code     2  stm32f4xx_it.o(i.DebugMon_Handler)
    Error_Handler                            0x08000b8f   Thumb Code     2  main.o(i.Error_Handler)
    GM6020_Init                              0x08000bb1   Thumb Code    96  gm6020.o(i.GM6020_Init)
    GM6020_Task                              0x08000c31   Thumb Code   328  gm6020.o(i.GM6020_Task)
    GM6020_UISetPos                          0x08000d95   Thumb Code    22  gm6020.o(i.GM6020_UISetPos)
    GM6020_UISetSpeed                        0x08000db1   Thumb Code    14  gm6020.o(i.GM6020_UISetSpeed)
    GM6020_UIStart                           0x08000dc5   Thumb Code    18  gm6020.o(i.GM6020_UIStart)
    GM6020_UIStartPos                        0x08000ddd   Thumb Code    24  gm6020.o(i.GM6020_UIStartPos)
    GM6020_UIStop                            0x08000df9   Thumb Code    52  gm6020.o(i.GM6020_UIStop)
    HAL_ADC_ConfigChannel                    0x08000e39   Thumb Code   374  stm32f4xx_hal_adc.o(i.HAL_ADC_ConfigChannel)
    HAL_ADC_GetValue                         0x08000fc5   Thumb Code     6  stm32f4xx_hal_adc.o(i.HAL_ADC_GetValue)
    HAL_ADC_Init                             0x08000fcb   Thumb Code    86  stm32f4xx_hal_adc.o(i.HAL_ADC_Init)
    HAL_ADC_MspInit                          0x08001021   Thumb Code    84  adc.o(i.HAL_ADC_MspInit)
    HAL_ADC_PollForConversion                0x08001081   Thumb Code   198  stm32f4xx_hal_adc.o(i.HAL_ADC_PollForConversion)
    HAL_ADC_Start                            0x08001149   Thumb Code   276  stm32f4xx_hal_adc.o(i.HAL_ADC_Start)
    HAL_ADC_Stop                             0x08001271   Thumb Code    62  stm32f4xx_hal_adc.o(i.HAL_ADC_Stop)
    HAL_CAN_ActivateNotification             0x080012af   Thumb Code    36  stm32f4xx_hal_can.o(i.HAL_CAN_ActivateNotification)
    HAL_CAN_AddTxMessage                     0x080012d3   Thumb Code   240  stm32f4xx_hal_can.o(i.HAL_CAN_AddTxMessage)
    HAL_CAN_ConfigFilter                     0x080013c5   Thumb Code   290  stm32f4xx_hal_can.o(i.HAL_CAN_ConfigFilter)
    HAL_CAN_ErrorCallback                    0x080014ed   Thumb Code     2  stm32f4xx_hal_can.o(i.HAL_CAN_ErrorCallback)
    HAL_CAN_GetRxMessage                     0x080014ef   Thumb Code   372  stm32f4xx_hal_can.o(i.HAL_CAN_GetRxMessage)
    HAL_CAN_IRQHandler                       0x08001663   Thumb Code   564  stm32f4xx_hal_can.o(i.HAL_CAN_IRQHandler)
    HAL_CAN_Init                             0x08001897   Thumb Code   360  stm32f4xx_hal_can.o(i.HAL_CAN_Init)
    HAL_CAN_MspInit                          0x08001a01   Thumb Code   122  can.o(i.HAL_CAN_MspInit)
    HAL_CAN_RxFifo0FullCallback              0x08001a89   Thumb Code     2  stm32f4xx_hal_can.o(i.HAL_CAN_RxFifo0FullCallback)
    HAL_CAN_RxFifo0MsgPendingCallback        0x08001a8d   Thumb Code   126  bsp_can.o(i.HAL_CAN_RxFifo0MsgPendingCallback)
    HAL_CAN_RxFifo1FullCallback              0x08001b1d   Thumb Code     2  stm32f4xx_hal_can.o(i.HAL_CAN_RxFifo1FullCallback)
    HAL_CAN_RxFifo1MsgPendingCallback        0x08001b1f   Thumb Code     2  stm32f4xx_hal_can.o(i.HAL_CAN_RxFifo1MsgPendingCallback)
    HAL_CAN_SleepCallback                    0x08001b21   Thumb Code     2  stm32f4xx_hal_can.o(i.HAL_CAN_SleepCallback)
    HAL_CAN_Start                            0x08001b23   Thumb Code   100  stm32f4xx_hal_can.o(i.HAL_CAN_Start)
    HAL_CAN_TxMailbox0AbortCallback          0x08001b87   Thumb Code     2  stm32f4xx_hal_can.o(i.HAL_CAN_TxMailbox0AbortCallback)
    HAL_CAN_TxMailbox0CompleteCallback       0x08001b89   Thumb Code     2  stm32f4xx_hal_can.o(i.HAL_CAN_TxMailbox0CompleteCallback)
    HAL_CAN_TxMailbox1AbortCallback          0x08001b8b   Thumb Code     2  stm32f4xx_hal_can.o(i.HAL_CAN_TxMailbox1AbortCallback)
    HAL_CAN_TxMailbox1CompleteCallback       0x08001b8d   Thumb Code     2  stm32f4xx_hal_can.o(i.HAL_CAN_TxMailbox1CompleteCallback)
    HAL_CAN_TxMailbox2AbortCallback          0x08001b8f   Thumb Code     2  stm32f4xx_hal_can.o(i.HAL_CAN_TxMailbox2AbortCallback)
    HAL_CAN_TxMailbox2CompleteCallback       0x08001b91   Thumb Code     2  stm32f4xx_hal_can.o(i.HAL_CAN_TxMailbox2CompleteCallback)
    HAL_CAN_WakeUpFromRxMsgCallback          0x08001b93   Thumb Code     2  stm32f4xx_hal_can.o(i.HAL_CAN_WakeUpFromRxMsgCallback)
    HAL_Delay                                0x08001b95   Thumb Code    34  stm32f4xx_hal.o(i.HAL_Delay)
    HAL_GPIO_Init                            0x08001bbd   Thumb Code   564  stm32f4xx_hal_gpio.o(i.HAL_GPIO_Init)
    HAL_GPIO_ReadPin                         0x08001e09   Thumb Code    14  stm32f4xx_hal_gpio.o(i.HAL_GPIO_ReadPin)
    HAL_GPIO_TogglePin                       0x08001e17   Thumb Code    16  stm32f4xx_hal_gpio.o(i.HAL_GPIO_TogglePin)
    HAL_GPIO_WritePin                        0x08001e27   Thumb Code    14  stm32f4xx_hal_gpio.o(i.HAL_GPIO_WritePin)
    HAL_GetTick                              0x08001e35   Thumb Code     6  stm32f4xx_hal.o(i.HAL_GetTick)
    HAL_IncTick                              0x08001e41   Thumb Code    12  stm32f4xx_hal.o(i.HAL_IncTick)
    HAL_Init                                 0x08001e51   Thumb Code    48  stm32f4xx_hal.o(i.HAL_Init)
    HAL_InitTick                             0x08001e85   Thumb Code    58  stm32f4xx_hal.o(i.HAL_InitTick)
    HAL_MspInit                              0x08001ec9   Thumb Code    42  stm32f4xx_hal_msp.o(i.HAL_MspInit)
    HAL_NVIC_EnableIRQ                       0x08001ef9   Thumb Code    28  stm32f4xx_hal_cortex.o(i.HAL_NVIC_EnableIRQ)
    HAL_NVIC_SetPriority                     0x08001f15   Thumb Code    98  stm32f4xx_hal_cortex.o(i.HAL_NVIC_SetPriority)
    HAL_NVIC_SetPriorityGrouping             0x08001f7d   Thumb Code    30  stm32f4xx_hal_cortex.o(i.HAL_NVIC_SetPriorityGrouping)
    HAL_RCC_ClockConfig                      0x08001fa1   Thumb Code   354  stm32f4xx_hal_rcc.o(i.HAL_RCC_ClockConfig)
    HAL_RCC_GetHCLKFreq                      0x0800211d   Thumb Code     6  stm32f4xx_hal_rcc.o(i.HAL_RCC_GetHCLKFreq)
    HAL_RCC_GetPCLK1Freq                     0x08002129   Thumb Code    22  stm32f4xx_hal_rcc.o(i.HAL_RCC_GetPCLK1Freq)
    HAL_RCC_GetSysClockFreq                  0x08002149   Thumb Code    94  stm32f4xx_hal_rcc.o(i.HAL_RCC_GetSysClockFreq)
    HAL_RCC_OscConfig                        0x080021b9   Thumb Code  1154  stm32f4xx_hal_rcc.o(i.HAL_RCC_OscConfig)
    HAL_SPI_Init                             0x0800263b   Thumb Code   190  stm32f4xx_hal_spi.o(i.HAL_SPI_Init)
    HAL_SPI_MspInit                          0x080026f9   Thumb Code   128  spi.o(i.HAL_SPI_MspInit)
    HAL_SPI_Transmit                         0x08002789   Thumb Code   430  stm32f4xx_hal_spi.o(i.HAL_SPI_Transmit)
    HAL_SYSTICK_Config                       0x08002939   Thumb Code    36  stm32f4xx_hal_cortex.o(i.HAL_SYSTICK_Config)
    HAL_TIM_MspPostInit                      0x08002961   Thumb Code    70  tim.o(i.HAL_TIM_MspPostInit)
    HAL_TIM_PWM_ConfigChannel                0x080029b5   Thumb Code   216  stm32f4xx_hal_tim.o(i.HAL_TIM_PWM_ConfigChannel)
    HAL_TIM_PWM_Init                         0x08002a8d   Thumb Code    92  stm32f4xx_hal_tim.o(i.HAL_TIM_PWM_Init)
    HAL_TIM_PWM_MspInit                      0x08002ae9   Thumb Code    30  tim.o(i.HAL_TIM_PWM_MspInit)
    HAL_TIM_PWM_Start                        0x08002b11   Thumb Code   210  stm32f4xx_hal_tim.o(i.HAL_TIM_PWM_Start)
    HTMotor_GetFeedback                      0x08002bed   Thumb Code    10  htmotor.o(i.HTMotor_GetFeedback)
    HTMotor_Init                             0x08002bfd   Thumb Code    60  htmotor.o(i.HTMotor_Init)
    HTMotor_OnCanRx                          0x08002c49   Thumb Code    86  htmotor.o(i.HTMotor_OnCanRx)
    HTMotor_Task                             0x08002ca5   Thumb Code   146  htmotor.o(i.HTMotor_Task)
    HTMotor_UISetPos                         0x08002d4d   Thumb Code    64  htmotor.o(i.HTMotor_UISetPos)
    HTMotor_UISetSpeed                       0x08002d99   Thumb Code   148  htmotor.o(i.HTMotor_UISetSpeed)
    HTMotor_UIStart                          0x08002e55   Thumb Code   172  htmotor.o(i.HTMotor_UIStart)
    HTMotor_UIStartPos                       0x08002f21   Thumb Code   178  htmotor.o(i.HTMotor_UIStartPos)
    HTMotor_UIStop                           0x08002ff1   Thumb Code    48  htmotor.o(i.HTMotor_UIStop)
    HardFault_Handler                        0x0800308b   Thumb Code     2  stm32f4xx_it.o(i.HardFault_Handler)
    MX_ADC1_Init                             0x0800308d   Thumb Code    88  adc.o(i.MX_ADC1_Init)
    MX_CAN1_Init                             0x080030f1   Thumb Code    62  can.o(i.MX_CAN1_Init)
    MX_GPIO_Init                             0x08003139   Thumb Code   270  gpio.o(i.MX_GPIO_Init)
    MX_SPI1_Init                             0x0800325d   Thumb Code    62  spi.o(i.MX_SPI1_Init)
    MX_TIM12_Init                            0x080032a5   Thumb Code    84  tim.o(i.MX_TIM12_Init)
    MemManage_Handler                        0x08003301   Thumb Code     2  stm32f4xx_it.o(i.MemManage_Handler)
    NMI_Handler                              0x08003303   Thumb Code     2  stm32f4xx_it.o(i.NMI_Handler)
    PendSV_Handler                           0x08003305   Thumb Code     2  stm32f4xx_it.o(i.PendSV_Handler)
    SVC_Handler                              0x08003465   Thumb Code     2  stm32f4xx_it.o(i.SVC_Handler)
    SysTick_Handler                          0x08003467   Thumb Code     4  stm32f4xx_it.o(i.SysTick_Handler)
    SystemClock_Config                       0x0800346d   Thumb Code   136  main.o(i.SystemClock_Config)
    SystemInit                               0x080034fd   Thumb Code    64  system_stm32f4xx.o(i.SystemInit)
    TIM_Base_SetConfig                       0x08003555   Thumb Code   190  stm32f4xx_hal_tim.o(i.TIM_Base_SetConfig)
    TIM_CCxChannelCmd                        0x08003629   Thumb Code    30  stm32f4xx_hal_tim.o(i.TIM_CCxChannelCmd)
    TIM_OC2_SetConfig                        0x080036b9   Thumb Code   112  stm32f4xx_hal_tim.o(i.TIM_OC2_SetConfig)
    UI_Init                                  0x08003865   Thumb Code    14  ui.o(i.UI_Init)
    UI_RequestRedraw                         0x08003dc1   Thumb Code     4  ui.o(i.UI_RequestRedraw)
    UI_Task                                  0x08003dc5   Thumb Code    46  ui.o(i.UI_Task)
    UI_TestConsumeRedraw                     0x08003e35   Thumb Code    10  ui_test.o(i.UI_TestConsumeRedraw)
    UI_TestGetMenuLine                       0x08003eb5   Thumb Code    90  ui_test.o(i.UI_TestGetMenuLine)
    UI_TestGetPlaceholderTitle               0x08003f85   Thumb Code    14  ui_test.o(i.UI_TestGetPlaceholderTitle)
    UI_TestGetPosMotorId                     0x08003f9d   Thumb Code     6  ui_test.o(i.UI_TestGetPosMotorId)
    UI_TestGetPosMotorName                   0x08003fa9   Thumb Code     8  ui_test.o(i.UI_TestGetPosMotorName)
    UI_TestGetPosRunning                     0x08003fb5   Thumb Code     6  ui_test.o(i.UI_TestGetPosRunning)
    UI_TestGetPosTargetDeg                   0x08003fc1   Thumb Code     8  ui_test.o(i.UI_TestGetPosTargetDeg)
    UI_TestGetSpeedMotorId                   0x08003fcd   Thumb Code     6  ui_test.o(i.UI_TestGetSpeedMotorId)
    UI_TestGetSpeedMotorName                 0x08003fd9   Thumb Code     8  ui_test.o(i.UI_TestGetSpeedMotorName)
    UI_TestGetSpeedRunning                   0x08003fe5   Thumb Code     6  ui_test.o(i.UI_TestGetSpeedRunning)
    UI_TestGetSpeedTarget                    0x08003ff1   Thumb Code     8  ui_test.o(i.UI_TestGetSpeedTarget)
    UI_TestGetView                           0x08003ffd   Thumb Code    36  ui_test.o(i.UI_TestGetView)
    UI_TestInit                              0x08004025   Thumb Code    72  ui_test.o(i.UI_TestInit)
    UI_TestRequestRedraw                     0x08004145   Thumb Code     8  ui_test.o(i.UI_TestRequestRedraw)
    UI_TestTask                              0x08004151   Thumb Code   272  ui_test.o(i.UI_TestTask)
    UsageFault_Handler                       0x08004269   Thumb Code     2  stm32f4xx_it.o(i.UsageFault_Handler)
    __0snprintf                              0x0800426d   Thumb Code    48  printfa.o(i.__0snprintf)
    __1snprintf                              0x0800426d   Thumb Code     0  printfa.o(i.__0snprintf)
    __2snprintf                              0x0800426d   Thumb Code     0  printfa.o(i.__0snprintf)
    __c89snprintf                            0x0800426d   Thumb Code     0  printfa.o(i.__0snprintf)
    snprintf                                 0x0800426d   Thumb Code     0  printfa.o(i.__0snprintf)
    __scatterload_copy                       0x080042a1   Thumb Code    14  handlers.o(i.__scatterload_copy)
    __scatterload_null                       0x080042af   Thumb Code     2  handlers.o(i.__scatterload_null)
    __scatterload_zeroinit                   0x080042b1   Thumb Code    14  handlers.o(i.__scatterload_zeroinit)
    can_user_init                            0x08004b61   Thumb Code    58  bsp_can.o(i.can_user_init)
    led_off                                  0x08004d2d   Thumb Code    26  gpio.o(i.led_off)
    main                                     0x08004d51   Thumb Code   248  main.o(i.main)
    oled_LOGO                                0x08004ec1   Thumb Code    92  oled.o(i.oled_LOGO)
    oled_clear                               0x08004f21   Thumb Code    60  oled.o(i.oled_clear)
    oled_drawpoint                           0x08004f61   Thumb Code    66  oled.o(i.oled_drawpoint)
    oled_init                                0x08004fa9   Thumb Code   286  oled.o(i.oled_init)
    oled_refresh_gram                        0x080050cd   Thumb Code    46  oled.o(i.oled_refresh_gram)
    oled_showchar                            0x08005145   Thumb Code   116  oled.o(i.oled_showchar)
    oled_showstring                          0x080051bd   Thumb Code    46  oled.o(i.oled_showstring)
    oled_write_byte                          0x080051ed   Thumb Code    36  oled.o(i.oled_write_byte)
    pid_calc                                 0x08005219   Thumb Code   166  pid.o(i.pid_calc)
    pid_init                                 0x080052bf   Thumb Code     6  pid.o(i.pid_init)
    set_motor_voltage                        0x080052c5   Thumb Code    88  bsp_can.o(i.set_motor_voltage)
    asc2_1206                                0x08005320   Data        1140  oled.o(.constdata)
    LOGO_BMP                                 0x08005794   Data        1024  oled.o(.constdata)
    AHBPrescTable                            0x08005b94   Data          16  system_stm32f4xx.o(.constdata)
    APBPrescTable                            0x08005ba4   Data           8  system_stm32f4xx.o(.constdata)
    bad_apple_frames                         0x08005c7c   Data       245760  bad_apple_frames.o(.constdata)
    Region$$Table$$Base                      0x08041d78   Number         0  anon$$obj.o(Region$$Table)
    Region$$Table$$Limit                     0x08041d98   Number         0  anon$$obj.o(Region$$Table)
    can_cnt                                  0x2000000c   Data           2  bsp_can.o(.data)
    SystemCoreClock                          0x20000010   Data           4  system_stm32f4xx.o(.data)
    uwTickFreq                               0x2000008c   Data           1  stm32f4xx_hal.o(.data)
    uwTickPrio                               0x20000090   Data           4  stm32f4xx_hal.o(.data)
    uwTick                                   0x20000094   Data           4  stm32f4xx_hal.o(.data)
    hadc1                                    0x20000098   Data          72  adc.o(.bss)
    hcan1                                    0x200000e0   Data          40  can.o(.bss)
    hspi1                                    0x20000108   Data          88  spi.o(.bss)
    htim12                                   0x20000160   Data          72  tim.o(.bss)
    motor_info                               0x200005a8   Data          84  bsp_can.o(.bss)
    __initial_sp                             0x20000a98   Data           0  startup_stm32f427xx.o(STACK)



==============================================================================

Memory Map of the image

  Image Entry point : 0x080001ad

  Load Region LR_IROM1 (Base: 0x08000000, Size: 0x00041e30, Max: 0x00200000, ABSOLUTE)

    Execution Region ER_IROM1 (Exec base: 0x08000000, Load base: 0x08000000, Size: 0x00041d98, Max: 0x00200000, ABSOLUTE)

    Exec Addr    Load Addr    Size         Type   Attr      Idx    E Section Name        Object

    0x08000000   0x08000000   0x000001ac   Data   RO          537    RESET               startup_stm32f427xx.o
    0x080001ac   0x080001ac   0x00000000   Code   RO         4440  * .ARM.Collect$$$$00000000  mc_w.l(entry.o)
    0x080001ac   0x080001ac   0x00000004   Code   RO         4714    .ARM.Collect$$$$00000001  mc_w.l(entry2.o)
    0x080001b0   0x080001b0   0x00000004   Code   RO         4717    .ARM.Collect$$$$00000004  mc_w.l(entry5.o)
    0x080001b4   0x080001b4   0x00000000   Code   RO         4719    .ARM.Collect$$$$00000008  mc_w.l(entry7b.o)
    0x080001b4   0x080001b4   0x00000000   Code   RO         4721    .ARM.Collect$$$$0000000A  mc_w.l(entry8b.o)
    0x080001b4   0x080001b4   0x00000008   Code   RO         4722    .ARM.Collect$$$$0000000B  mc_w.l(entry9a.o)
    0x080001bc   0x080001bc   0x00000004   Code   RO         4729    .ARM.Collect$$$$0000000E  mc_w.l(entry12b.o)
    0x080001c0   0x080001c0   0x00000000   Code   RO         4724    .ARM.Collect$$$$0000000F  mc_w.l(entry10a.o)
    0x080001c0   0x080001c0   0x00000000   Code   RO         4726    .ARM.Collect$$$$00000011  mc_w.l(entry11a.o)
    0x080001c0   0x080001c0   0x00000004   Code   RO         4715    .ARM.Collect$$$$00002712  mc_w.l(entry2.o)
    0x080001c4   0x080001c4   0x00000024   Code   RO          538    .text               startup_stm32f427xx.o
    0x080001e8   0x080001e8   0x00000062   Code   RO         4443    .text               mc_w.l(uldiv.o)
    0x0800024a   0x0800024a   0x00000024   Code   RO         4445    .text               mc_w.l(memcpya.o)
    0x0800026e   0x0800026e   0x00000024   Code   RO         4447    .text               mc_w.l(memseta.o)
    0x08000292   0x08000292   0x00000026   Code   RO         4712    .text               mf_w.l(f2d.o)
    0x080002b8   0x080002b8   0x0000002c   Code   RO         4733    .text               mc_w.l(uidiv.o)
    0x080002e4   0x080002e4   0x0000001e   Code   RO         4735    .text               mc_w.l(llshl.o)
    0x08000302   0x08000302   0x00000020   Code   RO         4737    .text               mc_w.l(llushr.o)
    0x08000322   0x08000322   0x00000000   Code   RO         4739    .text               mc_w.l(iusefp.o)
    0x08000322   0x08000322   0x0000014e   Code   RO         4740    .text               mf_w.l(dadd.o)
    0x08000470   0x08000470   0x000000e4   Code   RO         4742    .text               mf_w.l(dmul.o)
    0x08000554   0x08000554   0x000000de   Code   RO         4744    .text               mf_w.l(ddiv.o)
    0x08000632   0x08000632   0x00000030   Code   RO         4746    .text               mf_w.l(dfixul.o)
    0x08000662   0x08000662   0x00000002   PAD
    0x08000664   0x08000664   0x00000030   Code   RO         4748    .text               mf_w.l(cdrcmple.o)
    0x08000694   0x08000694   0x00000024   Code   RO         4750    .text               mc_w.l(init.o)
    0x080006b8   0x080006b8   0x00000024   Code   RO         4753    .text               mc_w.l(llsshr.o)
    0x080006dc   0x080006dc   0x000000ba   Code   RO         4756    .text               mf_w.l(depilogue.o)
    0x08000796   0x08000796   0x00000002   PAD
    0x08000798   0x08000798   0x00000130   Code   RO         1354    i.ADC_Init          stm32f4xx_hal_adc.o
    0x080008c8   0x080008c8   0x0000007c   Code   RO         1150    i.BadApple_DrawFrame  bad_apple.o
    0x08000944   0x08000944   0x00000010   Code   RO         1151    i.BadApple_Reset    bad_apple.o
    0x08000954   0x08000954   0x00000002   Code   RO          426    i.BusFault_Handler  stm32f4xx_it.o
    0x08000956   0x08000956   0x00000002   PAD
    0x08000958   0x08000958   0x0000001c   Code   RO          672    i.ButtonAD_Init     button_ad.o
    0x08000974   0x08000974   0x00000078   Code   RO          673    i.ButtonAD_ReadKey  button_ad.o
    0x080009ec   0x080009ec   0x0000006c   Code   RO          674    i.ButtonAD_ReadRaw  button_ad.o
    0x08000a58   0x08000a58   0x00000024   Code   RO         1198    i.Buzzer_ApplyPwm   buzzer.o
    0x08000a7c   0x08000a7c   0x00000050   Code   RO         1199    i.Buzzer_Init       buzzer.o
    0x08000acc   0x08000acc   0x000000a8   Code   RO         1200    i.Buzzer_Task       buzzer.o
    0x08000b74   0x08000b74   0x0000000c   Code   RO          427    i.CAN1_RX0_IRQHandler  stm32f4xx_it.o
    0x08000b80   0x08000b80   0x0000000c   Code   RO          428    i.CAN1_TX_IRQHandler  stm32f4xx_it.o
    0x08000b8c   0x08000b8c   0x00000002   Code   RO          429    i.DebugMon_Handler  stm32f4xx_it.o
    0x08000b8e   0x08000b8e   0x00000002   Code   RO            4    i.Error_Handler     main.o
    0x08000b90   0x08000b90   0x0000001e   Code   RO          913    i.GM6020_DegToRaw   gm6020.o
    0x08000bae   0x08000bae   0x00000002   PAD
    0x08000bb0   0x08000bb0   0x00000080   Code   RO          916    i.GM6020_Init       gm6020.o
    0x08000c30   0x08000c30   0x00000164   Code   RO          918    i.GM6020_Task       gm6020.o
    0x08000d94   0x08000d94   0x0000001c   Code   RO          919    i.GM6020_UISetPos   gm6020.o
    0x08000db0   0x08000db0   0x00000014   Code   RO          920    i.GM6020_UISetSpeed  gm6020.o
    0x08000dc4   0x08000dc4   0x00000018   Code   RO          921    i.GM6020_UIStart    gm6020.o
    0x08000ddc   0x08000ddc   0x0000001c   Code   RO          922    i.GM6020_UIStartPos  gm6020.o
    0x08000df8   0x08000df8   0x00000040   Code   RO          923    i.GM6020_UIStop     gm6020.o
    0x08000e38   0x08000e38   0x0000018c   Code   RO         1356    i.HAL_ADC_ConfigChannel  stm32f4xx_hal_adc.o
    0x08000fc4   0x08000fc4   0x00000006   Code   RO         1363    i.HAL_ADC_GetValue  stm32f4xx_hal_adc.o
    0x08000fca   0x08000fca   0x00000056   Code   RO         1365    i.HAL_ADC_Init      stm32f4xx_hal_adc.o
    0x08001020   0x08001020   0x00000060   Code   RO          253    i.HAL_ADC_MspInit   adc.o
    0x08001080   0x08001080   0x000000c6   Code   RO         1369    i.HAL_ADC_PollForConversion  stm32f4xx_hal_adc.o
    0x08001146   0x08001146   0x00000002   PAD
    0x08001148   0x08001148   0x00000128   Code   RO         1371    i.HAL_ADC_Start     stm32f4xx_hal_adc.o
    0x08001270   0x08001270   0x0000003e   Code   RO         1374    i.HAL_ADC_Stop      stm32f4xx_hal_adc.o
    0x080012ae   0x080012ae   0x00000024   Code   RO         2904    i.HAL_CAN_ActivateNotification  stm32f4xx_hal_can.o
    0x080012d2   0x080012d2   0x000000f0   Code   RO         2905    i.HAL_CAN_AddTxMessage  stm32f4xx_hal_can.o
    0x080013c2   0x080013c2   0x00000002   PAD
    0x080013c4   0x080013c4   0x00000128   Code   RO         2906    i.HAL_CAN_ConfigFilter  stm32f4xx_hal_can.o
    0x080014ec   0x080014ec   0x00000002   Code   RO         2909    i.HAL_CAN_ErrorCallback  stm32f4xx_hal_can.o
    0x080014ee   0x080014ee   0x00000174   Code   RO         2912    i.HAL_CAN_GetRxMessage  stm32f4xx_hal_can.o
    0x08001662   0x08001662   0x00000234   Code   RO         2916    i.HAL_CAN_IRQHandler  stm32f4xx_hal_can.o
    0x08001896   0x08001896   0x00000168   Code   RO         2917    i.HAL_CAN_Init      stm32f4xx_hal_can.o
    0x080019fe   0x080019fe   0x00000002   PAD
    0x08001a00   0x08001a00   0x00000088   Code   RO          295    i.HAL_CAN_MspInit   can.o
    0x08001a88   0x08001a88   0x00000002   Code   RO         2924    i.HAL_CAN_RxFifo0FullCallback  stm32f4xx_hal_can.o
    0x08001a8a   0x08001a8a   0x00000002   PAD
    0x08001a8c   0x08001a8c   0x00000090   Code   RO          715    i.HAL_CAN_RxFifo0MsgPendingCallback  bsp_can.o
    0x08001b1c   0x08001b1c   0x00000002   Code   RO         2926    i.HAL_CAN_RxFifo1FullCallback  stm32f4xx_hal_can.o
    0x08001b1e   0x08001b1e   0x00000002   Code   RO         2927    i.HAL_CAN_RxFifo1MsgPendingCallback  stm32f4xx_hal_can.o
    0x08001b20   0x08001b20   0x00000002   Code   RO         2928    i.HAL_CAN_SleepCallback  stm32f4xx_hal_can.o
    0x08001b22   0x08001b22   0x00000064   Code   RO         2929    i.HAL_CAN_Start     stm32f4xx_hal_can.o
    0x08001b86   0x08001b86   0x00000002   Code   RO         2931    i.HAL_CAN_TxMailbox0AbortCallback  stm32f4xx_hal_can.o
    0x08001b88   0x08001b88   0x00000002   Code   RO         2932    i.HAL_CAN_TxMailbox0CompleteCallback  stm32f4xx_hal_can.o
    0x08001b8a   0x08001b8a   0x00000002   Code   RO         2933    i.HAL_CAN_TxMailbox1AbortCallback  stm32f4xx_hal_can.o
    0x08001b8c   0x08001b8c   0x00000002   Code   RO         2934    i.HAL_CAN_TxMailbox1CompleteCallback  stm32f4xx_hal_can.o
    0x08001b8e   0x08001b8e   0x00000002   Code   RO         2935    i.HAL_CAN_TxMailbox2AbortCallback  stm32f4xx_hal_can.o
    0x08001b90   0x08001b90   0x00000002   Code   RO         2936    i.HAL_CAN_TxMailbox2CompleteCallback  stm32f4xx_hal_can.o
    0x08001b92   0x08001b92   0x00000002   Code   RO         2938    i.HAL_CAN_WakeUpFromRxMsgCallback  stm32f4xx_hal_can.o
    0x08001b94   0x08001b94   0x00000028   Code   RO         2640    i.HAL_Delay         stm32f4xx_hal.o
    0x08001bbc   0x08001bbc   0x0000024c   Code   RO         2083    i.HAL_GPIO_Init     stm32f4xx_hal_gpio.o
    0x08001e08   0x08001e08   0x0000000e   Code   RO         2085    i.HAL_GPIO_ReadPin  stm32f4xx_hal_gpio.o
    0x08001e16   0x08001e16   0x00000010   Code   RO         2086    i.HAL_GPIO_TogglePin  stm32f4xx_hal_gpio.o
    0x08001e26   0x08001e26   0x0000000e   Code   RO         2087    i.HAL_GPIO_WritePin  stm32f4xx_hal_gpio.o
    0x08001e34   0x08001e34   0x0000000c   Code   RO         2648    i.HAL_GetTick       stm32f4xx_hal.o
    0x08001e40   0x08001e40   0x00000010   Code   RO         2654    i.HAL_IncTick       stm32f4xx_hal.o
    0x08001e50   0x08001e50   0x00000034   Code   RO         2655    i.HAL_Init          stm32f4xx_hal.o
    0x08001e84   0x08001e84   0x00000044   Code   RO         2656    i.HAL_InitTick      stm32f4xx_hal.o
    0x08001ec8   0x08001ec8   0x00000030   Code   RO          514    i.HAL_MspInit       stm32f4xx_hal_msp.o
    0x08001ef8   0x08001ef8   0x0000001c   Code   RO         2493    i.HAL_NVIC_EnableIRQ  stm32f4xx_hal_cortex.o
    0x08001f14   0x08001f14   0x00000068   Code   RO         2499    i.HAL_NVIC_SetPriority  stm32f4xx_hal_cortex.o
    0x08001f7c   0x08001f7c   0x00000024   Code   RO         2500    i.HAL_NVIC_SetPriorityGrouping  stm32f4xx_hal_cortex.o
    0x08001fa0   0x08001fa0   0x0000017c   Code   RO         1627    i.HAL_RCC_ClockConfig  stm32f4xx_hal_rcc.o
    0x0800211c   0x0800211c   0x0000000c   Code   RO         1632    i.HAL_RCC_GetHCLKFreq  stm32f4xx_hal_rcc.o
    0x08002128   0x08002128   0x00000020   Code   RO         1634    i.HAL_RCC_GetPCLK1Freq  stm32f4xx_hal_rcc.o
    0x08002148   0x08002148   0x00000070   Code   RO         1636    i.HAL_RCC_GetSysClockFreq  stm32f4xx_hal_rcc.o
    0x080021b8   0x080021b8   0x00000482   Code   RO         1639    i.HAL_RCC_OscConfig  stm32f4xx_hal_rcc.o
    0x0800263a   0x0800263a   0x000000be   Code   RO         3148    i.HAL_SPI_Init      stm32f4xx_hal_spi.o
    0x080026f8   0x080026f8   0x00000090   Code   RO          337    i.HAL_SPI_MspInit   spi.o
    0x08002788   0x08002788   0x000001ae   Code   RO         3156    i.HAL_SPI_Transmit  stm32f4xx_hal_spi.o
    0x08002936   0x08002936   0x00000002   PAD
    0x08002938   0x08002938   0x00000028   Code   RO         2504    i.HAL_SYSTICK_Config  stm32f4xx_hal_cortex.o
    0x08002960   0x08002960   0x00000054   Code   RO          378    i.HAL_TIM_MspPostInit  tim.o
    0x080029b4   0x080029b4   0x000000d8   Code   RO         3533    i.HAL_TIM_PWM_ConfigChannel  stm32f4xx_hal_tim.o
    0x08002a8c   0x08002a8c   0x0000005c   Code   RO         3536    i.HAL_TIM_PWM_Init  stm32f4xx_hal_tim.o
    0x08002ae8   0x08002ae8   0x00000028   Code   RO          380    i.HAL_TIM_PWM_MspInit  tim.o
    0x08002b10   0x08002b10   0x000000dc   Code   RO         3541    i.HAL_TIM_PWM_Start  stm32f4xx_hal_tim.o
    0x08002bec   0x08002bec   0x00000010   Code   RO         1236    i.HTMotor_GetFeedback  htmotor.o
    0x08002bfc   0x08002bfc   0x0000004c   Code   RO         1237    i.HTMotor_Init      htmotor.o
    0x08002c48   0x08002c48   0x0000005c   Code   RO         1238    i.HTMotor_OnCanRx   htmotor.o
    0x08002ca4   0x08002ca4   0x000000a8   Code   RO         1239    i.HTMotor_Task      htmotor.o
    0x08002d4c   0x08002d4c   0x0000004c   Code   RO         1240    i.HTMotor_UISetPos  htmotor.o
    0x08002d98   0x08002d98   0x000000bc   Code   RO         1241    i.HTMotor_UISetSpeed  htmotor.o
    0x08002e54   0x08002e54   0x000000cc   Code   RO         1242    i.HTMotor_UIStart   htmotor.o
    0x08002f20   0x08002f20   0x000000d0   Code   RO         1243    i.HTMotor_UIStartPos  htmotor.o
    0x08002ff0   0x08002ff0   0x00000038   Code   RO         1244    i.HTMotor_UIStop    htmotor.o
    0x08003028   0x08003028   0x00000024   Code   RO         1245    i.HT_OutputDegToMotorRad  htmotor.o
    0x0800304c   0x0800304c   0x00000018   Code   RO         1246    i.HT_OutputRpmToMotorRadPerSec  htmotor.o
    0x08003064   0x08003064   0x00000026   Code   RO         1247    i.HT_SlewStep       htmotor.o
    0x0800308a   0x0800308a   0x00000002   Code   RO          430    i.HardFault_Handler  stm32f4xx_it.o
    0x0800308c   0x0800308c   0x00000064   Code   RO          254    i.MX_ADC1_Init      adc.o
    0x080030f0   0x080030f0   0x00000048   Code   RO          296    i.MX_CAN1_Init      can.o
    0x08003138   0x08003138   0x00000124   Code   RO          222    i.MX_GPIO_Init      gpio.o
    0x0800325c   0x0800325c   0x00000048   Code   RO          338    i.MX_SPI1_Init      spi.o
    0x080032a4   0x080032a4   0x0000005c   Code   RO          381    i.MX_TIM12_Init     tim.o
    0x08003300   0x08003300   0x00000002   Code   RO          431    i.MemManage_Handler  stm32f4xx_it.o
    0x08003302   0x08003302   0x00000002   Code   RO          432    i.NMI_Handler       stm32f4xx_it.o
    0x08003304   0x08003304   0x00000002   Code   RO          433    i.PendSV_Handler    stm32f4xx_it.o
    0x08003306   0x08003306   0x00000002   PAD
    0x08003308   0x08003308   0x00000084   Code   RO         3186    i.SPI_EndRxTxTransaction  stm32f4xx_hal_spi.o
    0x0800338c   0x0800338c   0x000000d8   Code   RO         3191    i.SPI_WaitFlagStateUntilTimeout  stm32f4xx_hal_spi.o
    0x08003464   0x08003464   0x00000002   Code   RO          434    i.SVC_Handler       stm32f4xx_it.o
    0x08003466   0x08003466   0x00000004   Code   RO          435    i.SysTick_Handler   stm32f4xx_it.o
    0x0800346a   0x0800346a   0x00000002   PAD
    0x0800346c   0x0800346c   0x00000090   Code   RO            5    i.SystemClock_Config  main.o
    0x080034fc   0x080034fc   0x00000058   Code   RO          789    i.SystemInit        system_stm32f4xx.o
    0x08003554   0x08003554   0x000000d4   Code   RO         3554    i.TIM_Base_SetConfig  stm32f4xx_hal_tim.o
    0x08003628   0x08003628   0x0000001e   Code   RO         3555    i.TIM_CCxChannelCmd  stm32f4xx_hal_tim.o
    0x08003646   0x08003646   0x00000002   PAD
    0x08003648   0x08003648   0x00000070   Code   RO         3567    i.TIM_OC1_SetConfig  stm32f4xx_hal_tim.o
    0x080036b8   0x080036b8   0x00000078   Code   RO         3568    i.TIM_OC2_SetConfig  stm32f4xx_hal_tim.o
    0x08003730   0x08003730   0x00000078   Code   RO         3569    i.TIM_OC3_SetConfig  stm32f4xx_hal_tim.o
    0x080037a8   0x080037a8   0x00000058   Code   RO         3570    i.TIM_OC4_SetConfig  stm32f4xx_hal_tim.o
    0x08003800   0x08003800   0x00000006   Code   RO          826    i.UI_GetMotorGearRatio  ui.o
    0x08003806   0x08003806   0x00000002   PAD
    0x08003808   0x08003808   0x00000034   Code   RO          827    i.UI_HTRawPosToDeg  ui.o
    0x0800383c   0x0800383c   0x00000028   Code   RO          828    i.UI_HTRawSpeedToRad  ui.o
    0x08003864   0x08003864   0x0000000e   Code   RO          829    i.UI_Init           ui.o
    0x08003872   0x08003872   0x0000001c   Code   RO          830    i.UI_MotorIdToFeedbackIndex  ui.o
    0x0800388e   0x0800388e   0x00000002   PAD
    0x08003890   0x08003890   0x00000010   Code   RO          831    i.UI_RadPerSecToRpm  ui.o
    0x080038a0   0x080038a0   0x000000b0   Code   RO          832    i.UI_Render         ui.o
    0x08003950   0x08003950   0x0000022c   Code   RO          833    i.UI_RenderPosPage  ui.o
    0x08003b7c   0x08003b7c   0x00000244   Code   RO          834    i.UI_RenderSpeedPage  ui.o
    0x08003dc0   0x08003dc0   0x00000004   Code   RO          835    i.UI_RequestRedraw  ui.o
    0x08003dc4   0x08003dc4   0x0000002e   Code   RO          836    i.UI_Task           ui.o
    0x08003df2   0x08003df2   0x00000002   PAD
    0x08003df4   0x08003df4   0x00000020   Code   RO          998    i.UI_TestClampPos   ui_test.o
    0x08003e14   0x08003e14   0x00000020   Code   RO          999    i.UI_TestClampSpeed  ui_test.o
    0x08003e34   0x08003e34   0x00000010   Code   RO         1000    i.UI_TestConsumeRedraw  ui_test.o
    0x08003e44   0x08003e44   0x00000070   Code   RO         1001    i.UI_TestEnterNode  ui_test.o
    0x08003eb4   0x08003eb4   0x0000006c   Code   RO         1002    i.UI_TestGetMenuLine  ui_test.o
    0x08003f20   0x08003f20   0x00000064   Code   RO         1003    i.UI_TestGetMotorName  ui_test.o
    0x08003f84   0x08003f84   0x00000018   Code   RO         1004    i.UI_TestGetPlaceholderTitle  ui_test.o
    0x08003f9c   0x08003f9c   0x0000000c   Code   RO         1005    i.UI_TestGetPosMotorId  ui_test.o
    0x08003fa8   0x08003fa8   0x0000000c   Code   RO         1006    i.UI_TestGetPosMotorName  ui_test.o
    0x08003fb4   0x08003fb4   0x0000000c   Code   RO         1007    i.UI_TestGetPosRunning  ui_test.o
    0x08003fc0   0x08003fc0   0x0000000c   Code   RO         1008    i.UI_TestGetPosTargetDeg  ui_test.o
    0x08003fcc   0x08003fcc   0x0000000c   Code   RO         1009    i.UI_TestGetSpeedMotorId  ui_test.o
    0x08003fd8   0x08003fd8   0x0000000c   Code   RO         1010    i.UI_TestGetSpeedMotorName  ui_test.o
    0x08003fe4   0x08003fe4   0x0000000c   Code   RO         1011    i.UI_TestGetSpeedRunning  ui_test.o
    0x08003ff0   0x08003ff0   0x0000000c   Code   RO         1012    i.UI_TestGetSpeedTarget  ui_test.o
    0x08003ffc   0x08003ffc   0x00000028   Code   RO         1013    i.UI_TestGetView    ui_test.o
    0x08004024   0x08004024   0x00000054   Code   RO         1014    i.UI_TestInit       ui_test.o
    0x08004078   0x08004078   0x0000005c   Code   RO         1015    i.UI_TestLeaveCurrent  ui_test.o
    0x080040d4   0x080040d4   0x00000070   Code   RO         1016    i.UI_TestPollEvent  ui_test.o
    0x08004144   0x08004144   0x0000000c   Code   RO         1017    i.UI_TestRequestRedraw  ui_test.o
    0x08004150   0x08004150   0x00000118   Code   RO         1018    i.UI_TestTask       ui_test.o
    0x08004268   0x08004268   0x00000002   Code   RO          436    i.UsageFault_Handler  stm32f4xx_it.o
    0x0800426a   0x0800426a   0x00000002   PAD
    0x0800426c   0x0800426c   0x00000034   Code   RO         4685    i.__0snprintf       mc_w.l(printfa.o)
    0x080042a0   0x080042a0   0x0000000e   Code   RO         4760    i.__scatterload_copy  mc_w.l(handlers.o)
    0x080042ae   0x080042ae   0x00000002   Code   RO         4761    i.__scatterload_null  mc_w.l(handlers.o)
    0x080042b0   0x080042b0   0x0000000e   Code   RO         4762    i.__scatterload_zeroinit  mc_w.l(handlers.o)
    0x080042be   0x080042be   0x00000002   PAD
    0x080042c0   0x080042c0   0x00000184   Code   RO         4691    i._fp_digits        mc_w.l(printfa.o)
    0x08004444   0x08004444   0x000006b4   Code   RO         4692    i._printf_core      mc_w.l(printfa.o)
    0x08004af8   0x08004af8   0x00000024   Code   RO         4693    i._printf_post_padding  mc_w.l(printfa.o)
    0x08004b1c   0x08004b1c   0x0000002e   Code   RO         4694    i._printf_pre_padding  mc_w.l(printfa.o)
    0x08004b4a   0x08004b4a   0x00000016   Code   RO         4695    i._snputc           mc_w.l(printfa.o)
    0x08004b60   0x08004b60   0x0000003a   Code   RO          716    i.can_user_init     bsp_can.o
    0x08004b9a   0x08004b9a   0x00000020   Code   RO         1248    i.clampf            htmotor.o
    0x08004bba   0x08004bba   0x00000042   Code   RO         1249    i.float_to_uint     htmotor.o
    0x08004bfc   0x08004bfc   0x000000d8   Code   RO         1250    i.ht_send_cmd       htmotor.o
    0x08004cd4   0x08004cd4   0x00000034   Code   RO         1251    i.ht_send_raw       htmotor.o
    0x08004d08   0x08004d08   0x00000024   Code   RO         1252    i.ht_send_special   htmotor.o
    0x08004d2c   0x08004d2c   0x00000024   Code   RO          223    i.led_off           gpio.o
    0x08004d50   0x08004d50   0x00000120   Code   RO            6    i.main              main.o
    0x08004e70   0x08004e70   0x00000010   Code   RO            7    i.motor_set_pos     main.o
    0x08004e80   0x08004e80   0x00000010   Code   RO            8    i.motor_set_speed   main.o
    0x08004e90   0x08004e90   0x00000010   Code   RO            9    i.motor_start       main.o
    0x08004ea0   0x08004ea0   0x00000010   Code   RO           10    i.motor_start_pos   main.o
    0x08004eb0   0x08004eb0   0x00000010   Code   RO           11    i.motor_stop        main.o
    0x08004ec0   0x08004ec0   0x00000060   Code   RO          546    i.oled_LOGO         oled.o
    0x08004f20   0x08004f20   0x00000040   Code   RO          547    i.oled_clear        oled.o
    0x08004f60   0x08004f60   0x00000048   Code   RO          551    i.oled_drawpoint    oled.o
    0x08004fa8   0x08004fa8   0x00000124   Code   RO          552    i.oled_init         oled.o
    0x080050cc   0x080050cc   0x00000034   Code   RO          554    i.oled_refresh_gram  oled.o
    0x08005100   0x08005100   0x00000018   Code   RO           12    i.oled_set_contrast  main.o
    0x08005118   0x08005118   0x0000002a   Code   RO          555    i.oled_set_pos      oled.o
    0x08005142   0x08005142   0x00000002   PAD
    0x08005144   0x08005144   0x00000078   Code   RO          556    i.oled_showchar     oled.o
    0x080051bc   0x080051bc   0x0000002e   Code   RO          558    i.oled_showstring   oled.o
    0x080051ea   0x080051ea   0x00000002   PAD
    0x080051ec   0x080051ec   0x0000002c   Code   RO          559    i.oled_write_byte   oled.o
    0x08005218   0x08005218   0x000000a6   Code   RO          755    i.pid_calc          pid.o
    0x080052be   0x080052be   0x00000006   Code   RO          756    i.pid_init          pid.o
    0x080052c4   0x080052c4   0x0000005c   Code   RO          717    i.set_motor_voltage  bsp_can.o
    0x08005320   0x08005320   0x00000874   Data   RO          561    .constdata          oled.o
    0x08005b94   0x08005b94   0x00000010   Data   RO          790    .constdata          system_stm32f4xx.o
    0x08005ba4   0x08005ba4   0x00000008   Data   RO          791    .constdata          system_stm32f4xx.o
    0x08005bac   0x08005bac   0x00000020   Data   RO         1020    .constdata          ui_test.o
    0x08005bcc   0x08005bcc   0x00000050   Data   RO         1021    .constdata          ui_test.o
    0x08005c1c   0x08005c1c   0x00000050   Data   RO         1022    .constdata          ui_test.o
    0x08005c6c   0x08005c6c   0x00000010   Data   RO         1023    .constdata          ui_test.o
    0x08005c7c   0x08005c7c   0x0003c000   Data   RO         1183    .constdata          bad_apple_frames.o
    0x08041c7c   0x08041c7c   0x00000078   Data   RO         1201    .constdata          buzzer.o
    0x08041cf4   0x08041cf4   0x0000000c   Data   RO         1024    .conststring        ui_test.o
    0x08041d00   0x08041d00   0x00000031   Data   RO         1025    .conststring        ui_test.o
    0x08041d31   0x08041d31   0x00000003   PAD
    0x08041d34   0x08041d34   0x0000003a   Data   RO         1026    .conststring        ui_test.o
    0x08041d6e   0x08041d6e   0x00000002   PAD
    0x08041d70   0x08041d70   0x00000005   Data   RO         1027    .conststring        ui_test.o
    0x08041d75   0x08041d75   0x00000003   PAD
    0x08041d78   0x08041d78   0x00000020   Data   RO         4758    Region$$Table       anon$$obj.o


    Execution Region RW_IRAM1 (Exec base: 0x20000000, Load base: 0x08041d98, Size: 0x00000a98, Max: 0x00030000, ABSOLUTE)

    Exec Addr    Load Addr    Size         Type   Attr      Idx    E Section Name        Object

    0x20000000   0x08041d98   0x00000004   Data   RW           13    .data               main.o
    0x20000004   0x08041d9c   0x00000008   Data   RW          675    .data               button_ad.o
    0x2000000c   0x08041da4   0x00000002   Data   RW          719    .data               bsp_can.o
    0x2000000e   0x08041da6   0x00000002   PAD
    0x20000010   0x08041da8   0x00000004   Data   RW          792    .data               system_stm32f4xx.o
    0x20000014   0x08041dac   0x00000018   Data   RW          925    .data               gm6020.o
    0x2000002c   0x08041dc4   0x00000020   Data   RW         1028    .data               ui_test.o
    0x2000004c   0x08041de4   0x00000008   Data   RW         1152    .data               bad_apple.o
    0x20000054   0x08041dec   0x0000000c   Data   RW         1202    .data               buzzer.o
    0x20000060   0x08041df8   0x0000002c   Data   RW         1254    .data               htmotor.o
    0x2000008c   0x08041e24   0x0000000c   Data   RW         2662    .data               stm32f4xx_hal.o
    0x20000098        -       0x00000048   Zero   RW          255    .bss                adc.o
    0x200000e0        -       0x00000028   Zero   RW          297    .bss                can.o
    0x20000108        -       0x00000058   Zero   RW          339    .bss                spi.o
    0x20000160        -       0x00000048   Zero   RW          382    .bss                tim.o
    0x200001a8        -       0x00000400   Zero   RW          560    .bss                oled.o
    0x200005a8        -       0x00000054   Zero   RW          718    .bss                bsp_can.o
    0x200005fc        -       0x00000068   Zero   RW          924    .bss                gm6020.o
    0x20000664        -       0x00000024   Zero   RW         1019    .bss                ui_test.o
    0x20000688        -       0x0000000c   Zero   RW         1253    .bss                htmotor.o
    0x20000694   0x08041e30   0x00000004   PAD
    0x20000698        -       0x00000400   Zero   RW          535    STACK               startup_stm32f427xx.o


==============================================================================

Image component sizes


      Code (inc. data)   RO Data    RW Data    ZI Data      Debug   Object Name

       196         24          0          0         72       1693   adc.o
       140         14          0          8          0       1926   bad_apple.o
         0          0     245760          0          0        567   bad_apple_frames.o
       294         22          0          2         84       2789   bsp_can.o
       256         14          0          8          0       2386   button_ad.o
       284         28        120         12          0       3148   buzzer.o
       208         24          0          0         40       1701   can.o
       678         94          0         24        104       6464   gm6020.o
       328         32          0          0          0       1545   gpio.o
      1584        230          0         44         12      12842   htmotor.o
       538         48          0          4          0     772336   main.o
       828         38       2164          0       1024       6779   oled.o
       172          0          0          0          0       2138   pid.o
       216         26          0          0         88       1733   spi.o
        36          8        428          0       1024        812   startup_stm32f427xx.o
       188         30          0         12          0      10105   stm32f4xx_hal.o
      1348         48          0          0          0       6601   stm32f4xx_hal_adc.o
      1992          6          0          0          0      16359   stm32f4xx_hal_can.o
       208         16          0          0          0      34099   stm32f4xx_hal_cortex.o
       632         24          0          0          0       4104   stm32f4xx_hal_gpio.o
        48          6          0          0          0        846   stm32f4xx_hal_msp.o
      1690         94          0          0          0       6441   stm32f4xx_hal_rcc.o
       968         16          0          0          0       5118   stm32f4xx_hal_spi.o
      1210         56          0          0          0       8444   stm32f4xx_hal_tim.o
        44         12          0          0          0       5093   stm32f4xx_it.o
        88         24         24          4          0       1239   system_stm32f4xx.o
       216         32          0          0         72       2265   tim.o
      1518        360          0          0          0       8912   ui.o
      1140        208        332         32         36      14258   ui_test.o

    ----------------------------------------------------------------------
     17080       1534     248868        152       2560     942743   Object Totals
         0          0         32          0          0          0   (incl. Generated)
        32          0          8          2          4          0   (incl. Padding)

    ----------------------------------------------------------------------

      Code (inc. data)   RO Data    RW Data    ZI Data      Debug   Library Member Name

         0          0          0          0          0          0   entry.o
         0          0          0          0          0          0   entry10a.o
         0          0          0          0          0          0   entry11a.o
         4          0          0          0          0          0   entry12b.o
         8          4          0          0          0          0   entry2.o
         4          0          0          0          0          0   entry5.o
         0          0          0          0          0          0   entry7b.o
         0          0          0          0          0          0   entry8b.o
         8          4          0          0          0          0   entry9a.o
        30          0          0          0          0          0   handlers.o
        36          8          0          0          0         68   init.o
         0          0          0          0          0          0   iusefp.o
        30          0          0          0          0         68   llshl.o
        36          0          0          0          0         68   llsshr.o
        32          0          0          0          0         68   llushr.o
        36          0          0          0          0         68   memcpya.o
        36          0          0          0          0        108   memseta.o
      2260         84          0          0          0        536   printfa.o
        44          0          0          0          0         80   uidiv.o
        98          0          0          0          0         92   uldiv.o
        48          0          0          0          0         68   cdrcmple.o
       334          0          0          0          0        148   dadd.o
       222          0          0          0          0        100   ddiv.o
       186          0          0          0          0        176   depilogue.o
        48          0          0          0          0         68   dfixul.o
       228          0          0          0          0         96   dmul.o
        38          0          0          0          0         68   f2d.o

    ----------------------------------------------------------------------
      3772        100          0          0          0       1880   Library Totals
         6          0          0          0          0          0   (incl. Padding)

    ----------------------------------------------------------------------

      Code (inc. data)   RO Data    RW Data    ZI Data      Debug   Library Name

      2662        100          0          0          0       1156   mc_w.l
      1104          0          0          0          0        724   mf_w.l

    ----------------------------------------------------------------------
      3772        100          0          0          0       1880   Library Totals

    ----------------------------------------------------------------------

==============================================================================


      Code (inc. data)   RO Data    RW Data    ZI Data      Debug   

     20852       1634     248868        152       2560     928291   Grand Totals
     20852       1634     248868        152       2560     928291   ELF Image Totals
     20852       1634     248868        152          0          0   ROM Totals

==============================================================================

    Total RO  Size (Code + RO Data)               269720 ( 263.40kB)
    Total RW  Size (RW Data + ZI Data)              2712 (   2.65kB)
    Total ROM Size (Code + RO Data + RW Data)     269872 ( 263.55kB)

==============================================================================

