Component: ARM Compiler 5.06 update 7 (build 960) Tool: armlink [4d3601]

==============================================================================

Section Cross References

    startup_stm32f427xx.o(STACK) refers (Special) to heapauxi.o(.text) for __use_two_region_memory
    startup_stm32f427xx.o(HEAP) refers (Special) to heapauxi.o(.text) for __use_two_region_memory
    startup_stm32f427xx.o(RESET) refers (Special) to heapauxi.o(.text) for __use_two_region_memory
    startup_stm32f427xx.o(RESET) refers to startup_stm32f427xx.o(STACK) for __initial_sp
    startup_stm32f427xx.o(RESET) refers to startup_stm32f427xx.o(.text) for Reset_Handler
    startup_stm32f427xx.o(RESET) refers to stm32f4xx_it.o(i.NMI_Handler) for NMI_Handler
    startup_stm32f427xx.o(RESET) refers to stm32f4xx_it.o(i.HardFault_Handler) for HardFault_Handler
    startup_stm32f427xx.o(RESET) refers to stm32f4xx_it.o(i.MemManage_Handler) for MemManage_Handler
    startup_stm32f427xx.o(RESET) refers to stm32f4xx_it.o(i.BusFault_Handler) for BusFault_Handler
    startup_stm32f427xx.o(RESET) refers to stm32f4xx_it.o(i.UsageFault_Handler) for UsageFault_Handler
    startup_stm32f427xx.o(RESET) refers to stm32f4xx_it.o(i.SVC_Handler) for SVC_Handler
    startup_stm32f427xx.o(RESET) refers to stm32f4xx_it.o(i.DebugMon_Handler) for DebugMon_Handler
    startup_stm32f427xx.o(RESET) refers to stm32f4xx_it.o(i.PendSV_Handler) for PendSV_Handler
    startup_stm32f427xx.o(RESET) refers to stm32f4xx_it.o(i.SysTick_Handler) for SysTick_Handler
    startup_stm32f427xx.o(RESET) refers to stm32f4xx_it.o(i.CAN1_TX_IRQHandler) for CAN1_TX_IRQHandler
    startup_stm32f427xx.o(RESET) refers to stm32f4xx_it.o(i.CAN1_RX0_IRQHandler) for CAN1_RX0_IRQHandler
    startup_stm32f427xx.o(RESET) refers to stm32f4xx_it.o(i.OTG_FS_IRQHandler) for OTG_FS_IRQHandler
    startup_stm32f427xx.o(RESET) refers to stm32f4xx_it.o(i.USART6_IRQHandler) for USART6_IRQHandler
    startup_stm32f427xx.o(RESET) refers to stm32f4xx_it.o(i.UART8_IRQHandler) for UART8_IRQHandler
    startup_stm32f427xx.o(.text) refers (Special) to heapauxi.o(.text) for __use_two_region_memory
    startup_stm32f427xx.o(.text) refers to system_stm32f4xx.o(i.SystemInit) for SystemInit
    startup_stm32f427xx.o(.text) refers to __main.o(!!!main) for __main
    startup_stm32f427xx.o(.text) refers to startup_stm32f427xx.o(HEAP) for Heap_Mem
    startup_stm32f427xx.o(.text) refers to startup_stm32f427xx.o(STACK) for Stack_Mem
    bad_apple.o(i.BadApple_DrawFrame) refers to oled.o(i.oled_write_byte) for oled_write_byte
    bad_apple.o(i.BadApple_DrawFrame) refers to bad_apple.o(.data) for .data
    bad_apple.o(i.BadApple_DrawFrame) refers to bad_apple_frames.o(.constdata) for bad_apple_frames
    bad_apple.o(i.BadApple_Reset) refers to bad_apple.o(.data) for .data
    buzzer.o(i.Buzzer_ApplyPwm) refers to tim.o(.bss) for htim12
    buzzer.o(i.Buzzer_Init) refers to stm32f4xx_hal_tim.o(i.HAL_TIM_PWM_Start) for HAL_TIM_PWM_Start
    buzzer.o(i.Buzzer_Init) refers to stm32f4xx_hal_rcc.o(i.HAL_RCC_GetPCLK1Freq) for HAL_RCC_GetPCLK1Freq
    buzzer.o(i.Buzzer_Init) refers to buzzer.o(i.Buzzer_ApplyPwm) for Buzzer_ApplyPwm
    buzzer.o(i.Buzzer_Init) refers to tim.o(.bss) for htim12
    buzzer.o(i.Buzzer_Init) refers to buzzer.o(.data) for .data
    buzzer.o(i.Buzzer_Task) refers to buzzer.o(i.Buzzer_ApplyPwm) for Buzzer_ApplyPwm
    buzzer.o(i.Buzzer_Task) refers to buzzer.o(.data) for .data
    buzzer.o(i.Buzzer_Task) refers to tim.o(.bss) for htim12
    buzzer.o(i.Buzzer_Task) refers to buzzer.o(.constdata) for .constdata
    gm6020.o(i.GM6020_GetTargetSpeed) refers to gm6020.o(.data) for .data
    gm6020.o(i.GM6020_HasFeedback) refers to gm6020.o(.data) for .data
    gm6020.o(i.GM6020_Init) refers to pid.o(i.pid_init) for pid_init
    gm6020.o(i.GM6020_Init) refers to gm6020.o(.bss) for .bss
    gm6020.o(i.GM6020_Init) refers to gm6020.o(.data) for .data
    gm6020.o(i.GM6020_Init) refers to bsp_can.o(.data) for can_cnt
    gm6020.o(i.GM6020_IsRunning) refers to gm6020.o(.data) for .data
    gm6020.o(i.GM6020_Task) refers to stm32f4xx_hal_gpio.o(i.HAL_GPIO_WritePin) for HAL_GPIO_WritePin
    gm6020.o(i.GM6020_Task) refers to gm6020.o(i.GM6020_UIStop) for GM6020_UIStop
    gm6020.o(i.GM6020_Task) refers to gm6020.o(i.GM6020_UISetSpeed) for GM6020_UISetSpeed
    gm6020.o(i.GM6020_Task) refers to gm6020.o(i.GM6020_UIStart) for GM6020_UIStart
    gm6020.o(i.GM6020_Task) refers to pid.o(i.pid_calc) for pid_calc
    gm6020.o(i.GM6020_Task) refers to bsp_can.o(i.set_motor_voltage) for set_motor_voltage
    gm6020.o(i.GM6020_Task) refers to gm6020.o(.data) for .data
    gm6020.o(i.GM6020_Task) refers to bsp_can.o(.bss) for motor_info
    gm6020.o(i.GM6020_Task) refers to gm6020.o(.bss) for .bss
    gm6020.o(i.GM6020_Task) refers to bsp_can.o(.data) for can_cnt
    gm6020.o(i.GM6020_UISetPos) refers to gm6020.o(i.GM6020_DegToRaw) for GM6020_DegToRaw
    gm6020.o(i.GM6020_UISetPos) refers to gm6020.o(.data) for .data
[...]
    Emm_V5_Stop_Now                          0x08001cf9   Thumb Code    30  emm_v5.o(i.Emm_V5_Stop_Now)
    Error_Handler                            0x08001d21   Thumb Code     2  main.o(i.Error_Handler)
    GM6020_Init                              0x08001d41   Thumb Code    96  gm6020.o(i.GM6020_Init)
    GM6020_Task                              0x08001dc1   Thumb Code   328  gm6020.o(i.GM6020_Task)
    GM6020_UISetPos                          0x08001f25   Thumb Code    22  gm6020.o(i.GM6020_UISetPos)
    GM6020_UISetSpeed                        0x08001f41   Thumb Code    14  gm6020.o(i.GM6020_UISetSpeed)
    GM6020_UIStart                           0x08001f55   Thumb Code    18  gm6020.o(i.GM6020_UIStart)
    GM6020_UIStartPos                        0x08001f6d   Thumb Code    24  gm6020.o(i.GM6020_UIStartPos)
    GM6020_UIStop                            0x08001f89   Thumb Code    52  gm6020.o(i.GM6020_UIStop)
    HAL_ADC_ConfigChannel                    0x08001fc9   Thumb Code   334  stm32f4xx_hal_adc.o(i.HAL_ADC_ConfigChannel)
    HAL_ADC_GetValue                         0x0800212d   Thumb Code     6  stm32f4xx_hal_adc.o(i.HAL_ADC_GetValue)
    HAL_ADC_Init                             0x08002133   Thumb Code    84  stm32f4xx_hal_adc.o(i.HAL_ADC_Init)
    HAL_ADC_MspInit                          0x08002189   Thumb Code    84  adc.o(i.HAL_ADC_MspInit)
    HAL_ADC_PollForConversion                0x080021e9   Thumb Code   170  stm32f4xx_hal_adc.o(i.HAL_ADC_PollForConversion)
    HAL_ADC_Start                            0x08002295   Thumb Code   228  stm32f4xx_hal_adc.o(i.HAL_ADC_Start)
    HAL_ADC_Stop                             0x08002391   Thumb Code    60  stm32f4xx_hal_adc.o(i.HAL_ADC_Stop)
    HAL_CAN_ActivateNotification             0x080023cd   Thumb Code    36  stm32f4xx_hal_can.o(i.HAL_CAN_ActivateNotification)
    HAL_CAN_AddTxMessage                     0x080023f1   Thumb Code   208  stm32f4xx_hal_can.o(i.HAL_CAN_AddTxMessage)
    HAL_CAN_ConfigFilter                     0x080024c1   Thumb Code   262  stm32f4xx_hal_can.o(i.HAL_CAN_ConfigFilter)
    HAL_CAN_ErrorCallback                    0x080025cd   Thumb Code     2  stm32f4xx_hal_can.o(i.HAL_CAN_ErrorCallback)
    HAL_CAN_GetRxMessage                     0x080025cf   Thumb Code   244  stm32f4xx_hal_can.o(i.HAL_CAN_GetRxMessage)
    HAL_CAN_IRQHandler                       0x080026c3   Thumb Code   508  stm32f4xx_hal_can.o(i.HAL_CAN_IRQHandler)
    HAL_CAN_Init                             0x080028bf   Thumb Code   282  stm32f4xx_hal_can.o(i.HAL_CAN_Init)
    HAL_CAN_MspInit                          0x080029d9   Thumb Code   122  can.o(i.HAL_CAN_MspInit)
    HAL_CAN_RxFifo0FullCallback              0x08002a61   Thumb Code     2  stm32f4xx_hal_can.o(i.HAL_CAN_RxFifo0FullCallback)
    HAL_CAN_RxFifo0MsgPendingCallback        0x08002a65   Thumb Code   126  bsp_can.o(i.HAL_CAN_RxFifo0MsgPendingCallback)
    HAL_CAN_RxFifo1FullCallback              0x08002af5   Thumb Code     2  stm32f4xx_hal_can.o(i.HAL_CAN_RxFifo1FullCallback)
    HAL_CAN_RxFifo1MsgPendingCallback        0x08002af7   Thumb Code     2  stm32f4xx_hal_can.o(i.HAL_CAN_RxFifo1MsgPendingCallback)
    HAL_CAN_SleepCallback                    0x08002af9   Thumb Code     2  stm32f4xx_hal_can.o(i.HAL_CAN_SleepCallback)
    HAL_CAN_Start                            0x08002afb   Thumb Code    86  stm32f4xx_hal_can.o(i.HAL_CAN_Start)
    HAL_CAN_TxMailbox0AbortCallback          0x08002b51   Thumb Code     2  stm32f4xx_hal_can.o(i.HAL_CAN_TxMailbox0AbortCallback)
    HAL_CAN_TxMailbox0CompleteCallback       0x08002b53   Thumb Code     2  stm32f4xx_hal_can.o(i.HAL_CAN_TxMailbox0CompleteCallback)
    HAL_CAN_TxMailbox1AbortCallback          0x08002b55   Thumb Code     2  stm32f4xx_hal_can.o(i.HAL_CAN_TxMailbox1AbortCallback)
    HAL_CAN_TxMailbox1CompleteCallback       0x08002b57   Thumb Code     2  stm32f4xx_hal_can.o(i.HAL_CAN_TxMailbox1CompleteCallback)
    HAL_CAN_TxMailbox2AbortCallback          0x08002b59   Thumb Code     2  stm32f4xx_hal_can.o(i.HAL_CAN_TxMailbox2AbortCallback)
    HAL_CAN_TxMailbox2CompleteCallback       0x08002b5b   Thumb Code     2  stm32f4xx_hal_can.o(i.HAL_CAN_TxMailbox2CompleteCallback)
    HAL_CAN_WakeUpFromRxMsgCallback          0x08002b5d   Thumb Code     2  stm32f4xx_hal_can.o(i.HAL_CAN_WakeUpFromRxMsgCallback)
    HAL_DMA_Abort                            0x08002b5f   Thumb Code   146  stm32f4xx_hal_dma.o(i.HAL_DMA_Abort)
    HAL_DMA_Abort_IT                         0x08002bf1   Thumb Code    36  stm32f4xx_hal_dma.o(i.HAL_DMA_Abort_IT)
    HAL_Delay                                0x08002c15   Thumb Code    32  stm32f4xx_hal.o(i.HAL_Delay)
    HAL_GPIO_Init                            0x08002c39   Thumb Code   438  stm32f4xx_hal_gpio.o(i.HAL_GPIO_Init)
    HAL_GPIO_ReadPin                         0x08002e25   Thumb Code    10  stm32f4xx_hal_gpio.o(i.HAL_GPIO_ReadPin)
    HAL_GPIO_TogglePin                       0x08002e2f   Thumb Code    16  stm32f4xx_hal_gpio.o(i.HAL_GPIO_TogglePin)
    HAL_GPIO_WritePin                        0x08002e3f   Thumb Code    10  stm32f4xx_hal_gpio.o(i.HAL_GPIO_WritePin)
    HAL_GetTick                              0x08002e49   Thumb Code     6  stm32f4xx_hal.o(i.HAL_GetTick)
    HAL_IncTick                              0x08002e55   Thumb Code    12  stm32f4xx_hal.o(i.HAL_IncTick)
    HAL_Init                                 0x08002e65   Thumb Code    48  stm32f4xx_hal.o(i.HAL_Init)
    HAL_InitTick                             0x08002e99   Thumb Code    54  stm32f4xx_hal.o(i.HAL_InitTick)
    HAL_MspInit                              0x08002ed9   Thumb Code    42  stm32f4xx_hal_msp.o(i.HAL_MspInit)
    HAL_NVIC_EnableIRQ                       0x08002f09   Thumb Code    26  stm32f4xx_hal_cortex.o(i.HAL_NVIC_EnableIRQ)
    HAL_NVIC_SetPriority                     0x08002f25   Thumb Code    60  stm32f4xx_hal_cortex.o(i.HAL_NVIC_SetPriority)
    HAL_NVIC_SetPriorityGrouping             0x08002f65   Thumb Code    26  stm32f4xx_hal_cortex.o(i.HAL_NVIC_SetPriorityGrouping)
    HAL_PCDEx_LPM_Callback                   0x08002f89   Thumb Code     2  stm32f4xx_hal_pcd_ex.o(i.HAL_PCDEx_LPM_Callback)
    HAL_PCDEx_SetRxFiFo                      0x08002f8b   Thumb Code     8  stm32f4xx_hal_pcd_ex.o(i.HAL_PCDEx_SetRxFiFo)
    HAL_PCDEx_SetTxFiFo                      0x08002f93   Thumb Code    68  stm32f4xx_hal_pcd_ex.o(i.HAL_PCDEx_SetTxFiFo)
    HAL_PCD_ConnectCallback                  0x08002fd7   Thumb Code     8  usbd_conf.o(i.HAL_PCD_ConnectCallback)
    HAL_PCD_DataInStageCallback              0x08002fdf   Thumb Code    18  usbd_conf.o(i.HAL_PCD_DataInStageCallback)
    HAL_PCD_DataOutStageCallback             0x08002ff1   Thumb Code    20  usbd_conf.o(i.HAL_PCD_DataOutStageCallback)
    HAL_PCD_DisconnectCallback               0x08003005   Thumb Code     8  usbd_conf.o(i.HAL_PCD_DisconnectCallback)
    HAL_PCD_EP_Abort                         0x0800300d   Thumb Code    30  stm32f4xx_hal_pcd.o(i.HAL_PCD_EP_Abort)
    HAL_PCD_EP_Close                         0x0800302b   Thumb Code    74  stm32f4xx_hal_pcd.o(i.HAL_PCD_EP_Close)
    HAL_PCD_EP_ClrStall                      0x08003075   Thumb Code    90  stm32f4xx_hal_pcd.o(i.HAL_PCD_EP_ClrStall)
    HAL_PCD_EP_GetRxCount                    0x080030cf   Thumb Code    18  stm32f4xx_hal_pcd.o(i.HAL_PCD_EP_GetRxCount)
    HAL_PCD_EP_Open                          0x080030e1   Thumb Code    98  stm32f4xx_hal_pcd.o(i.HAL_PCD_EP_Open)
    HAL_PCD_EP_Receive                       0x08003143   Thumb Code    56  stm32f4xx_hal_pcd.o(i.HAL_PCD_EP_Receive)
    HAL_PCD_EP_SetStall                      0x0800317b   Thumb Code   114  stm32f4xx_hal_pcd.o(i.HAL_PCD_EP_SetStall)
    HAL_PCD_EP_Transmit                      0x080031ed   Thumb Code    50  stm32f4xx_hal_pcd.o(i.HAL_PCD_EP_Transmit)
    HAL_PCD_IRQHandler                       0x08003221   Thumb Code  1350  stm32f4xx_hal_pcd.o(i.HAL_PCD_IRQHandler)
    HAL_PCD_ISOINIncompleteCallback          0x0800376d   Thumb Code     8  usbd_conf.o(i.HAL_PCD_ISOINIncompleteCallback)
    HAL_PCD_ISOOUTIncompleteCallback         0x08003775   Thumb Code     8  usbd_conf.o(i.HAL_PCD_ISOOUTIncompleteCallback)
    HAL_PCD_Init                             0x0800377d   Thumb Code   202  stm32f4xx_hal_pcd.o(i.HAL_PCD_Init)
    HAL_PCD_MspInit                          0x08003849   Thumb Code   122  usbd_conf.o(i.HAL_PCD_MspInit)
    HAL_PCD_ResetCallback                    0x080038cd   Thumb Code    44  usbd_conf.o(i.HAL_PCD_ResetCallback)
    HAL_PCD_ResumeCallback                   0x080038f9   Thumb Code     8  usbd_conf.o(i.HAL_PCD_ResumeCallback)
    HAL_PCD_SOFCallback                      0x08003901   Thumb Code     8  usbd_conf.o(i.HAL_PCD_SOFCallback)
    HAL_PCD_SetAddress                       0x08003909   Thumb Code    38  stm32f4xx_hal_pcd.o(i.HAL_PCD_SetAddress)
    HAL_PCD_SetupStageCallback               0x0800392f   Thumb Code    14  usbd_conf.o(i.HAL_PCD_SetupStageCallback)
    HAL_PCD_Start                            0x0800393d   Thumb Code    66  stm32f4xx_hal_pcd.o(i.HAL_PCD_Start)
    HAL_PCD_SuspendCallback                  0x08003981   Thumb Code    44  usbd_conf.o(i.HAL_PCD_SuspendCallback)
    HAL_RCC_ClockConfig                      0x080039b1   Thumb Code   288  stm32f4xx_hal_rcc.o(i.HAL_RCC_ClockConfig)
    HAL_RCC_GetHCLKFreq                      0x08003ae5   Thumb Code     6  stm32f4xx_hal_rcc.o(i.HAL_RCC_GetHCLKFreq)
    HAL_RCC_GetPCLK1Freq                     0x08003af1   Thumb Code    20  stm32f4xx_hal_rcc.o(i.HAL_RCC_GetPCLK1Freq)
    HAL_RCC_GetPCLK2Freq                     0x08003b11   Thumb Code    20  stm32f4xx_hal_rcc.o(i.HAL_RCC_GetPCLK2Freq)
    HAL_RCC_GetSysClockFreq                  0x08003b31   Thumb Code    88  stm32f4xx_hal_rcc.o(i.HAL_RCC_GetSysClockFreq)
    HAL_RCC_OscConfig                        0x08003b95   Thumb Code   836  stm32f4xx_hal_rcc.o(i.HAL_RCC_OscConfig)
    HAL_SPI_Init                             0x08003eed   Thumb Code   188  stm32f4xx_hal_spi.o(i.HAL_SPI_Init)
    HAL_SPI_MspInit                          0x08003fa9   Thumb Code   128  spi.o(i.HAL_SPI_MspInit)
    HAL_SPI_Transmit                         0x08004039   Thumb Code   358  stm32f4xx_hal_spi.o(i.HAL_SPI_Transmit)
    HAL_SYSTICK_Config                       0x0800419f   Thumb Code    40  stm32f4xx_hal_cortex.o(i.HAL_SYSTICK_Config)
    HAL_TIM_MspPostInit                      0x080041c9   Thumb Code    70  tim.o(i.HAL_TIM_MspPostInit)
    HAL_TIM_PWM_ConfigChannel                0x0800421d   Thumb Code   204  stm32f4xx_hal_tim.o(i.HAL_TIM_PWM_ConfigChannel)
    HAL_TIM_PWM_Init                         0x080042e9   Thumb Code    90  stm32f4xx_hal_tim.o(i.HAL_TIM_PWM_Init)
    HAL_TIM_PWM_MspInit                      0x08004345   Thumb Code    30  tim.o(i.HAL_TIM_PWM_MspInit)
    HAL_TIM_PWM_Start                        0x0800436d   Thumb Code   178  stm32f4xx_hal_tim.o(i.HAL_TIM_PWM_Start)
    HAL_UARTEx_RxEventCallback               0x0800443d   Thumb Code     2  stm32f4xx_hal_uart.o(i.HAL_UARTEx_RxEventCallback)
    HAL_UART_ErrorCallback                   0x08004441   Thumb Code    24  usart.o(i.HAL_UART_ErrorCallback)
    HAL_UART_IRQHandler                      0x08004461   Thumb Code   636  stm32f4xx_hal_uart.o(i.HAL_UART_IRQHandler)
    HAL_UART_Init                            0x080046e1   Thumb Code   100  stm32f4xx_hal_uart.o(i.HAL_UART_Init)
    HAL_UART_MspInit                         0x08004745   Thumb Code   248  usart.o(i.HAL_UART_MspInit)
    HAL_UART_Receive_IT                      0x08004855   Thumb Code    28  stm32f4xx_hal_uart.o(i.HAL_UART_Receive_IT)
    HAL_UART_RxCpltCallback                  0x08004871   Thumb Code    24  usart.o(i.HAL_UART_RxCpltCallback)
    HAL_UART_Transmit                        0x08004891   Thumb Code   160  stm32f4xx_hal_uart.o(i.HAL_UART_Transmit)
    HAL_UART_TxCpltCallback                  0x08004931   Thumb Code     2  stm32f4xx_hal_uart.o(i.HAL_UART_TxCpltCallback)
    HTMotor_Init                             0x08004935   Thumb Code    60  htmotor.o(i.HTMotor_Init)
    HTMotor_OnCanRx                          0x08004981   Thumb Code    86  htmotor.o(i.HTMotor_OnCanRx)
    HTMotor_Task                             0x080049dd   Thumb Code   146  htmotor.o(i.HTMotor_Task)
    HTMotor_UISetPos                         0x08004a85   Thumb Code    64  htmotor.o(i.HTMotor_UISetPos)
    HTMotor_UISetSpeed                       0x08004ad1   Thumb Code   148  htmotor.o(i.HTMotor_UISetSpeed)
    HTMotor_UIStart                          0x08004b8d   Thumb Code   172  htmotor.o(i.HTMotor_UIStart)
    HTMotor_UIStartPos                       0x08004c59   Thumb Code   178  htmotor.o(i.HTMotor_UIStartPos)
    HTMotor_UIStop                           0x08004d29   Thumb Code    48  htmotor.o(i.HTMotor_UIStop)
    HardFault_Handler                        0x08004dc3   Thumb Code     2  stm32f4xx_it.o(i.HardFault_Handler)
    MX_ADC1_Init                             0x08004dfd   Thumb Code    88  adc.o(i.MX_ADC1_Init)
    MX_CAN1_Init                             0x08004e61   Thumb Code    62  can.o(i.MX_CAN1_Init)
    MX_GPIO_Init                             0x08004ea9   Thumb Code   286  gpio.o(i.MX_GPIO_Init)
    MX_SPI1_Init                             0x08004fdd   Thumb Code    62  spi.o(i.MX_SPI1_Init)
    MX_TIM12_Init                            0x08005025   Thumb Code    84  tim.o(i.MX_TIM12_Init)
    MX_UART7_Init                            0x08005081   Thumb Code    48  usart.o(i.MX_UART7_Init)
    MX_UART8_Init                            0x080050b9   Thumb Code    48  usart.o(i.MX_UART8_Init)
    MX_USART6_UART_Init                      0x080050f1   Thumb Code    48  usart.o(i.MX_USART6_UART_Init)
    MX_USB_DEVICE_Init                       0x08005129   Thumb Code    66  usb_device.o(i.MX_USB_DEVICE_Init)
    MemManage_Handler                        0x0800517d   Thumb Code     2  stm32f4xx_it.o(i.MemManage_Handler)
    NMI_Handler                              0x0800517f   Thumb Code     2  stm32f4xx_it.o(i.NMI_Handler)
    OTG_FS_IRQHandler                        0x08005181   Thumb Code     6  stm32f4xx_it.o(i.OTG_FS_IRQHandler)
    PendSV_Handler                           0x080052f1   Thumb Code     2  stm32f4xx_it.o(i.PendSV_Handler)
    SVC_Handler                              0x0800541d   Thumb Code     2  stm32f4xx_it.o(i.SVC_Handler)
    SysTick_Handler                          0x08005429   Thumb Code     4  stm32f4xx_it.o(i.SysTick_Handler)
    SystemClock_Config                       0x0800542d   Thumb Code   136  main.o(i.SystemClock_Config)
    SystemInit                               0x080054bd   Thumb Code    66  system_stm32f4xx.o(i.SystemInit)
    TIM_Base_SetConfig                       0x08005511   Thumb Code   164  stm32f4xx_hal_tim.o(i.TIM_Base_SetConfig)
    TIM_CCxChannelCmd                        0x080055e1   Thumb Code    26  stm32f4xx_hal_tim.o(i.TIM_CCxChannelCmd)
    TIM_OC2_SetConfig                        0x0800565d   Thumb Code    98  stm32f4xx_hal_tim.o(i.TIM_OC2_SetConfig)
    UART8_IRQHandler                         0x08005781   Thumb Code     6  stm32f4xx_it.o(i.UART8_IRQHandler)
    UART8_RxCpltCallback                     0x0800578d   Thumb Code    38  usart.o(i.UART8_RxCpltCallback)
    UART8_StartReceiveIT                     0x080057bd   Thumb Code    10  usart.o(i.UART8_StartReceiveIT)
    UART_Start_Receive_IT                    0x080059fd   Thumb Code    54  stm32f4xx_hal_uart.o(i.UART_Start_Receive_IT)
    UI_Init                                  0x08005ab5   Thumb Code    38  ui.o(i.UI_Init)
    UI_RequestRedraw                         0x08005c69   Thumb Code     8  ui.o(i.UI_RequestRedraw)
    UI_Task                                  0x08005c75   Thumb Code    76  ui.o(i.UI_Task)
    USART6_ErrorCallback                     0x08005cc5   Thumb Code    10  usart.o(i.USART6_ErrorCallback)
    USART6_IRQHandler                        0x08005cd5   Thumb Code     6  stm32f4xx_it.o(i.USART6_IRQHandler)
    USART6_RxCpltCallback                    0x08005ce1   Thumb Code    44  usart.o(i.USART6_RxCpltCallback)
    USART6_StartReceiveIT                    0x08005d15   Thumb Code    10  usart.o(i.USART6_StartReceiveIT)
    USBD_CDC_GetDeviceQualifierDescriptor    0x08005eb5   Thumb Code     8  usbd_cdc.o(i.USBD_CDC_GetDeviceQualifierDescriptor)
    USBD_CDC_ReceivePacket                   0x08006099   Thumb Code    50  usbd_cdc.o(i.USBD_CDC_ReceivePacket)
    USBD_CDC_RegisterInterface               0x080060d1   Thumb Code    22  usbd_cdc.o(i.USBD_CDC_RegisterInterface)
    USBD_CDC_SetRxBuffer                     0x080060e7   Thumb Code    26  usbd_cdc.o(i.USBD_CDC_SetRxBuffer)
    USBD_CDC_SetTxBuffer                     0x08006101   Thumb Code    30  usbd_cdc.o(i.USBD_CDC_SetTxBuffer)
    USBD_CDC_TransmitPacket                  0x080061f5   Thumb Code    76  usbd_cdc.o(i.USBD_CDC_TransmitPacket)
    USBD_ClrClassConfig                      0x08006245   Thumb Code    20  usbd_core.o(i.USBD_ClrClassConfig)
    USBD_CoreFindEP                          0x08006259   Thumb Code     4  usbd_core.o(i.USBD_CoreFindEP)
    USBD_CoreFindIF                          0x0800625d   Thumb Code     4  usbd_core.o(i.USBD_CoreFindIF)
    USBD_CtlContinueRx                       0x08006261   Thumb Code    16  usbd_ioreq.o(i.USBD_CtlContinueRx)
    USBD_CtlContinueSendData                 0x08006271   Thumb Code    16  usbd_ioreq.o(i.USBD_CtlContinueSendData)
    USBD_CtlError                            0x08006281   Thumb Code    22  usbd_ctlreq.o(i.USBD_CtlError)
    USBD_CtlPrepareRx                        0x08006297   Thumb Code    34  usbd_ioreq.o(i.USBD_CtlPrepareRx)
    USBD_CtlReceiveStatus                    0x080062b9   Thumb Code    22  usbd_ioreq.o(i.USBD_CtlReceiveStatus)
    USBD_CtlSendData                         0x080062cf   Thumb Code    28  usbd_ioreq.o(i.USBD_CtlSendData)
    USBD_CtlSendStatus                       0x080062eb   Thumb Code    22  usbd_ioreq.o(i.USBD_CtlSendStatus)
    USBD_FS_ConfigStrDescriptor              0x08006301   Thumb Code    16  usbd_desc.o(i.USBD_FS_ConfigStrDescriptor)
    USBD_FS_DeviceDescriptor                 0x08006321   Thumb Code     8  usbd_desc.o(i.USBD_FS_DeviceDescriptor)
    USBD_FS_InterfaceStrDescriptor           0x0800632d   Thumb Code    16  usbd_desc.o(i.USBD_FS_InterfaceStrDescriptor)
    USBD_FS_LangIDStrDescriptor              0x08006351   Thumb Code     8  usbd_desc.o(i.USBD_FS_LangIDStrDescriptor)
    USBD_FS_ManufacturerStrDescriptor        0x0800635d   Thumb Code    16  usbd_desc.o(i.USBD_FS_ManufacturerStrDescriptor)
    USBD_FS_ProductStrDescriptor             0x08006385   Thumb Code    16  usbd_desc.o(i.USBD_FS_ProductStrDescriptor)
    USBD_FS_SerialStrDescriptor              0x080063b1   Thumb Code    48  usbd_desc.o(i.USBD_FS_SerialStrDescriptor)
    USBD_GetEpDesc                           0x080064cf   Thumb Code    58  usbd_core.o(i.USBD_GetEpDesc)
    USBD_GetNextDesc                         0x0800651d   Thumb Code    14  usbd_core.o(i.USBD_GetNextDesc)
    USBD_GetString                           0x0800652b   Thumb Code    78  usbd_ctlreq.o(i.USBD_GetString)
    USBD_Get_USB_Status                      0x08006579   Thumb Code    24  usbd_conf.o(i.USBD_Get_USB_Status)
    USBD_Init                                0x08006591   Thumb Code    38  usbd_core.o(i.USBD_Init)
    USBD_LL_ClearStallEP                     0x080065b7   Thumb Code    18  usbd_conf.o(i.USBD_LL_ClearStallEP)
    USBD_LL_CloseEP                          0x080065c9   Thumb Code    18  usbd_conf.o(i.USBD_LL_CloseEP)
    USBD_LL_DataInStage                      0x080065db   Thumb Code   184  usbd_core.o(i.USBD_LL_DataInStage)
    USBD_LL_DataOutStage                     0x08006693   Thumb Code   148  usbd_core.o(i.USBD_LL_DataOutStage)
    USBD_LL_DevConnected                     0x08006727   Thumb Code     4  usbd_core.o(i.USBD_LL_DevConnected)
    USBD_LL_DevDisconnected                  0x0800672b   Thumb Code    30  usbd_core.o(i.USBD_LL_DevDisconnected)
    USBD_LL_GetRxDataSize                    0x08006749   Thumb Code     8  usbd_conf.o(i.USBD_LL_GetRxDataSize)
    USBD_LL_Init                             0x08006751   Thumb Code    90  usbd_conf.o(i.USBD_LL_Init)
    USBD_LL_IsStallEP                        0x080067b1   Thumb Code    30  usbd_conf.o(i.USBD_LL_IsStallEP)
    USBD_LL_IsoINIncomplete                  0x080067cf   Thumb Code    40  usbd_core.o(i.USBD_LL_IsoINIncomplete)
    USBD_LL_IsoOUTIncomplete                 0x080067f7   Thumb Code    40  usbd_core.o(i.USBD_LL_IsoOUTIncomplete)
    USBD_LL_OpenEP                           0x0800681f   Thumb Code    24  usbd_conf.o(i.USBD_LL_OpenEP)
    USBD_LL_PrepareReceive                   0x08006837   Thumb Code    18  usbd_conf.o(i.USBD_LL_PrepareReceive)
    USBD_LL_Reset                            0x08006849   Thumb Code    94  usbd_core.o(i.USBD_LL_Reset)
    USBD_LL_Resume                           0x080068a7   Thumb Code    20  usbd_core.o(i.USBD_LL_Resume)
    USBD_LL_SOF                              0x080068bb   Thumb Code    26  usbd_core.o(i.USBD_LL_SOF)
    USBD_LL_SetSpeed                         0x080068d5   Thumb Code     6  usbd_core.o(i.USBD_LL_SetSpeed)
    USBD_LL_SetUSBAddress                    0x080068db   Thumb Code    18  usbd_conf.o(i.USBD_LL_SetUSBAddress)
    USBD_LL_SetupStage                       0x080068ed   Thumb Code    96  usbd_core.o(i.USBD_LL_SetupStage)
    USBD_LL_StallEP                          0x0800694d   Thumb Code    18  usbd_conf.o(i.USBD_LL_StallEP)
    USBD_LL_Start                            0x0800695f   Thumb Code    18  usbd_conf.o(i.USBD_LL_Start)
    USBD_LL_Suspend                          0x08006971   Thumb Code    26  usbd_core.o(i.USBD_LL_Suspend)
    USBD_LL_Transmit                         0x0800698b   Thumb Code    18  usbd_conf.o(i.USBD_LL_Transmit)
    USBD_ParseSetupRequest                   0x0800699d   Thumb Code    48  usbd_ctlreq.o(i.USBD_ParseSetupRequest)
    USBD_RegisterClass                       0x080069cd   Thumb Code    58  usbd_core.o(i.USBD_RegisterClass)
    USBD_SetClassConfig                      0x08006a07   Thumb Code    20  usbd_core.o(i.USBD_SetClassConfig)
    USBD_Start                               0x08006ad5   Thumb Code     4  usbd_core.o(i.USBD_Start)
    USBD_StdDevReq                           0x08006ad9   Thumb Code   300  usbd_ctlreq.o(i.USBD_StdDevReq)
    USBD_StdEPReq                            0x08006c05   Thumb Code   358  usbd_ctlreq.o(i.USBD_StdEPReq)
    USBD_StdItfReq                           0x08006d6b   Thumb Code   114  usbd_ctlreq.o(i.USBD_StdItfReq)
    USBD_static_free                         0x08006ddd   Thumb Code     2  usbd_conf.o(i.USBD_static_free)
    USBD_static_malloc                       0x08006de1   Thumb Code     4  usbd_conf.o(i.USBD_static_malloc)
    USB_ActivateEndpoint                     0x08006de9   Thumb Code   122  stm32f4xx_ll_usb.o(i.USB_ActivateEndpoint)
    USB_ActivateSetup                        0x08006e69   Thumb Code    28  stm32f4xx_ll_usb.o(i.USB_ActivateSetup)
    USB_CoreInit                             0x08006e85   Thumb Code   126  stm32f4xx_ll_usb.o(i.USB_CoreInit)
    USB_DeactivateEndpoint                   0x08006f4d   Thumb Code   198  stm32f4xx_ll_usb.o(i.USB_DeactivateEndpoint)
    USB_DevConnect                           0x0800701d   Thumb Code    28  stm32f4xx_ll_usb.o(i.USB_DevConnect)
    USB_DevDisconnect                        0x08007039   Thumb Code    28  stm32f4xx_ll_usb.o(i.USB_DevDisconnect)
    USB_DevInit                              0x08007055   Thumb Code   358  stm32f4xx_ll_usb.o(i.USB_DevInit)
    USB_DisableGlobalInt                     0x080071c5   Thumb Code    12  stm32f4xx_ll_usb.o(i.USB_DisableGlobalInt)
    USB_EP0_OutStart                         0x080071d1   Thumb Code    84  stm32f4xx_ll_usb.o(i.USB_EP0_OutStart)
    USB_EPClearStall                         0x08007229   Thumb Code    88  stm32f4xx_ll_usb.o(i.USB_EPClearStall)
    USB_EPSetStall                           0x08007281   Thumb Code    88  stm32f4xx_ll_usb.o(i.USB_EPSetStall)
    USB_EPStartXfer                          0x080072d9   Thumb Code   562  stm32f4xx_ll_usb.o(i.USB_EPStartXfer)
    USB_EPStopXfer                           0x08007511   Thumb Code   156  stm32f4xx_ll_usb.o(i.USB_EPStopXfer)
    USB_EnableGlobalInt                      0x080075ad   Thumb Code    12  stm32f4xx_ll_usb.o(i.USB_EnableGlobalInt)
    USB_FlushRxFifo                          0x080075b9   Thumb Code    56  stm32f4xx_ll_usb.o(i.USB_FlushRxFifo)
    USB_FlushTxFifo                          0x080075f1   Thumb Code    60  stm32f4xx_ll_usb.o(i.USB_FlushTxFifo)
    USB_GetDevSpeed                          0x0800762d   Thumb Code    26  stm32f4xx_ll_usb.o(i.USB_GetDevSpeed)
    USB_GetMode                              0x08007647   Thumb Code     8  stm32f4xx_ll_usb.o(i.USB_GetMode)
    USB_ReadDevAllInEpInterrupt              0x0800764f   Thumb Code    14  stm32f4xx_ll_usb.o(i.USB_ReadDevAllInEpInterrupt)
    USB_ReadDevAllOutEpInterrupt             0x0800765d   Thumb Code    14  stm32f4xx_ll_usb.o(i.USB_ReadDevAllOutEpInterrupt)
    USB_ReadDevInEPInterrupt                 0x0800766b   Thumb Code    36  stm32f4xx_ll_usb.o(i.USB_ReadDevInEPInterrupt)
    USB_ReadDevOutEPInterrupt                0x0800768f   Thumb Code    16  stm32f4xx_ll_usb.o(i.USB_ReadDevOutEPInterrupt)
    USB_ReadInterrupts                       0x0800769f   Thumb Code     8  stm32f4xx_ll_usb.o(i.USB_ReadInterrupts)
    USB_ReadPacket                           0x080076a7   Thumb Code    62  stm32f4xx_ll_usb.o(i.USB_ReadPacket)
    USB_SetCurrentMode                       0x080076e5   Thumb Code    92  stm32f4xx_ll_usb.o(i.USB_SetCurrentMode)
    USB_SetDevAddress                        0x08007741   Thumb Code    34  stm32f4xx_ll_usb.o(i.USB_SetDevAddress)
    USB_SetTurnaroundTime                    0x08007765   Thumb Code   158  stm32f4xx_ll_usb.o(i.USB_SetTurnaroundTime)
    USB_UART8_BridgeInit                     0x0800784d   Thumb Code    14  usart.o(i.USB_UART8_BridgeInit)
    USB_UART8_BridgeTask                     0x08007861   Thumb Code   108  usart.o(i.USB_UART8_BridgeTask)
    USB_UART8_OnUsbReceive                   0x080078d9   Thumb Code    22  usart.o(i.USB_UART8_OnUsbReceive)
    USB_WritePacket                          0x080078f5   Thumb Code    38  stm32f4xx_ll_usb.o(i.USB_WritePacket)
    UsageFault_Handler                       0x0800791b   Thumb Code     2  stm32f4xx_it.o(i.UsageFault_Handler)
    __ARM_fpclassify                         0x0800791d   Thumb Code    48  fpclassify.o(i.__ARM_fpclassify)
    _is_digit                                0x0800796d   Thumb Code    14  __printf_wp.o(i._is_digit)
    can_user_init                            0x0800797b   Thumb Code    58  bsp_can.o(i.can_user_init)
    led_off                                  0x08007b49   Thumb Code    26  gpio.o(i.led_off)
    main                                     0x08007b6d   Thumb Code   284  main.o(i.main)
    oled_LOGO                                0x08007d01   Thumb Code    92  oled.o(i.oled_LOGO)
    oled_clear                               0x08007d61   Thumb Code    60  oled.o(i.oled_clear)
    oled_drawpoint                           0x08007da1   Thumb Code    66  oled.o(i.oled_drawpoint)
    oled_init                                0x08007de9   Thumb Code   286  oled.o(i.oled_init)
    oled_refresh_gram                        0x08007f0d   Thumb Code    46  oled.o(i.oled_refresh_gram)
    oled_showchar                            0x08007f85   Thumb Code   116  oled.o(i.oled_showchar)
    oled_showstring                          0x08007ffd   Thumb Code    46  oled.o(i.oled_showstring)
    oled_write_byte                          0x0800802d   Thumb Code    36  oled.o(i.oled_write_byte)
    pid_calc                                 0x08008059   Thumb Code   166  pid.o(i.pid_calc)
    pid_init                                 0x080080ff   Thumb Code     6  pid.o(i.pid_init)
    set_motor_voltage                        0x08008105   Thumb Code    88  bsp_can.o(i.set_motor_voltage)
    _get_lc_numeric                          0x08008161   Thumb Code    44  lc_numeric_c.o(locale$$code)
    __fpl_dretinf                            0x0800818d   Thumb Code    12  dretinf.o(x$fpl$dretinf)
    __aeabi_f2d                              0x08008199   Thumb Code     0  f2d.o(x$fpl$f2d)
    _f2d                                     0x08008199   Thumb Code    86  f2d.o(x$fpl$f2d)
    __fpl_fnaninf                            0x080081ef   Thumb Code   140  fnaninf.o(x$fpl$fnaninf)
    _fp_init                                 0x0800827b   Thumb Code    10  fpinit.o(x$fpl$fpinit)
    __fplib_config_fpu_vfp                   0x08008283   Thumb Code     0  fpinit.o(x$fpl$fpinit)
    __fplib_config_pureend_doubles           0x08008283   Thumb Code     0  fpinit.o(x$fpl$fpinit)
    _printf_fp_dec                           0x08008285   Thumb Code     4  printf1.o(x$fpl$printf1)
    AHBPrescTable                            0x08008288   Data          16  system_stm32f4xx.o(.constdata)
    __I$use$fp                               0x08008288   Number         0  usenofp.o(x$fpl$usenofp)
    APBPrescTable                            0x08008298   Data           8  system_stm32f4xx.o(.constdata)
    asc2_1206                                0x080082a0   Data        1140  oled.o(.constdata)
    LOGO_BMP                                 0x08008714   Data        1024  oled.o(.constdata)
    Region$$Table$$Base                      0x08008bbc   Number         0  anon$$obj.o(Region$$Table)
    Region$$Table$$Limit                     0x08008bdc   Number         0  anon$$obj.o(Region$$Table)
    FS_Desc                                  0x20000094   Data          28  usbd_desc.o(.data)
    USBD_LangIDDesc                          0x200000b0   Data           4  usbd_desc.o(.data)
    USBD_FS_DeviceDesc                       0x200000b4   Data          18  usbd_desc.o(.data)
    USBD_StringSerial                        0x200000c8   Data          26  usbd_desc.o(.data)
    USBD_Interface_fops_FS                   0x200000e4   Data          20  usbd_cdc_if.o(.data)
    uwTickFreq                               0x200000f8   Data           1  stm32f4xx_hal.o(.data)
    uwTickPrio                               0x200000fc   Data           4  stm32f4xx_hal.o(.data)
    uwTick                                   0x20000100   Data           4  stm32f4xx_hal.o(.data)
    SystemCoreClock                          0x20000104   Data           4  system_stm32f4xx.o(.data)
    USBD_CDC                                 0x20000160   Data          56  usbd_cdc.o(.data)
    can_cnt                                  0x20000198   Data           2  bsp_can.o(.data)
    MMCL_cmd                                 0x20000218   Data        1024  emm_v5.o(.bss)
    hadc1                                    0x20000aec   Data          72  adc.o(.bss)
    hcan1                                    0x20000b34   Data          40  can.o(.bss)
    hspi1                                    0x20000b5c   Data          88  spi.o(.bss)
    htim12                                   0x20000bb4   Data          72  tim.o(.bss)
    huart7                                   0x20000e1c   Data          72  usart.o(.bss)
    huart8                                   0x20000e64   Data          72  usart.o(.bss)
    huart6                                   0x20000eac   Data          72  usart.o(.bss)
    hUsbDeviceFS                             0x20000ef4   Data         732  usb_device.o(.bss)
    hpcd_USB_OTG_FS                          0x200013f0   Data        1252  usbd_conf.o(.bss)
    USBD_StrDesc                             0x200018d4   Data         512  usbd_desc.o(.bss)
    UserRxBufferFS                           0x20001ad4   Data        2048  usbd_cdc_if.o(.bss)
    UserTxBufferFS                           0x200022d4   Data        2048  usbd_cdc_if.o(.bss)
    motor_info                               0x20002ed4   Data          84  bsp_can.o(.bss)
    __libspace_start                         0x20002f28   Data          96  libspace.o(.bss)
    __temporary_stack_top$libspace           0x20002f88   Data           0  libspace.o(.bss)



==============================================================================

Memory Map of the image

  Image Entry point : 0x080001ad

  Load Region LR_IROM1 (Base: 0x08000000, Size: 0x00008d9c, Max: 0x00200000, ABSOLUTE, COMPRESSED[0x00008cc4])

    Execution Region ER_IROM1 (Exec base: 0x08000000, Load base: 0x08000000, Size: 0x00008bf8, Max: 0x00200000, ABSOLUTE)

    Exec Addr    Load Addr    Size         Type   Attr      Idx    E Section Name        Object

    0x08000000   0x08000000   0x000001ac   Data   RO            3    RESET               startup_stm32f427xx.o
    0x080001ac   0x080001ac   0x00000008   Code   RO         6821  * !!!main             c_w.l(__main.o)
    0x080001b4   0x080001b4   0x00000034   Code   RO         7133    !!!scatter          c_w.l(__scatter.o)
    0x080001e8   0x080001e8   0x0000005a   Code   RO         7131    !!dczerorl2         c_w.l(__dczerorl2.o)
    0x08000242   0x08000242   0x00000002   PAD
    0x08000244   0x08000244   0x0000001c   Code   RO         7135    !!handler_zi        c_w.l(__scatter_zi.o)
    0x08000260   0x08000260   0x00000000   Code   RO         6814    .ARM.Collect$$_printf_percent$$00000000  c_w.l(_printf_percent.o)
    0x08000260   0x08000260   0x00000006   Code   RO         6813    .ARM.Collect$$_printf_percent$$00000003  c_w.l(_printf_f.o)
    0x08000266   0x08000266   0x00000006   Code   RO         6812    .ARM.Collect$$_printf_percent$$00000009  c_w.l(_printf_d.o)
    0x0800026c   0x0800026c   0x00000006   Code   RO         6811    .ARM.Collect$$_printf_percent$$00000014  c_w.l(_printf_s.o)
    0x08000272   0x08000272   0x00000004   Code   RO         6891    .ARM.Collect$$_printf_percent$$00000017  c_w.l(_printf_percent_end.o)
    0x08000276   0x08000276   0x00000002   Code   RO         6999    .ARM.Collect$$libinit$$00000000  c_w.l(libinit.o)
    0x08000278   0x08000278   0x00000004   Code   RO         7000    .ARM.Collect$$libinit$$00000001  c_w.l(libinit2.o)
    0x0800027c   0x0800027c   0x00000000   Code   RO         7003    .ARM.Collect$$libinit$$00000004  c_w.l(libinit2.o)
    0x0800027c   0x0800027c   0x00000000   Code   RO         7006    .ARM.Collect$$libinit$$0000000A  c_w.l(libinit2.o)
    0x0800027c   0x0800027c   0x00000000   Code   RO         7008    .ARM.Collect$$libinit$$0000000C  c_w.l(libinit2.o)
    0x0800027c   0x0800027c   0x00000000   Code   RO         7010    .ARM.Collect$$libinit$$0000000E  c_w.l(libinit2.o)
    0x0800027c   0x0800027c   0x00000006   Code   RO         7011    .ARM.Collect$$libinit$$0000000F  c_w.l(libinit2.o)
    0x08000282   0x08000282   0x00000000   Code   RO         7013    .ARM.Collect$$libinit$$00000011  c_w.l(libinit2.o)
    0x08000282   0x08000282   0x00000000   Code   RO         7015    .ARM.Collect$$libinit$$00000013  c_w.l(libinit2.o)
    0x08000282   0x08000282   0x00000000   Code   RO         7017    .ARM.Collect$$libinit$$00000015  c_w.l(libinit2.o)
    0x08000282   0x08000282   0x0000000a   Code   RO         7018    .ARM.Collect$$libinit$$00000016  c_w.l(libinit2.o)
    0x0800028c   0x0800028c   0x00000000   Code   RO         7019    .ARM.Collect$$libinit$$00000017  c_w.l(libinit2.o)
    0x0800028c   0x0800028c   0x00000000   Code   RO         7021    .ARM.Collect$$libinit$$00000019  c_w.l(libinit2.o)
    0x0800028c   0x0800028c   0x00000000   Code   RO         7023    .ARM.Collect$$libinit$$0000001B  c_w.l(libinit2.o)
    0x0800028c   0x0800028c   0x00000000   Code   RO         7025    .ARM.Collect$$libinit$$0000001D  c_w.l(libinit2.o)
    0x0800028c   0x0800028c   0x00000000   Code   RO         7027    .ARM.Collect$$libinit$$0000001F  c_w.l(libinit2.o)
    0x0800028c   0x0800028c   0x00000000   Code   RO         7029    .ARM.Collect$$libinit$$00000021  c_w.l(libinit2.o)
    0x0800028c   0x0800028c   0x00000000   Code   RO         7031    .ARM.Collect$$libinit$$00000023  c_w.l(libinit2.o)
    0x0800028c   0x0800028c   0x00000000   Code   RO         7033    .ARM.Collect$$libinit$$00000025  c_w.l(libinit2.o)
    0x0800028c   0x0800028c   0x00000000   Code   RO         7037    .ARM.Collect$$libinit$$0000002C  c_w.l(libinit2.o)
    0x0800028c   0x0800028c   0x00000000   Code   RO         7039    .ARM.Collect$$libinit$$0000002E  c_w.l(libinit2.o)
    0x0800028c   0x0800028c   0x00000000   Code   RO         7041    .ARM.Collect$$libinit$$00000030  c_w.l(libinit2.o)
    0x0800028c   0x0800028c   0x00000000   Code   RO         7043    .ARM.Collect$$libinit$$00000032  c_w.l(libinit2.o)
    0x0800028c   0x0800028c   0x00000002   Code   RO         7044    .ARM.Collect$$libinit$$00000033  c_w.l(libinit2.o)
    0x0800028e   0x0800028e   0x00000002   Code   RO         7094    .ARM.Collect$$libshutdown$$00000000  c_w.l(libshutdown.o)
    0x08000290   0x08000290   0x00000000   Code   RO         7112    .ARM.Collect$$libshutdown$$00000002  c_w.l(libshutdown2.o)
    0x08000290   0x08000290   0x00000000   Code   RO         7114    .ARM.Collect$$libshutdown$$00000004  c_w.l(libshutdown2.o)
    0x08000290   0x08000290   0x00000000   Code   RO         7116    .ARM.Collect$$libshutdown$$00000006  c_w.l(libshutdown2.o)
    0x08000290   0x08000290   0x00000000   Code   RO         7119    .ARM.Collect$$libshutdown$$00000009  c_w.l(libshutdown2.o)
    0x08000290   0x08000290   0x00000000   Code   RO         7122    .ARM.Collect$$libshutdown$$0000000C  c_w.l(libshutdown2.o)
    0x08000290   0x08000290   0x00000000   Code   RO         7124    .ARM.Collect$$libshutdown$$0000000E  c_w.l(libshutdown2.o)
    0x08000290   0x08000290   0x00000000   Code   RO         7127    .ARM.Collect$$libshutdown$$00000011  c_w.l(libshutdown2.o)
    0x08000290   0x08000290   0x00000002   Code   RO         7128    .ARM.Collect$$libshutdown$$00000012  c_w.l(libshutdown2.o)
    0x08000292   0x08000292   0x00000000   Code   RO         6827    .ARM.Collect$$rtentry$$00000000  c_w.l(__rtentry.o)
    0x08000292   0x08000292   0x00000000   Code   RO         6913    .ARM.Collect$$rtentry$$00000002  c_w.l(__rtentry2.o)
    0x08000292   0x08000292   0x00000006   Code   RO         6925    .ARM.Collect$$rtentry$$00000004  c_w.l(__rtentry4.o)
    0x08000298   0x08000298   0x00000000   Code   RO         6915    .ARM.Collect$$rtentry$$00000009  c_w.l(__rtentry2.o)
    0x08000298   0x08000298   0x00000004   Code   RO         6916    .ARM.Collect$$rtentry$$0000000A  c_w.l(__rtentry2.o)
    0x0800029c   0x0800029c   0x00000000   Code   RO         6918    .ARM.Collect$$rtentry$$0000000C  c_w.l(__rtentry2.o)
    0x0800029c   0x0800029c   0x00000008   Code   RO         6919    .ARM.Collect$$rtentry$$0000000D  c_w.l(__rtentry2.o)
    0x080002a4   0x080002a4   0x00000002   Code   RO         7045    .ARM.Collect$$rtexit$$00000000  c_w.l(rtexit.o)
    0x080002a6   0x080002a6   0x00000000   Code   RO         7063    .ARM.Collect$$rtexit$$00000002  c_w.l(rtexit2.o)
    0x080002a6   0x080002a6   0x00000004   Code   RO         7064    .ARM.Collect$$rtexit$$00000003  c_w.l(rtexit2.o)
    0x080002aa   0x080002aa   0x00000006   Code   RO         7065    .ARM.Collect$$rtexit$$00000004  c_w.l(rtexit2.o)
    0x080002b0   0x080002b0   0x00000040   Code   RO            4    .text               startup_stm32f427xx.o
    0x080002f0   0x080002f0   0x000000ee   Code   RO         6776    .text               c_w.l(lludivv7m.o)
    0x080003de   0x080003de   0x00000002   PAD
    0x080003e0   0x080003e0   0x00000038   Code   RO         6780    .text               c_w.l(__2snprintf.o)
    0x08000418   0x08000418   0x00000052   Code   RO         6786    .text               c_w.l(_printf_str.o)
    0x0800046a   0x0800046a   0x00000002   PAD
    0x0800046c   0x0800046c   0x00000078   Code   RO         6788    .text               c_w.l(_printf_dec.o)
    0x080004e4   0x080004e4   0x00000188   Code   RO         6807    .text               c_w.l(__printf_flags_ss_wp.o)
    0x0800066c   0x0800066c   0x0000004e   Code   RO         6817    .text               c_w.l(rt_memclr_w.o)
    0x080006ba   0x080006ba   0x00000006   Code   RO         6819    .text               c_w.l(heapauxi.o)
    0x080006c0   0x080006c0   0x000000b2   Code   RO         6836    .text               c_w.l(_printf_intcommon.o)
    0x08000772   0x08000772   0x0000041e   Code   RO         6840    .text               c_w.l(_printf_fp_dec.o)
    0x08000b90   0x08000b90   0x00000030   Code   RO         6842    .text               c_w.l(_printf_char_common.o)
    0x08000bc0   0x08000bc0   0x0000000a   Code   RO         6844    .text               c_w.l(_sputc.o)
    0x08000bca   0x08000bca   0x00000010   Code   RO         6846    .text               c_w.l(_snputc.o)
    0x08000bda   0x08000bda   0x0000002c   Code   RO         6848    .text               c_w.l(_printf_char.o)
    0x08000c06   0x08000c06   0x00000002   PAD
    0x08000c08   0x08000c08   0x00000008   Code   RO         6932    .text               c_w.l(rt_locale_intlibspace.o)
    0x08000c10   0x08000c10   0x0000008a   Code   RO         6934    .text               c_w.l(lludiv10.o)
    0x08000c9a   0x08000c9a   0x00000002   PAD
    0x08000c9c   0x08000c9c   0x00000080   Code   RO         6939    .text               c_w.l(_printf_fp_infnan.o)
    0x08000d1c   0x08000d1c   0x000000e4   Code   RO         6945    .text               c_w.l(bigflt0.o)
    0x08000e00   0x08000e00   0x00000008   Code   RO         6979    .text               c_w.l(libspace.o)
    0x08000e08   0x08000e08   0x0000004a   Code   RO         6982    .text               c_w.l(sys_stackheap_outer.o)
    0x08000e52   0x08000e52   0x00000012   Code   RO         6986    .text               c_w.l(exit.o)
    0x08000e64   0x08000e64   0x00000080   Code   RO         6992    .text               c_w.l(strcmpv7m.o)
    0x08000ee4   0x08000ee4   0x0000000c   Code   RO         7060    .text               c_w.l(sys_exit.o)
    0x08000ef0   0x08000ef0   0x00000002   Code   RO         7081    .text               c_w.l(use_no_semi.o)
    0x08000ef2   0x08000ef2   0x00000000   Code   RO         7083    .text               c_w.l(indicate_semi.o)
    0x08000ef2   0x08000ef2   0x0000003e   Code   RO         6948    CL$$btod_d2e        c_w.l(btod.o)
    0x08000f30   0x08000f30   0x00000046   Code   RO         6950    CL$$btod_d2e_denorm_low  c_w.l(btod.o)
    0x08000f76   0x08000f76   0x00000060   Code   RO         6949    CL$$btod_d2e_norm_op1  c_w.l(btod.o)
    0x08000fd6   0x08000fd6   0x00000338   Code   RO         6958    CL$$btod_div_common  c_w.l(btod.o)
    0x0800130e   0x0800130e   0x000000dc   Code   RO         6955    CL$$btod_e2e        c_w.l(btod.o)
    0x080013ea   0x080013ea   0x0000002a   Code   RO         6952    CL$$btod_ediv       c_w.l(btod.o)
    0x08001414   0x08001414   0x0000002a   Code   RO         6951    CL$$btod_emul       c_w.l(btod.o)
    0x0800143e   0x0800143e   0x00000244   Code   RO         6957    CL$$btod_mult_common  c_w.l(btod.o)
    0x08001682   0x08001682   0x00000002   PAD
    0x08001684   0x08001684   0x00000128   Code   RO         3932    i.ADC_Init          stm32f4xx_hal_adc.o
    0x080017ac   0x080017ac   0x00000002   Code   RO         1982    i.BusFault_Handler  stm32f4xx_it.o
    0x080017ae   0x080017ae   0x00000002   PAD
    0x080017b0   0x080017b0   0x0000001c   Code   RO         6734    i.ButtonAD_Init     button_ad.o
    0x080017cc   0x080017cc   0x00000078   Code   RO         6735    i.ButtonAD_ReadKey  button_ad.o
    0x08001844   0x08001844   0x0000006c   Code   RO         6736    i.ButtonAD_ReadRaw  button_ad.o
    0x080018b0   0x080018b0   0x00000024   Code   RO          192    i.Buzzer_ApplyPwm   buzzer.o
    0x080018d4   0x080018d4   0x00000050   Code   RO          193    i.Buzzer_Init       buzzer.o
    0x08001924   0x08001924   0x0000000c   Code   RO         1983    i.CAN1_RX0_IRQHandler  stm32f4xx_it.o
    0x08001930   0x08001930   0x0000000c   Code   RO         1984    i.CAN1_TX_IRQHandler  stm32f4xx_it.o
    0x0800193c   0x0800193c   0x00000004   Code   RO         1912    i.CDC_Control_FS    usbd_cdc_if.o
    0x08001940   0x08001940   0x00000004   Code   RO         1913    i.CDC_DeInit_FS     usbd_cdc_if.o
    0x08001944   0x08001944   0x00000024   Code   RO         1916    i.CDC_Init_FS       usbd_cdc_if.o
    0x08001968   0x08001968   0x0000002c   Code   RO         1917    i.CDC_Receive_FS    usbd_cdc_if.o
    0x08001994   0x08001994   0x00000004   Code   RO         1918    i.CDC_TransmitCplt_FS  usbd_cdc_if.o
    0x08001998   0x08001998   0x00000030   Code   RO         1919    i.CDC_Transmit_FS   usbd_cdc_if.o
    0x080019c8   0x080019c8   0x00000002   Code   RO         1985    i.DebugMon_Handler  stm32f4xx_it.o
    0x080019ca   0x080019ca   0x00000002   PAD
    0x080019cc   0x080019cc   0x0000000c   Code   RO         1367    i.EmmMotor_GetCurrentPosDeg  usart.o
    0x080019d8   0x080019d8   0x0000000c   Code   RO         1368    i.EmmMotor_GetDirUp  usart.o
    0x080019e4   0x080019e4   0x0000000c   Code   RO         1369    i.EmmMotor_GetHeightSettingMm  usart.o
    0x080019f0   0x080019f0   0x0000000c   Code   RO         1370    i.EmmMotor_GetSpeedRpm  usart.o
    0x080019fc   0x080019fc   0x0000000c   Code   RO         1372    i.EmmMotor_GetTargetPosDeg  usart.o
    0x08001a08   0x08001a08   0x00000040   Code   RO         1373    i.EmmMotor_Init     usart.o
    0x08001a48   0x08001a48   0x0000003c   Code   RO         1374    i.EmmMotor_SetHeightSettingMm  usart.o
    0x08001a84   0x08001a84   0x00000048   Code   RO         1375    i.EmmMotor_StartMoveToSetting  usart.o
    0x08001acc   0x08001acc   0x00000008   Code   RO         1376    i.EmmMotor_StopMove  usart.o
    0x08001ad4   0x08001ad4   0x00000098   Code   RO         1377    i.EmmMotor_Task     usart.o
    0x08001b6c   0x08001b6c   0x0000002c   Code   RO         1378    i.Emm_PosRawToDeg   usart.o
    0x08001b98   0x08001b98   0x00000094   Code   RO         1379    i.Emm_ProcessFrame  usart.o
    0x08001c2c   0x08001c2c   0x00000048   Code   RO          728    i.Emm_V5_Pos_Control  emm_v5.o
    0x08001c74   0x08001c74   0x00000084   Code   RO          737    i.Emm_V5_Read_Sys_Params  emm_v5.o
    0x08001cf8   0x08001cf8   0x00000028   Code   RO          743    i.Emm_V5_Stop_Now   emm_v5.o
    0x08001d20   0x08001d20   0x00000002   Code   RO         1072    i.Error_Handler     main.o
    0x08001d22   0x08001d22   0x0000001e   Code   RO          237    i.GM6020_DegToRaw   gm6020.o
    0x08001d40   0x08001d40   0x00000080   Code   RO          240    i.GM6020_Init       gm6020.o
    0x08001dc0   0x08001dc0   0x00000164   Code   RO          242    i.GM6020_Task       gm6020.o
    0x08001f24   0x08001f24   0x0000001c   Code   RO          243    i.GM6020_UISetPos   gm6020.o
    0x08001f40   0x08001f40   0x00000014   Code   RO          244    i.GM6020_UISetSpeed  gm6020.o
    0x08001f54   0x08001f54   0x00000018   Code   RO          245    i.GM6020_UIStart    gm6020.o
    0x08001f6c   0x08001f6c   0x0000001c   Code   RO          246    i.GM6020_UIStartPos  gm6020.o
    0x08001f88   0x08001f88   0x00000040   Code   RO          247    i.GM6020_UIStop     gm6020.o
    0x08001fc8   0x08001fc8   0x00000164   Code   RO         3934    i.HAL_ADC_ConfigChannel  stm32f4xx_hal_adc.o
    0x0800212c   0x0800212c   0x00000006   Code   RO         3941    i.HAL_ADC_GetValue  stm32f4xx_hal_adc.o
    0x08002132   0x08002132   0x00000054   Code   RO         3943    i.HAL_ADC_Init      stm32f4xx_hal_adc.o
    0x08002186   0x08002186   0x00000002   PAD
    0x08002188   0x08002188   0x00000060   Code   RO         1193    i.HAL_ADC_MspInit   adc.o
    0x080021e8   0x080021e8   0x000000aa   Code   RO         3947    i.HAL_ADC_PollForConversion  stm32f4xx_hal_adc.o
    0x08002292   0x08002292   0x00000002   PAD
    0x08002294   0x08002294   0x000000fc   Code   RO         3949    i.HAL_ADC_Start     stm32f4xx_hal_adc.o
    0x08002390   0x08002390   0x0000003c   Code   RO         3952    i.HAL_ADC_Stop      stm32f4xx_hal_adc.o
    0x080023cc   0x080023cc   0x00000024   Code   RO         4205    i.HAL_CAN_ActivateNotification  stm32f4xx_hal_can.o
    0x080023f0   0x080023f0   0x000000d0   Code   RO         4206    i.HAL_CAN_AddTxMessage  stm32f4xx_hal_can.o
    0x080024c0   0x080024c0   0x0000010c   Code   RO         4207    i.HAL_CAN_ConfigFilter  stm32f4xx_hal_can.o
    0x080025cc   0x080025cc   0x00000002   Code   RO         4210    i.HAL_CAN_ErrorCallback  stm32f4xx_hal_can.o
    0x080025ce   0x080025ce   0x000000f4   Code   RO         4213    i.HAL_CAN_GetRxMessage  stm32f4xx_hal_can.o
    0x080026c2   0x080026c2   0x000001fc   Code   RO         4217    i.HAL_CAN_IRQHandler  stm32f4xx_hal_can.o
    0x080028be   0x080028be   0x0000011a   Code   RO         4218    i.HAL_CAN_Init      stm32f4xx_hal_can.o
    0x080029d8   0x080029d8   0x00000088   Code   RO         1235    i.HAL_CAN_MspInit   can.o
    0x08002a60   0x08002a60   0x00000002   Code   RO         4225    i.HAL_CAN_RxFifo0FullCallback  stm32f4xx_hal_can.o
    0x08002a62   0x08002a62   0x00000002   PAD
    0x08002a64   0x08002a64   0x00000090   Code   RO         6663    i.HAL_CAN_RxFifo0MsgPendingCallback  bsp_can.o
    0x08002af4   0x08002af4   0x00000002   Code   RO         4227    i.HAL_CAN_RxFifo1FullCallback  stm32f4xx_hal_can.o
    0x08002af6   0x08002af6   0x00000002   Code   RO         4228    i.HAL_CAN_RxFifo1MsgPendingCallback  stm32f4xx_hal_can.o
    0x08002af8   0x08002af8   0x00000002   Code   RO         4229    i.HAL_CAN_SleepCallback  stm32f4xx_hal_can.o
    0x08002afa   0x08002afa   0x00000056   Code   RO         4230    i.HAL_CAN_Start     stm32f4xx_hal_can.o
    0x08002b50   0x08002b50   0x00000002   Code   RO         4232    i.HAL_CAN_TxMailbox0AbortCallback  stm32f4xx_hal_can.o
    0x08002b52   0x08002b52   0x00000002   Code   RO         4233    i.HAL_CAN_TxMailbox0CompleteCallback  stm32f4xx_hal_can.o
    0x08002b54   0x08002b54   0x00000002   Code   RO         4234    i.HAL_CAN_TxMailbox1AbortCallback  stm32f4xx_hal_can.o
    0x08002b56   0x08002b56   0x00000002   Code   RO         4235    i.HAL_CAN_TxMailbox1CompleteCallback  stm32f4xx_hal_can.o
    0x08002b58   0x08002b58   0x00000002   Code   RO         4236    i.HAL_CAN_TxMailbox2AbortCallback  stm32f4xx_hal_can.o
    0x08002b5a   0x08002b5a   0x00000002   Code   RO         4237    i.HAL_CAN_TxMailbox2CompleteCallback  stm32f4xx_hal_can.o
    0x08002b5c   0x08002b5c   0x00000002   Code   RO         4239    i.HAL_CAN_WakeUpFromRxMsgCallback  stm32f4xx_hal_can.o
    0x08002b5e   0x08002b5e   0x00000092   Code   RO         3211    i.HAL_DMA_Abort     stm32f4xx_hal_dma.o
    0x08002bf0   0x08002bf0   0x00000024   Code   RO         3212    i.HAL_DMA_Abort_IT  stm32f4xx_hal_dma.o
    0x08002c14   0x08002c14   0x00000024   Code   RO         3666    i.HAL_Delay         stm32f4xx_hal.o
    0x08002c38   0x08002c38   0x000001ec   Code   RO         3104    i.HAL_GPIO_Init     stm32f4xx_hal_gpio.o
    0x08002e24   0x08002e24   0x0000000a   Code   RO         3106    i.HAL_GPIO_ReadPin  stm32f4xx_hal_gpio.o
    0x08002e2e   0x08002e2e   0x00000010   Code   RO         3107    i.HAL_GPIO_TogglePin  stm32f4xx_hal_gpio.o
    0x08002e3e   0x08002e3e   0x0000000a   Code   RO         3108    i.HAL_GPIO_WritePin  stm32f4xx_hal_gpio.o
    0x08002e48   0x08002e48   0x0000000c   Code   RO         3674    i.HAL_GetTick       stm32f4xx_hal.o
    0x08002e54   0x08002e54   0x00000010   Code   RO         3680    i.HAL_IncTick       stm32f4xx_hal.o
    0x08002e64   0x08002e64   0x00000034   Code   RO         3681    i.HAL_Init          stm32f4xx_hal.o
    0x08002e98   0x08002e98   0x00000040   Code   RO         3682    i.HAL_InitTick      stm32f4xx_hal.o
    0x08002ed8   0x08002ed8   0x00000030   Code   RO         2088    i.HAL_MspInit       stm32f4xx_hal_msp.o
    0x08002f08   0x08002f08   0x0000001a   Code   RO         3514    i.HAL_NVIC_EnableIRQ  stm32f4xx_hal_cortex.o
    0x08002f22   0x08002f22   0x00000002   PAD
    0x08002f24   0x08002f24   0x00000040   Code   RO         3520    i.HAL_NVIC_SetPriority  stm32f4xx_hal_cortex.o
    0x08002f64   0x08002f64   0x00000024   Code   RO         3521    i.HAL_NVIC_SetPriorityGrouping  stm32f4xx_hal_cortex.o
    0x08002f88   0x08002f88   0x00000002   Code   RO         2351    i.HAL_PCDEx_LPM_Callback  stm32f4xx_hal_pcd_ex.o
    0x08002f8a   0x08002f8a   0x00000008   Code   RO         2352    i.HAL_PCDEx_SetRxFiFo  stm32f4xx_hal_pcd_ex.o
    0x08002f92   0x08002f92   0x00000044   Code   RO         2353    i.HAL_PCDEx_SetTxFiFo  stm32f4xx_hal_pcd_ex.o
    0x08002fd6   0x08002fd6   0x00000008   Code   RO         1619    i.HAL_PCD_ConnectCallback  usbd_conf.o
    0x08002fde   0x08002fde   0x00000012   Code   RO         1620    i.HAL_PCD_DataInStageCallback  usbd_conf.o
    0x08002ff0   0x08002ff0   0x00000014   Code   RO         1621    i.HAL_PCD_DataOutStageCallback  usbd_conf.o
    0x08003004   0x08003004   0x00000008   Code   RO         1622    i.HAL_PCD_DisconnectCallback  usbd_conf.o
    0x0800300c   0x0800300c   0x0000001e   Code   RO         2121    i.HAL_PCD_EP_Abort  stm32f4xx_hal_pcd.o
    0x0800302a   0x0800302a   0x0000004a   Code   RO         2122    i.HAL_PCD_EP_Close  stm32f4xx_hal_pcd.o
    0x08003074   0x08003074   0x0000005a   Code   RO         2123    i.HAL_PCD_EP_ClrStall  stm32f4xx_hal_pcd.o
    0x080030ce   0x080030ce   0x00000012   Code   RO         2125    i.HAL_PCD_EP_GetRxCount  stm32f4xx_hal_pcd.o
    0x080030e0   0x080030e0   0x00000062   Code   RO         2126    i.HAL_PCD_EP_Open   stm32f4xx_hal_pcd.o
    0x08003142   0x08003142   0x00000038   Code   RO         2127    i.HAL_PCD_EP_Receive  stm32f4xx_hal_pcd.o
    0x0800317a   0x0800317a   0x00000072   Code   RO         2128    i.HAL_PCD_EP_SetStall  stm32f4xx_hal_pcd.o
    0x080031ec   0x080031ec   0x00000032   Code   RO         2129    i.HAL_PCD_EP_Transmit  stm32f4xx_hal_pcd.o
    0x0800321e   0x0800321e   0x00000002   PAD
    0x08003220   0x08003220   0x0000054c   Code   RO         2131    i.HAL_PCD_IRQHandler  stm32f4xx_hal_pcd.o
    0x0800376c   0x0800376c   0x00000008   Code   RO         1623    i.HAL_PCD_ISOINIncompleteCallback  usbd_conf.o
    0x08003774   0x08003774   0x00000008   Code   RO         1624    i.HAL_PCD_ISOOUTIncompleteCallback  usbd_conf.o
    0x0800377c   0x0800377c   0x000000ca   Code   RO         2134    i.HAL_PCD_Init      stm32f4xx_hal_pcd.o
    0x08003846   0x08003846   0x00000002   PAD
    0x08003848   0x08003848   0x00000084   Code   RO         1626    i.HAL_PCD_MspInit   usbd_conf.o
    0x080038cc   0x080038cc   0x0000002c   Code   RO         1627    i.HAL_PCD_ResetCallback  usbd_conf.o
    0x080038f8   0x080038f8   0x00000008   Code   RO         1628    i.HAL_PCD_ResumeCallback  usbd_conf.o
    0x08003900   0x08003900   0x00000008   Code   RO         1629    i.HAL_PCD_SOFCallback  usbd_conf.o
    0x08003908   0x08003908   0x00000026   Code   RO         2140    i.HAL_PCD_SetAddress  stm32f4xx_hal_pcd.o
    0x0800392e   0x0800392e   0x0000000e   Code   RO         1630    i.HAL_PCD_SetupStageCallback  usbd_conf.o
    0x0800393c   0x0800393c   0x00000042   Code   RO         2143    i.HAL_PCD_Start     stm32f4xx_hal_pcd.o
    0x0800397e   0x0800397e   0x00000002   PAD
    0x08003980   0x08003980   0x00000030   Code   RO         1631    i.HAL_PCD_SuspendCallback  usbd_conf.o
    0x080039b0   0x080039b0   0x00000134   Code   RO         2698    i.HAL_RCC_ClockConfig  stm32f4xx_hal_rcc.o
    0x08003ae4   0x08003ae4   0x0000000c   Code   RO         2703    i.HAL_RCC_GetHCLKFreq  stm32f4xx_hal_rcc.o
    0x08003af0   0x08003af0   0x00000020   Code   RO         2705    i.HAL_RCC_GetPCLK1Freq  stm32f4xx_hal_rcc.o
    0x08003b10   0x08003b10   0x00000020   Code   RO         2706    i.HAL_RCC_GetPCLK2Freq  stm32f4xx_hal_rcc.o
    0x08003b30   0x08003b30   0x00000064   Code   RO         2707    i.HAL_RCC_GetSysClockFreq  stm32f4xx_hal_rcc.o
    0x08003b94   0x08003b94   0x00000358   Code   RO         2710    i.HAL_RCC_OscConfig  stm32f4xx_hal_rcc.o
    0x08003eec   0x08003eec   0x000000bc   Code   RO         4449    i.HAL_SPI_Init      stm32f4xx_hal_spi.o
    0x08003fa8   0x08003fa8   0x00000090   Code   RO         1277    i.HAL_SPI_MspInit   spi.o
    0x08004038   0x08004038   0x00000166   Code   RO         4457    i.HAL_SPI_Transmit  stm32f4xx_hal_spi.o
    0x0800419e   0x0800419e   0x00000028   Code   RO         3525    i.HAL_SYSTICK_Config  stm32f4xx_hal_cortex.o
    0x080041c6   0x080041c6   0x00000002   PAD
    0x080041c8   0x080041c8   0x00000054   Code   RO         1318    i.HAL_TIM_MspPostInit  tim.o
    0x0800421c   0x0800421c   0x000000cc   Code   RO         4834    i.HAL_TIM_PWM_ConfigChannel  stm32f4xx_hal_tim.o
    0x080042e8   0x080042e8   0x0000005a   Code   RO         4837    i.HAL_TIM_PWM_Init  stm32f4xx_hal_tim.o
    0x08004342   0x08004342   0x00000002   PAD
    0x08004344   0x08004344   0x00000028   Code   RO         1320    i.HAL_TIM_PWM_MspInit  tim.o
    0x0800436c   0x0800436c   0x000000d0   Code   RO         4842    i.HAL_TIM_PWM_Start  stm32f4xx_hal_tim.o
    0x0800443c   0x0800443c   0x00000002   Code   RO         5745    i.HAL_UARTEx_RxEventCallback  stm32f4xx_hal_uart.o
    0x0800443e   0x0800443e   0x00000002   PAD
    0x08004440   0x08004440   0x00000020   Code   RO         1380    i.HAL_UART_ErrorCallback  usart.o
    0x08004460   0x08004460   0x00000280   Code   RO         5762    i.HAL_UART_IRQHandler  stm32f4xx_hal_uart.o
    0x080046e0   0x080046e0   0x00000064   Code   RO         5763    i.HAL_UART_Init     stm32f4xx_hal_uart.o
    0x08004744   0x08004744   0x00000110   Code   RO         1382    i.HAL_UART_MspInit  usart.o
    0x08004854   0x08004854   0x0000001c   Code   RO         5768    i.HAL_UART_Receive_IT  stm32f4xx_hal_uart.o
    0x08004870   0x08004870   0x00000020   Code   RO         1383    i.HAL_UART_RxCpltCallback  usart.o
    0x08004890   0x08004890   0x000000a0   Code   RO         5771    i.HAL_UART_Transmit  stm32f4xx_hal_uart.o
    0x08004930   0x08004930   0x00000002   Code   RO         5774    i.HAL_UART_TxCpltCallback  stm32f4xx_hal_uart.o
    0x08004932   0x08004932   0x00000002   PAD
    0x08004934   0x08004934   0x0000004c   Code   RO          342    i.HTMotor_Init      htmotor.o
    0x08004980   0x08004980   0x0000005c   Code   RO          343    i.HTMotor_OnCanRx   htmotor.o
    0x080049dc   0x080049dc   0x000000a8   Code   RO          344    i.HTMotor_Task      htmotor.o
    0x08004a84   0x08004a84   0x0000004c   Code   RO          345    i.HTMotor_UISetPos  htmotor.o
    0x08004ad0   0x08004ad0   0x000000bc   Code   RO          346    i.HTMotor_UISetSpeed  htmotor.o
    0x08004b8c   0x08004b8c   0x000000cc   Code   RO          347    i.HTMotor_UIStart   htmotor.o
    0x08004c58   0x08004c58   0x000000d0   Code   RO          348    i.HTMotor_UIStartPos  htmotor.o
    0x08004d28   0x08004d28   0x00000038   Code   RO          349    i.HTMotor_UIStop    htmotor.o
    0x08004d60   0x08004d60   0x00000024   Code   RO          350    i.HT_OutputDegToMotorRad  htmotor.o
    0x08004d84   0x08004d84   0x00000018   Code   RO          351    i.HT_OutputRpmToMotorRadPerSec  htmotor.o
    0x08004d9c   0x08004d9c   0x00000026   Code   RO          352    i.HT_SlewStep       htmotor.o
    0x08004dc2   0x08004dc2   0x00000002   Code   RO         1986    i.HardFault_Handler  stm32f4xx_it.o
    0x08004dc4   0x08004dc4   0x00000036   Code   RO         1826    i.IntToUnicode      usbd_desc.o
    0x08004dfa   0x08004dfa   0x00000002   PAD
    0x08004dfc   0x08004dfc   0x00000064   Code   RO         1194    i.MX_ADC1_Init      adc.o
    0x08004e60   0x08004e60   0x00000048   Code   RO         1236    i.MX_CAN1_Init      can.o
    0x08004ea8   0x08004ea8   0x00000134   Code   RO         1162    i.MX_GPIO_Init      gpio.o
    0x08004fdc   0x08004fdc   0x00000048   Code   RO         1278    i.MX_SPI1_Init      spi.o
    0x08005024   0x08005024   0x0000005c   Code   RO         1321    i.MX_TIM12_Init     tim.o
    0x08005080   0x08005080   0x00000038   Code   RO         1384    i.MX_UART7_Init     usart.o
    0x080050b8   0x080050b8   0x00000038   Code   RO         1385    i.MX_UART8_Init     usart.o
    0x080050f0   0x080050f0   0x00000038   Code   RO         1386    i.MX_USART6_UART_Init  usart.o
    0x08005128   0x08005128   0x00000054   Code   RO         1588    i.MX_USB_DEVICE_Init  usb_device.o
    0x0800517c   0x0800517c   0x00000002   Code   RO         1987    i.MemManage_Handler  stm32f4xx_it.o
    0x0800517e   0x0800517e   0x00000002   Code   RO         1988    i.NMI_Handler       stm32f4xx_it.o
    0x08005180   0x08005180   0x0000000c   Code   RO         1989    i.OTG_FS_IRQHandler  stm32f4xx_it.o
    0x0800518c   0x0800518c   0x000000cc   Code   RO         2147    i.PCD_EP_OutXfrComplete_int  stm32f4xx_hal_pcd.o
    0x08005258   0x08005258   0x00000098   Code   RO         2148    i.PCD_WriteEmptyTxFifo  stm32f4xx_hal_pcd.o
    0x080052f0   0x080052f0   0x00000002   Code   RO         1990    i.PendSV_Handler    stm32f4xx_it.o
    0x080052f2   0x080052f2   0x00000002   PAD
    0x080052f4   0x080052f4   0x0000006c   Code   RO         4487    i.SPI_EndRxTxTransaction  stm32f4xx_hal_spi.o
    0x08005360   0x08005360   0x000000bc   Code   RO         4492    i.SPI_WaitFlagStateUntilTimeout  stm32f4xx_hal_spi.o
    0x0800541c   0x0800541c   0x00000002   Code   RO         1991    i.SVC_Handler       stm32f4xx_it.o
    0x0800541e   0x0800541e   0x0000000a   Code   RO         6293    i.SWAPBYTE          usbd_ctlreq.o
    0x08005428   0x08005428   0x00000004   Code   RO         1992    i.SysTick_Handler   stm32f4xx_it.o
    0x0800542c   0x0800542c   0x00000090   Code   RO         1073    i.SystemClock_Config  main.o
    0x080054bc   0x080054bc   0x00000054   Code   RO         6097    i.SystemInit        system_stm32f4xx.o
    0x08005510   0x08005510   0x000000d0   Code   RO         4855    i.TIM_Base_SetConfig  stm32f4xx_hal_tim.o
    0x080055e0   0x080055e0   0x0000001a   Code   RO         4856    i.TIM_CCxChannelCmd  stm32f4xx_hal_tim.o
    0x080055fa   0x080055fa   0x00000002   PAD
    0x080055fc   0x080055fc   0x00000060   Code   RO         4868    i.TIM_OC1_SetConfig  stm32f4xx_hal_tim.o
    0x0800565c   0x0800565c   0x0000006c   Code   RO         4869    i.TIM_OC2_SetConfig  stm32f4xx_hal_tim.o
    0x080056c8   0x080056c8   0x00000068   Code   RO         4870    i.TIM_OC3_SetConfig  stm32f4xx_hal_tim.o
    0x08005730   0x08005730   0x00000050   Code   RO         4871    i.TIM_OC4_SetConfig  stm32f4xx_hal_tim.o
    0x08005780   0x08005780   0x0000000c   Code   RO         1993    i.UART8_IRQHandler  stm32f4xx_it.o
    0x0800578c   0x0800578c   0x00000030   Code   RO         1388    i.UART8_RxCpltCallback  usart.o
    0x080057bc   0x080057bc   0x00000014   Code   RO         1389    i.UART8_StartReceiveIT  usart.o
    0x080057d0   0x080057d0   0x0000000e   Code   RO         5776    i.UART_DMAAbortOnError  stm32f4xx_hal_uart.o
    0x080057de   0x080057de   0x0000004e   Code   RO         5786    i.UART_EndRxTransfer  stm32f4xx_hal_uart.o
    0x0800582c   0x0800582c   0x000000c2   Code   RO         5788    i.UART_Receive_IT   stm32f4xx_hal_uart.o
    0x080058ee   0x080058ee   0x00000002   PAD
    0x080058f0   0x080058f0   0x0000010c   Code   RO         5789    i.UART_SetConfig    stm32f4xx_hal_uart.o
    0x080059fc   0x080059fc   0x00000036   Code   RO         5791    i.UART_Start_Receive_IT  stm32f4xx_hal_uart.o
    0x08005a32   0x08005a32   0x00000070   Code   RO         5792    i.UART_WaitOnFlagUntilTimeout  stm32f4xx_hal_uart.o
    0x08005aa2   0x08005aa2   0x00000002   PAD
    0x08005aa4   0x08005aa4   0x00000010   Code   RO          459    i.UI_ApplySetting   ui.o
    0x08005ab4   0x08005ab4   0x0000002c   Code   RO          461    i.UI_Init           ui.o
    0x08005ae0   0x08005ae0   0x00000070   Code   RO          462    i.UI_OnKeyEvent     ui.o
    0x08005b50   0x08005b50   0x00000118   Code   RO          463    i.UI_Render         ui.o
    0x08005c68   0x08005c68   0x0000000c   Code   RO          464    i.UI_RequestRedraw  ui.o
    0x08005c74   0x08005c74   0x00000050   Code   RO          466    i.UI_Task           ui.o
    0x08005cc4   0x08005cc4   0x00000010   Code   RO         1390    i.USART6_ErrorCallback  usart.o
    0x08005cd4   0x08005cd4   0x0000000c   Code   RO         1994    i.USART6_IRQHandler  stm32f4xx_it.o
    0x08005ce0   0x08005ce0   0x00000034   Code   RO         1391    i.USART6_RxCpltCallback  usart.o
    0x08005d14   0x08005d14   0x00000014   Code   RO         1392    i.USART6_StartReceiveIT  usart.o
    0x08005d28   0x08005d28   0x0000000c   Code   RO         1393    i.USART_NextIndex   usart.o
    0x08005d34   0x08005d34   0x00000076   Code   RO         6431    i.USBD_CDC_DataIn   usbd_cdc.o
    0x08005daa   0x08005daa   0x0000003c   Code   RO         6432    i.USBD_CDC_DataOut  usbd_cdc.o
    0x08005de6   0x08005de6   0x00000002   PAD
    0x08005de8   0x08005de8   0x00000094   Code   RO         6433    i.USBD_CDC_DeInit   usbd_cdc.o
    0x08005e7c   0x08005e7c   0x00000036   Code   RO         6434    i.USBD_CDC_EP0_RxReady  usbd_cdc.o
    0x08005eb2   0x08005eb2   0x00000002   PAD
    0x08005eb4   0x08005eb4   0x0000000c   Code   RO         6435    i.USBD_CDC_GetDeviceQualifierDescriptor  usbd_cdc.o
    0x08005ec0   0x08005ec0   0x0000003c   Code   RO         6436    i.USBD_CDC_GetFSCfgDesc  usbd_cdc.o
    0x08005efc   0x08005efc   0x00000040   Code   RO         6437    i.USBD_CDC_GetHSCfgDesc  usbd_cdc.o
    0x08005f3c   0x08005f3c   0x0000003c   Code   RO         6438    i.USBD_CDC_GetOtherSpeedCfgDesc  usbd_cdc.o
    0x08005f78   0x08005f78   0x00000120   Code   RO         6439    i.USBD_CDC_Init     usbd_cdc.o
    0x08006098   0x08006098   0x00000038   Code   RO         6440    i.USBD_CDC_ReceivePacket  usbd_cdc.o
    0x080060d0   0x080060d0   0x00000016   Code   RO         6441    i.USBD_CDC_RegisterInterface  usbd_cdc.o
    0x080060e6   0x080060e6   0x0000001a   Code   RO         6442    i.USBD_CDC_SetRxBuffer  usbd_cdc.o
    0x08006100   0x08006100   0x0000001e   Code   RO         6443    i.USBD_CDC_SetTxBuffer  usbd_cdc.o
    0x0800611e   0x0800611e   0x000000d4   Code   RO         6444    i.USBD_CDC_Setup    usbd_cdc.o
    0x080061f2   0x080061f2   0x00000002   PAD
    0x080061f4   0x080061f4   0x00000050   Code   RO         6445    i.USBD_CDC_TransmitPacket  usbd_cdc.o
    0x08006244   0x08006244   0x00000014   Code   RO         6134    i.USBD_ClrClassConfig  usbd_core.o
    0x08006258   0x08006258   0x00000004   Code   RO         6135    i.USBD_CoreFindEP   usbd_core.o
    0x0800625c   0x0800625c   0x00000004   Code   RO         6136    i.USBD_CoreFindIF   usbd_core.o
    0x08006260   0x08006260   0x00000010   Code   RO         6371    i.USBD_CtlContinueRx  usbd_ioreq.o
    0x08006270   0x08006270   0x00000010   Code   RO         6372    i.USBD_CtlContinueSendData  usbd_ioreq.o
    0x08006280   0x08006280   0x00000016   Code   RO         6294    i.USBD_CtlError     usbd_ctlreq.o
    0x08006296   0x08006296   0x00000022   Code   RO         6373    i.USBD_CtlPrepareRx  usbd_ioreq.o
    0x080062b8   0x080062b8   0x00000016   Code   RO         6374    i.USBD_CtlReceiveStatus  usbd_ioreq.o
    0x080062ce   0x080062ce   0x0000001c   Code   RO         6375    i.USBD_CtlSendData  usbd_ioreq.o
    0x080062ea   0x080062ea   0x00000016   Code   RO         6376    i.USBD_CtlSendStatus  usbd_ioreq.o
    0x08006300   0x08006300   0x00000020   Code   RO         1827    i.USBD_FS_ConfigStrDescriptor  usbd_desc.o
    0x08006320   0x08006320   0x0000000c   Code   RO         1828    i.USBD_FS_DeviceDescriptor  usbd_desc.o
    0x0800632c   0x0800632c   0x00000024   Code   RO         1829    i.USBD_FS_InterfaceStrDescriptor  usbd_desc.o
    0x08006350   0x08006350   0x0000000c   Code   RO         1830    i.USBD_FS_LangIDStrDescriptor  usbd_desc.o
    0x0800635c   0x0800635c   0x00000028   Code   RO         1831    i.USBD_FS_ManufacturerStrDescriptor  usbd_desc.o
    0x08006384   0x08006384   0x0000002c   Code   RO         1832    i.USBD_FS_ProductStrDescriptor  usbd_desc.o
    0x080063b0   0x080063b0   0x00000038   Code   RO         1833    i.USBD_FS_SerialStrDescriptor  usbd_desc.o
    0x080063e8   0x080063e8   0x000000e6   Code   RO         6295    i.USBD_GetDescriptor  usbd_ctlreq.o
    0x080064ce   0x080064ce   0x0000003a   Code   RO         6138    i.USBD_GetEpDesc    usbd_core.o
    0x08006508   0x08006508   0x00000014   Code   RO         6296    i.USBD_GetLen       usbd_ctlreq.o
    0x0800651c   0x0800651c   0x0000000e   Code   RO         6139    i.USBD_GetNextDesc  usbd_core.o
    0x0800652a   0x0800652a   0x0000004e   Code   RO         6297    i.USBD_GetString    usbd_ctlreq.o
    0x08006578   0x08006578   0x00000018   Code   RO         1632    i.USBD_Get_USB_Status  usbd_conf.o
    0x08006590   0x08006590   0x00000026   Code   RO         6140    i.USBD_Init         usbd_core.o
    0x080065b6   0x080065b6   0x00000012   Code   RO         1633    i.USBD_LL_ClearStallEP  usbd_conf.o
    0x080065c8   0x080065c8   0x00000012   Code   RO         1634    i.USBD_LL_CloseEP   usbd_conf.o
    0x080065da   0x080065da   0x000000b8   Code   RO         6141    i.USBD_LL_DataInStage  usbd_core.o
    0x08006692   0x08006692   0x00000094   Code   RO         6142    i.USBD_LL_DataOutStage  usbd_core.o
    0x08006726   0x08006726   0x00000004   Code   RO         6143    i.USBD_LL_DevConnected  usbd_core.o
    0x0800672a   0x0800672a   0x0000001e   Code   RO         6144    i.USBD_LL_DevDisconnected  usbd_core.o
    0x08006748   0x08006748   0x00000008   Code   RO         1638    i.USBD_LL_GetRxDataSize  usbd_conf.o
    0x08006750   0x08006750   0x00000060   Code   RO         1639    i.USBD_LL_Init      usbd_conf.o
    0x080067b0   0x080067b0   0x0000001e   Code   RO         1640    i.USBD_LL_IsStallEP  usbd_conf.o
    0x080067ce   0x080067ce   0x00000028   Code   RO         6145    i.USBD_LL_IsoINIncomplete  usbd_core.o
    0x080067f6   0x080067f6   0x00000028   Code   RO         6146    i.USBD_LL_IsoOUTIncomplete  usbd_core.o
    0x0800681e   0x0800681e   0x00000018   Code   RO         1641    i.USBD_LL_OpenEP    usbd_conf.o
    0x08006836   0x08006836   0x00000012   Code   RO         1642    i.USBD_LL_PrepareReceive  usbd_conf.o
    0x08006848   0x08006848   0x0000005e   Code   RO         6147    i.USBD_LL_Reset     usbd_core.o
    0x080068a6   0x080068a6   0x00000014   Code   RO         6148    i.USBD_LL_Resume    usbd_core.o
    0x080068ba   0x080068ba   0x0000001a   Code   RO         6149    i.USBD_LL_SOF       usbd_core.o
    0x080068d4   0x080068d4   0x00000006   Code   RO         6150    i.USBD_LL_SetSpeed  usbd_core.o
    0x080068da   0x080068da   0x00000012   Code   RO         1643    i.USBD_LL_SetUSBAddress  usbd_conf.o
    0x080068ec   0x080068ec   0x00000060   Code   RO         6151    i.USBD_LL_SetupStage  usbd_core.o
    0x0800694c   0x0800694c   0x00000012   Code   RO         1644    i.USBD_LL_StallEP   usbd_conf.o
    0x0800695e   0x0800695e   0x00000012   Code   RO         1645    i.USBD_LL_Start     usbd_conf.o
    0x08006970   0x08006970   0x0000001a   Code   RO         6152    i.USBD_LL_Suspend   usbd_core.o
    0x0800698a   0x0800698a   0x00000012   Code   RO         1647    i.USBD_LL_Transmit  usbd_conf.o
    0x0800699c   0x0800699c   0x00000030   Code   RO         6298    i.USBD_ParseSetupRequest  usbd_ctlreq.o
    0x080069cc   0x080069cc   0x0000003a   Code   RO         6153    i.USBD_RegisterClass  usbd_core.o
    0x08006a06   0x08006a06   0x00000014   Code   RO         6155    i.USBD_SetClassConfig  usbd_core.o
    0x08006a1a   0x08006a1a   0x00000002   PAD
    0x08006a1c   0x08006a1c   0x000000b8   Code   RO         6299    i.USBD_SetConfig    usbd_ctlreq.o
    0x08006ad4   0x08006ad4   0x00000004   Code   RO         6156    i.USBD_Start        usbd_core.o
    0x08006ad8   0x08006ad8   0x0000012c   Code   RO         6300    i.USBD_StdDevReq    usbd_ctlreq.o
    0x08006c04   0x08006c04   0x00000166   Code   RO         6301    i.USBD_StdEPReq     usbd_ctlreq.o
    0x08006d6a   0x08006d6a   0x00000072   Code   RO         6302    i.USBD_StdItfReq    usbd_ctlreq.o
    0x08006ddc   0x08006ddc   0x00000002   Code   RO         1648    i.USBD_static_free  usbd_conf.o
    0x08006dde   0x08006dde   0x00000002   PAD
    0x08006de0   0x08006de0   0x00000008   Code   RO         1649    i.USBD_static_malloc  usbd_conf.o
    0x08006de8   0x08006de8   0x00000080   Code   RO         2393    i.USB_ActivateEndpoint  stm32f4xx_ll_usb.o
    0x08006e68   0x08006e68   0x0000001c   Code   RO         2395    i.USB_ActivateSetup  stm32f4xx_ll_usb.o
    0x08006e84   0x08006e84   0x00000084   Code   RO         2397    i.USB_CoreInit      stm32f4xx_ll_usb.o
    0x08006f08   0x08006f08   0x00000044   Code   RO         2398    i.USB_CoreReset     stm32f4xx_ll_usb.o
    0x08006f4c   0x08006f4c   0x000000d0   Code   RO         2401    i.USB_DeactivateEndpoint  stm32f4xx_ll_usb.o
    0x0800701c   0x0800701c   0x0000001c   Code   RO         2402    i.USB_DevConnect    stm32f4xx_ll_usb.o
    0x08007038   0x08007038   0x0000001c   Code   RO         2403    i.USB_DevDisconnect  stm32f4xx_ll_usb.o
    0x08007054   0x08007054   0x00000170   Code   RO         2404    i.USB_DevInit       stm32f4xx_ll_usb.o
    0x080071c4   0x080071c4   0x0000000c   Code   RO         2405    i.USB_DisableGlobalInt  stm32f4xx_ll_usb.o
    0x080071d0   0x080071d0   0x00000058   Code   RO         2408    i.USB_EP0_OutStart  stm32f4xx_ll_usb.o
    0x08007228   0x08007228   0x00000058   Code   RO         2409    i.USB_EPClearStall  stm32f4xx_ll_usb.o
    0x08007280   0x08007280   0x00000058   Code   RO         2410    i.USB_EPSetStall    stm32f4xx_ll_usb.o
    0x080072d8   0x080072d8   0x00000238   Code   RO         2411    i.USB_EPStartXfer   stm32f4xx_ll_usb.o
    0x08007510   0x08007510   0x0000009c   Code   RO         2412    i.USB_EPStopXfer    stm32f4xx_ll_usb.o
    0x080075ac   0x080075ac   0x0000000c   Code   RO         2413    i.USB_EnableGlobalInt  stm32f4xx_ll_usb.o
    0x080075b8   0x080075b8   0x00000038   Code   RO         2414    i.USB_FlushRxFifo   stm32f4xx_ll_usb.o
    0x080075f0   0x080075f0   0x0000003c   Code   RO         2415    i.USB_FlushTxFifo   stm32f4xx_ll_usb.o
    0x0800762c   0x0800762c   0x0000001a   Code   RO         2417    i.USB_GetDevSpeed   stm32f4xx_ll_usb.o
    0x08007646   0x08007646   0x00000008   Code   RO         2419    i.USB_GetMode       stm32f4xx_ll_usb.o
    0x0800764e   0x0800764e   0x0000000e   Code   RO         2427    i.USB_ReadDevAllInEpInterrupt  stm32f4xx_ll_usb.o
    0x0800765c   0x0800765c   0x0000000e   Code   RO         2428    i.USB_ReadDevAllOutEpInterrupt  stm32f4xx_ll_usb.o
    0x0800766a   0x0800766a   0x00000024   Code   RO         2429    i.USB_ReadDevInEPInterrupt  stm32f4xx_ll_usb.o
    0x0800768e   0x0800768e   0x00000010   Code   RO         2430    i.USB_ReadDevOutEPInterrupt  stm32f4xx_ll_usb.o
    0x0800769e   0x0800769e   0x00000008   Code   RO         2431    i.USB_ReadInterrupts  stm32f4xx_ll_usb.o
    0x080076a6   0x080076a6   0x0000003e   Code   RO         2432    i.USB_ReadPacket    stm32f4xx_ll_usb.o
    0x080076e4   0x080076e4   0x0000005c   Code   RO         2434    i.USB_SetCurrentMode  stm32f4xx_ll_usb.o
    0x08007740   0x08007740   0x00000022   Code   RO         2435    i.USB_SetDevAddress  stm32f4xx_ll_usb.o
    0x08007762   0x08007762   0x00000002   PAD
    0x08007764   0x08007764   0x000000e8   Code   RO         2437    i.USB_SetTurnaroundTime  stm32f4xx_ll_usb.o
    0x0800784c   0x0800784c   0x00000014   Code   RO         1394    i.USB_UART8_BridgeInit  usart.o
    0x08007860   0x08007860   0x00000078   Code   RO         1395    i.USB_UART8_BridgeTask  usart.o
    0x080078d8   0x080078d8   0x0000001c   Code   RO         1396    i.USB_UART8_OnUsbReceive  usart.o
    0x080078f4   0x080078f4   0x00000026   Code   RO         2440    i.USB_WritePacket   stm32f4xx_ll_usb.o
    0x0800791a   0x0800791a   0x00000002   Code   RO         1995    i.UsageFault_Handler  stm32f4xx_it.o
    0x0800791c   0x0800791c   0x00000030   Code   RO         6977    i.__ARM_fpclassify  m_wm.l(fpclassify.o)
    0x0800794c   0x0800794c   0x00000020   Code   RO         3527    i.__NVIC_SetPriority  stm32f4xx_hal_cortex.o
    0x0800796c   0x0800796c   0x0000000e   Code   RO         6800    i._is_digit         c_w.l(__printf_wp.o)
    0x0800797a   0x0800797a   0x0000003a   Code   RO         6664    i.can_user_init     bsp_can.o
    0x080079b4   0x080079b4   0x00000020   Code   RO          353    i.clampf            htmotor.o
    0x080079d4   0x080079d4   0x00000042   Code   RO          354    i.float_to_uint     htmotor.o
    0x08007a16   0x08007a16   0x00000002   PAD
    0x08007a18   0x08007a18   0x000000d8   Code   RO          355    i.ht_send_cmd       htmotor.o
    0x08007af0   0x08007af0   0x00000034   Code   RO          356    i.ht_send_raw       htmotor.o
    0x08007b24   0x08007b24   0x00000024   Code   RO          357    i.ht_send_special   htmotor.o
    0x08007b48   0x08007b48   0x00000024   Code   RO         1163    i.led_off           gpio.o
    0x08007b6c   0x08007b6c   0x00000144   Code   RO         1074    i.main              main.o
    0x08007cb0   0x08007cb0   0x00000010   Code   RO         1075    i.motor_set_pos     main.o
    0x08007cc0   0x08007cc0   0x00000010   Code   RO         1076    i.motor_set_speed   main.o
    0x08007cd0   0x08007cd0   0x00000010   Code   RO         1077    i.motor_start       main.o
    0x08007ce0   0x08007ce0   0x00000010   Code   RO         1078    i.motor_start_pos   main.o
    0x08007cf0   0x08007cf0   0x00000010   Code   RO         1079    i.motor_stop        main.o
    0x08007d00   0x08007d00   0x00000060   Code   RO         6538    i.oled_LOGO         oled.o
    0x08007d60   0x08007d60   0x00000040   Code   RO         6539    i.oled_clear        oled.o
    0x08007da0   0x08007da0   0x00000048   Code   RO         6543    i.oled_drawpoint    oled.o
    0x08007de8   0x08007de8   0x00000124   Code   RO         6544    i.oled_init         oled.o
    0x08007f0c   0x08007f0c   0x00000034   Code   RO         6546    i.oled_refresh_gram  oled.o
    0x08007f40   0x08007f40   0x00000018   Code   RO         1080    i.oled_set_contrast  main.o
    0x08007f58   0x08007f58   0x0000002a   Code   RO         6547    i.oled_set_pos      oled.o
    0x08007f82   0x08007f82   0x00000002   PAD
    0x08007f84   0x08007f84   0x00000078   Code   RO         6548    i.oled_showchar     oled.o
    0x08007ffc   0x08007ffc   0x0000002e   Code   RO         6550    i.oled_showstring   oled.o
    0x0800802a   0x0800802a   0x00000002   PAD
    0x0800802c   0x0800802c   0x0000002c   Code   RO         6551    i.oled_write_byte   oled.o
    0x08008058   0x08008058   0x000000a6   Code   RO         6703    i.pid_calc          pid.o
    0x080080fe   0x080080fe   0x00000006   Code   RO         6704    i.pid_init          pid.o
    0x08008104   0x08008104   0x0000005c   Code   RO         6665    i.set_motor_voltage  bsp_can.o
    0x08008160   0x08008160   0x0000002c   Code   RO         6973    locale$$code        c_w.l(lc_numeric_c.o)
    0x0800818c   0x0800818c   0x0000000c   Code   RO         6901    x$fpl$dretinf       fz_wm.l(dretinf.o)
    0x08008198   0x08008198   0x00000056   Code   RO         6823    x$fpl$f2d           fz_wm.l(f2d.o)
    0x080081ee   0x080081ee   0x0000008c   Code   RO         6903    x$fpl$fnaninf       fz_wm.l(fnaninf.o)
    0x0800827a   0x0800827a   0x0000000a   Code   RO         7058    x$fpl$fpinit        fz_wm.l(fpinit.o)
    0x08008284   0x08008284   0x00000004   Code   RO         6825    x$fpl$printf1       fz_wm.l(printf1.o)
    0x08008288   0x08008288   0x00000000   Code   RO         6911    x$fpl$usenofp       fz_wm.l(usenofp.o)
    0x08008288   0x08008288   0x00000010   Data   RO         6098    .constdata          system_stm32f4xx.o
    0x08008298   0x08008298   0x00000008   Data   RO         6099    .constdata          system_stm32f4xx.o
    0x080082a0   0x080082a0   0x00000874   Data   RO         6553    .constdata          oled.o
    0x08008b14   0x08008b14   0x00000011   Data   RO         6808    .constdata          c_w.l(__printf_flags_ss_wp.o)
    0x08008b25   0x08008b25   0x00000003   PAD
    0x08008b28   0x08008b28   0x00000094   Data   RO         6946    .constdata          c_w.l(bigflt0.o)
    0x08008bbc   0x08008bbc   0x00000020   Data   RO         7129    Region$$Table       anon$$obj.o
    0x08008bdc   0x08008bdc   0x0000001c   Data   RO         6972    locale$$data        c_w.l(lc_numeric_c.o)


    Execution Region RW_IRAM2 (Exec base: 0x10000000, Load base: 0x08008cc4, Size: 0x00000000, Max: 0x00010000, ABSOLUTE)

    **** No section assigned to this execution region ****


    Execution Region RW_IRAM1 (Exec base: 0x20000000, Load base: 0x08008bf8, Size: 0x00003588, Max: 0x00030000, ABSOLUTE, COMPRESSED[0x000000cc])

    Exec Addr    Load Addr    Size         Type   Attr      Idx    E Section Name        Object

    0x20000000   COMPRESSED   0x0000000c   Data   RW          196    .data               buzzer.o
    0x2000000c   COMPRESSED   0x00000018   Data   RW          249    .data               gm6020.o
    0x20000024   COMPRESSED   0x0000002c   Data   RW          359    .data               htmotor.o
    0x20000050   COMPRESSED   0x00000010   Data   RW          467    .data               ui.o
    0x20000060   COMPRESSED   0x00000004   Data   RW         1081    .data               main.o
    0x20000064   COMPRESSED   0x00000030   Data   RW         1398    .data               usart.o
    0x20000094   COMPRESSED   0x0000001c   Data   RW         1835    .data               usbd_desc.o
    0x200000b0   COMPRESSED   0x00000032   Data   RW         1836    .data               usbd_desc.o
    0x200000e2   COMPRESSED   0x00000002   Data   RW         1921    .data               usbd_cdc_if.o
    0x200000e4   COMPRESSED   0x00000014   Data   RW         1922    .data               usbd_cdc_if.o
    0x200000f8   COMPRESSED   0x0000000c   Data   RW         3688    .data               stm32f4xx_hal.o
    0x20000104   COMPRESSED   0x00000004   Data   RW         6100    .data               system_stm32f4xx.o
    0x20000108   COMPRESSED   0x00000001   Data   RW         6303    .data               usbd_ctlreq.o
    0x20000109   COMPRESSED   0x00000003   PAD
    0x2000010c   COMPRESSED   0x00000053   Data   RW         6446    .data               usbd_cdc.o
    0x2000015f   COMPRESSED   0x00000001   PAD
    0x20000160   COMPRESSED   0x00000038   Data   RW         6447    .data               usbd_cdc.o
    0x20000198   COMPRESSED   0x00000002   Data   RW         6667    .data               bsp_can.o
    0x2000019a   COMPRESSED   0x00000008   Data   RW         6737    .data               button_ad.o
    0x200001a2   COMPRESSED   0x00000002   PAD
    0x200001a4        -       0x00000068   Zero   RW          248    .bss                gm6020.o
    0x2000020c        -       0x0000000c   Zero   RW          358    .bss                htmotor.o
    0x20000218        -       0x000008d4   Zero   RW          747    .bss                emm_v5.o
    0x20000aec        -       0x00000048   Zero   RW         1195    .bss                adc.o
    0x20000b34        -       0x00000028   Zero   RW         1237    .bss                can.o
    0x20000b5c        -       0x00000058   Zero   RW         1279    .bss                spi.o
    0x20000bb4        -       0x00000048   Zero   RW         1322    .bss                tim.o
    0x20000bfc        -       0x000002f8   Zero   RW         1397    .bss                usart.o
    0x20000ef4        -       0x000002dc   Zero   RW         1589    .bss                usb_device.o
    0x200011d0        -       0x00000704   Zero   RW         1650    .bss                usbd_conf.o
    0x200018d4        -       0x00000200   Zero   RW         1834    .bss                usbd_desc.o
    0x20001ad4        -       0x00001000   Zero   RW         1920    .bss                usbd_cdc_if.o
    0x20002ad4        -       0x00000400   Zero   RW         6552    .bss                oled.o
    0x20002ed4        -       0x00000054   Zero   RW         6666    .bss                bsp_can.o
    0x20002f28        -       0x00000060   Zero   RW         6980    .bss                c_w.l(libspace.o)
    0x20002f88        -       0x00000200   Zero   RW            2    HEAP                startup_stm32f427xx.o
    0x20003188        -       0x00000400   Zero   RW            1    STACK               startup_stm32f427xx.o


==============================================================================

Image component sizes


      Code (inc. data)   RO Data    RW Data    ZI Data      Debug   Object Name

       196         24          0          0         72       1725   adc.o
         0          0          0          0          0     782320   bad_apple.o
       294         22          0          2         84       2829   bsp_can.o
       256         14          0          8          0       2418   button_ad.o
       116         16          0         12          0       2098   buzzer.o
       208         24          0          0         40       1733   can.o
       244         46          0          0       2260      24746   emm_v5.o
       678         94          0         24        104       8744   gm6020.o
       344         32          0          0          0       1605   gpio.o
      1568        224          0         44         12      12940   htmotor.o
       574         48          0          4          0      11712   main.o
       828         38       2164          0       1024       6875   oled.o
       172          0          0          0          0       1702   pid.o
       216         26          0          0         88       1765   spi.o
        64         26        428          0       1536        860   startup_stm32f427xx.o
       180         28          0         12          0      10101   stm32f4xx_hal.o
      1224         58          0          0          0       6541   stm32f4xx_hal_adc.o
      1656          6          0          0          0      16055   stm32f4xx_hal_can.o
       198         14          0          0          0      34427   stm32f4xx_hal_cortex.o
       182          0          0          0          0       2363   stm32f4xx_hal_dma.o
       528         54          0          0          0       4016   stm32f4xx_hal_gpio.o
        48          6          0          0          0        862   stm32f4xx_hal_msp.o
      2548         16          0          0          0      14976   stm32f4xx_hal_pcd.o
        78          0          0          0          0       2821   stm32f4xx_hal_pcd_ex.o
      1340         82          0          0          0       6424   stm32f4xx_hal_rcc.o
       842         16          0          0          0       5002   stm32f4xx_hal_spi.o
      1124        110          0          0          0       9622   stm32f4xx_hal_tim.o
      1652         14          0          0          0      11899   stm32f4xx_hal_uart.o
        80         30          0          0          0       6604   stm32f4xx_it.o
      2696        116          0          0          0      25536   stm32f4xx_ll_usb.o
        84         18         24          4          0       1263   system_stm32f4xx.o
       216         32          0          0         72       2305   tim.o
       544        126          0         16          0       4407   ui.o
      1448        208          0         48        760      19691   usart.o
        84         18          0          0        732        808   usb_device.o
      1290         38          0        139          0      15805   usbd_cdc.o
       140         24          0         22       4096       4184   usbd_cdc_if.o
       642         24          0          0       1796      16688   usbd_conf.o
       934          0          0          0          0      17155   usbd_core.o
      1364         28          0          1          0      16380   usbd_ctlreq.o
       286        104          0         78        512       6257   usbd_desc.o
       138          0          0          0          0       5068   usbd_ioreq.o

    ----------------------------------------------------------------------
     27358       1804       2648        420      13188    1131332   Object Totals
         0          0         32          0          0          0   (incl. Generated)
        54          0          0          6          0          0   (incl. Padding)

    ----------------------------------------------------------------------

      Code (inc. data)   RO Data    RW Data    ZI Data      Debug   Library Member Name

        56          6          0          0          0         88   __2snprintf.o
        90          0          0          0          0          0   __dczerorl2.o
         8          0          0          0          0         68   __main.o
       392          4         17          0          0         92   __printf_flags_ss_wp.o
        14          0          0          0          0         68   __printf_wp.o
         0          0          0          0          0          0   __rtentry.o
        12          0          0          0          0          0   __rtentry2.o
         6          0          0          0          0          0   __rtentry4.o
        52          8          0          0          0          0   __scatter.o
        28          0          0          0          0          0   __scatter_zi.o
        44          0          0          0          0        108   _printf_char.o
        48          6          0          0          0         96   _printf_char_common.o
         6          0          0          0          0          0   _printf_d.o
       120         16          0          0          0         92   _printf_dec.o
         6          0          0          0          0          0   _printf_f.o
      1054          0          0          0          0        216   _printf_fp_dec.o
       128         16          0          0          0         84   _printf_fp_infnan.o
       178          0          0          0          0         88   _printf_intcommon.o
         0          0          0          0          0          0   _printf_percent.o
         4          0          0          0          0          0   _printf_percent_end.o
         6          0          0          0          0          0   _printf_s.o
        82          0          0          0          0         80   _printf_str.o
        16          0          0          0          0         68   _snputc.o
        10          0          0          0          0         68   _sputc.o
       228          4        148          0          0         96   bigflt0.o
      1936        128          0          0          0        672   btod.o
        18          0          0          0          0         80   exit.o
         6          0          0          0          0        152   heapauxi.o
         0          0          0          0          0          0   indicate_semi.o
        44         10         28          0          0         76   lc_numeric_c.o
         2          0          0          0          0          0   libinit.o
        22          0          0          0          0          0   libinit2.o
         2          0          0          0          0          0   libshutdown.o
         2          0          0          0          0          0   libshutdown2.o
         8          4          0          0         96         68   libspace.o
       138          0          0          0          0         80   lludiv10.o
       238          0          0          0          0        100   lludivv7m.o
         8          4          0          0          0         68   rt_locale_intlibspace.o
        78          0          0          0          0         80   rt_memclr_w.o
         2          0          0          0          0          0   rtexit.o
        10          0          0          0          0          0   rtexit2.o
       128          0          0          0          0         68   strcmpv7m.o
        12          4          0          0          0         68   sys_exit.o
        74          0          0          0          0         80   sys_stackheap_outer.o
         2          0          0          0          0         68   use_no_semi.o
        12          0          0          0          0        116   dretinf.o
        86          4          0          0          0        132   f2d.o
       140          4          0          0          0        132   fnaninf.o
        10          0          0          0          0        116   fpinit.o
         4          0          0          0          0        116   printf1.o
         0          0          0          0          0          0   usenofp.o
        48          0          0          0          0        124   fpclassify.o

    ----------------------------------------------------------------------
      5630        218        196          0         96       3708   Library Totals
        12          0          3          0          0          0   (incl. Padding)

    ----------------------------------------------------------------------

      Code (inc. data)   RO Data    RW Data    ZI Data      Debug   Library Name

      5318        210        193          0         96       2972   c_w.l
       252          8          0          0          0        612   fz_wm.l
        48          0          0          0          0        124   m_wm.l

    ----------------------------------------------------------------------
      5630        218        196          0         96       3708   Library Totals

    ----------------------------------------------------------------------

==============================================================================


      Code (inc. data)   RO Data    RW Data    ZI Data      Debug   

     32988       2022       2844        420      13284    1101428   Grand Totals
     32988       2022       2844        204      13284    1101428   ELF Image Totals (compressed)
     32988       2022       2844        204          0          0   ROM Totals

==============================================================================

    Total RO  Size (Code + RO Data)                35832 (  34.99kB)
    Total RW  Size (RW Data + ZI Data)             13704 (  13.38kB)
    Total ROM Size (Code + RO Data + RW Data)      36036 (  35.19kB)

==============================================================================

